Archive member included to satisfy reference by file (symbol)

/home/bartek/.eclipse/org.eclipse.platform_4.7.3_155965261_linux_gtk_x86_64/plugins/fr.ac6.mcu.externaltools.arm-none.linux64_1.15.0.201708311556/tools/compiler/bin/../lib/gcc/arm-none-eabi/6.3.1/../../../../arm-none-eabi/lib/thumb/v7e-m/fpv4-sp/hard/libm.a(lib_a-w_sqrt.o)
                              Src/MadgwickAHRS.o (sqrt)
/home/bartek/.eclipse/org.eclipse.platform_4.7.3_155965261_linux_gtk_x86_64/plugins/fr.ac6.mcu.externaltools.arm-none.linux64_1.15.0.201708311556/tools/compiler/bin/../lib/gcc/arm-none-eabi/6.3.1/../../../../arm-none-eabi/lib/thumb/v7e-m/fpv4-sp/hard/libm.a(lib_a-wf_asin.o)
                              Src/I2CTask.o (asinf)
/home/bartek/.eclipse/org.eclipse.platform_4.7.3_155965261_linux_gtk_x86_64/plugins/fr.ac6.mcu.externaltools.arm-none.linux64_1.15.0.201708311556/tools/compiler/bin/../lib/gcc/arm-none-eabi/6.3.1/../../../../arm-none-eabi/lib/thumb/v7e-m/fpv4-sp/hard/libm.a(lib_a-wf_atan2.o)
                              Src/I2CTask.o (atan2f)
/home/bartek/.eclipse/org.eclipse.platform_4.7.3_155965261_linux_gtk_x86_64/plugins/fr.ac6.mcu.externaltools.arm-none.linux64_1.15.0.201708311556/tools/compiler/bin/../lib/gcc/arm-none-eabi/6.3.1/../../../../arm-none-eabi/lib/thumb/v7e-m/fpv4-sp/hard/libm.a(lib_a-e_sqrt.o)
                              /home/bartek/.eclipse/org.eclipse.platform_4.7.3_155965261_linux_gtk_x86_64/plugins/fr.ac6.mcu.externaltools.arm-none.linux64_1.15.0.201708311556/tools/compiler/bin/../lib/gcc/arm-none-eabi/6.3.1/../../../../arm-none-eabi/lib/thumb/v7e-m/fpv4-sp/hard/libm.a(lib_a-w_sqrt.o) (__ieee754_sqrt)
/home/bartek/.eclipse/org.eclipse.platform_4.7.3_155965261_linux_gtk_x86_64/plugins/fr.ac6.mcu.externaltools.arm-none.linux64_1.15.0.201708311556/tools/compiler/bin/../lib/gcc/arm-none-eabi/6.3.1/../../../../arm-none-eabi/lib/thumb/v7e-m/fpv4-sp/hard/libm.a(lib_a-ef_asin.o)
                              /home/bartek/.eclipse/org.eclipse.platform_4.7.3_155965261_linux_gtk_x86_64/plugins/fr.ac6.mcu.externaltools.arm-none.linux64_1.15.0.201708311556/tools/compiler/bin/../lib/gcc/arm-none-eabi/6.3.1/../../../../arm-none-eabi/lib/thumb/v7e-m/fpv4-sp/hard/libm.a(lib_a-wf_asin.o) (__ieee754_asinf)
/home/bartek/.eclipse/org.eclipse.platform_4.7.3_155965261_linux_gtk_x86_64/plugins/fr.ac6.mcu.externaltools.arm-none.linux64_1.15.0.201708311556/tools/compiler/bin/../lib/gcc/arm-none-eabi/6.3.1/../../../../arm-none-eabi/lib/thumb/v7e-m/fpv4-sp/hard/libm.a(lib_a-ef_atan2.o)
                              /home/bartek/.eclipse/org.eclipse.platform_4.7.3_155965261_linux_gtk_x86_64/plugins/fr.ac6.mcu.externaltools.arm-none.linux64_1.15.0.201708311556/tools/compiler/bin/../lib/gcc/arm-none-eabi/6.3.1/../../../../arm-none-eabi/lib/thumb/v7e-m/fpv4-sp/hard/libm.a(lib_a-wf_atan2.o) (__ieee754_atan2f)
/home/bartek/.eclipse/org.eclipse.platform_4.7.3_155965261_linux_gtk_x86_64/plugins/fr.ac6.mcu.externaltools.arm-none.linux64_1.15.0.201708311556/tools/compiler/bin/../lib/gcc/arm-none-eabi/6.3.1/../../../../arm-none-eabi/lib/thumb/v7e-m/fpv4-sp/hard/libm.a(lib_a-ef_sqrt.o)
                              /home/bartek/.eclipse/org.eclipse.platform_4.7.3_155965261_linux_gtk_x86_64/plugins/fr.ac6.mcu.externaltools.arm-none.linux64_1.15.0.201708311556/tools/compiler/bin/../lib/gcc/arm-none-eabi/6.3.1/../../../../arm-none-eabi/lib/thumb/v7e-m/fpv4-sp/hard/libm.a(lib_a-ef_asin.o) (__ieee754_sqrtf)
/home/bartek/.eclipse/org.eclipse.platform_4.7.3_155965261_linux_gtk_x86_64/plugins/fr.ac6.mcu.externaltools.arm-none.linux64_1.15.0.201708311556/tools/compiler/bin/../lib/gcc/arm-none-eabi/6.3.1/../../../../arm-none-eabi/lib/thumb/v7e-m/fpv4-sp/hard/libm.a(lib_a-s_lib_ver.o)
                              /home/bartek/.eclipse/org.eclipse.platform_4.7.3_155965261_linux_gtk_x86_64/plugins/fr.ac6.mcu.externaltools.arm-none.linux64_1.15.0.201708311556/tools/compiler/bin/../lib/gcc/arm-none-eabi/6.3.1/../../../../arm-none-eabi/lib/thumb/v7e-m/fpv4-sp/hard/libm.a(lib_a-w_sqrt.o) (__fdlib_version)
/home/bartek/.eclipse/org.eclipse.platform_4.7.3_155965261_linux_gtk_x86_64/plugins/fr.ac6.mcu.externaltools.arm-none.linux64_1.15.0.201708311556/tools/compiler/bin/../lib/gcc/arm-none-eabi/6.3.1/../../../../arm-none-eabi/lib/thumb/v7e-m/fpv4-sp/hard/libm.a(lib_a-s_matherr.o)
                              /home/bartek/.eclipse/org.eclipse.platform_4.7.3_155965261_linux_gtk_x86_64/plugins/fr.ac6.mcu.externaltools.arm-none.linux64_1.15.0.201708311556/tools/compiler/bin/../lib/gcc/arm-none-eabi/6.3.1/../../../../arm-none-eabi/lib/thumb/v7e-m/fpv4-sp/hard/libm.a(lib_a-w_sqrt.o) (matherr)
/home/bartek/.eclipse/org.eclipse.platform_4.7.3_155965261_linux_gtk_x86_64/plugins/fr.ac6.mcu.externaltools.arm-none.linux64_1.15.0.201708311556/tools/compiler/bin/../lib/gcc/arm-none-eabi/6.3.1/../../../../arm-none-eabi/lib/thumb/v7e-m/fpv4-sp/hard/libm.a(lib_a-s_nan.o)
[...]
Memory Configuration

Name             Origin             Length             Attributes
RAM              0x0000000020000000 0x0000000000020000 xrw
CCMRAM           0x0000000010000000 0x0000000000010000 rw
FLASH            0x0000000008000000 0x0000000000100000 xr
*default*        0x0000000000000000 0xffffffffffffffff

Linker script and memory map

LOAD /home/bartek/.eclipse/org.eclipse.platform_4.7.3_155965261_linux_gtk_x86_64/plugins/fr.ac6.mcu.externaltools.arm-none.linux64_1.15.0.201708311556/tools/compiler/bin/../lib/gcc/arm-none-eabi/6.3.1/thumb/v7e-m/fpv4-sp/hard/crti.o
LOAD /home/bartek/.eclipse/org.eclipse.platform_4.7.3_155965261_linux_gtk_x86_64/plugins/fr.ac6.mcu.externaltools.arm-none.linux64_1.15.0.201708311556/tools/compiler/bin/../lib/gcc/arm-none-eabi/6.3.1/thumb/v7e-m/fpv4-sp/hard/crtbegin.o
LOAD /home/bartek/.eclipse/org.eclipse.platform_4.7.3_155965261_linux_gtk_x86_64/plugins/fr.ac6.mcu.externaltools.arm-none.linux64_1.15.0.201708311556/tools/compiler/bin/../lib/gcc/arm-none-eabi/6.3.1/../../../../arm-none-eabi/lib/thumb/v7e-m/fpv4-sp/hard/crt0.o
LOAD Drivers/STM32F4xx_HAL_Driver/Src/stm32f4xx_hal.o
LOAD Drivers/STM32F4xx_HAL_Driver/Src/stm32f4xx_hal_cortex.o
LOAD Drivers/STM32F4xx_HAL_Driver/Src/stm32f4xx_hal_dma.o
LOAD Drivers/STM32F4xx_HAL_Driver/Src/stm32f4xx_hal_dma_ex.o
LOAD Drivers/STM32F4xx_HAL_Driver/Src/stm32f4xx_hal_flash.o
LOAD Drivers/STM32F4xx_HAL_Driver/Src/stm32f4xx_hal_flash_ex.o
LOAD Drivers/STM32F4xx_HAL_Driver/Src/stm32f4xx_hal_flash_ramfunc.o
LOAD Drivers/STM32F4xx_HAL_Driver/Src/stm32f4xx_hal_gpio.o
LOAD Drivers/STM32F4xx_HAL_Driver/Src/stm32f4xx_hal_i2c.o
LOAD Drivers/STM32F4xx_HAL_Driver/Src/stm32f4xx_hal_i2c_ex.o
LOAD Drivers/STM32F4xx_HAL_Driver/Src/stm32f4xx_hal_iwdg.o
LOAD Drivers/STM32F4xx_HAL_Driver/Src/stm32f4xx_hal_pwr.o
LOAD Drivers/STM32F4xx_HAL_Driver/Src/stm32f4xx_hal_pwr_ex.o
LOAD Drivers/STM32F4xx_HAL_Driver/Src/stm32f4xx_hal_rcc.o
LOAD Drivers/STM32F4xx_HAL_Driver/Src/stm32f4xx_hal_rcc_ex.o
LOAD Drivers/STM32F4xx_HAL_Driver/Src/stm32f4xx_hal_spi.o
LOAD Drivers/STM32F4xx_HAL_Driver/Src/stm32f4xx_hal_tim.o
LOAD Drivers/STM32F4xx_HAL_Driver/Src/stm32f4xx_hal_tim_ex.o
LOAD Middlewares/Third_Party/FreeRTOS/Source/CMSIS_RTOS/cmsis_os.o
LOAD Middlewares/Third_Party/FreeRTOS/Source/croutine.o
LOAD Middlewares/Third_Party/FreeRTOS/Source/event_groups.o
LOAD Middlewares/Third_Party/FreeRTOS/Source/list.o
LOAD Middlewares/Third_Party/FreeRTOS/Source/queue.o
LOAD Middlewares/Third_Party/FreeRTOS/Source/tasks.o
LOAD Middlewares/Third_Party/FreeRTOS/Source/timers.o
LOAD Middlewares/Third_Party/FreeRTOS/Source/portable/GCC/ARM_CM4F/port.o
LOAD Middlewares/Third_Party/FreeRTOS/Source/portable/MemMang/heap_4.o
LOAD Src/AHRSTask.o
LOAD Src/I2CTask.o
LOAD Src/MadgwickAHRS.o
LOAD Src/dma.o
LOAD Src/eeprom.o
LOAD Src/freertos.o
LOAD Src/gpio.o
LOAD Src/i2c.o
LOAD Src/iwdg.o
LOAD Src/main.o
LOAD Src/sensors.o
LOAD Src/spi.o
LOAD Src/stm32f4xx_hal_msp.o
LOAD Src/stm32f4xx_hal_timebase_TIM.o
LOAD Src/stm32f4xx_it.o
LOAD Src/system_stm32f4xx.o
LOAD Src/Sensors/LIS3MDL.o
LOAD Src/Sensors/LSM6DS33.o
LOAD startup/startup_stm32f407xx.o
LOAD /home/bartek/.eclipse/org.eclipse.platform_4.7.3_155965261_linux_gtk_x86_64/plugins/fr.ac6.mcu.externaltools.arm-none.linux64_1.15.0.201708311556/tools/compiler/bin/../lib/gcc/arm-none-eabi/6.3.1/../../../../arm-none-eabi/lib/thumb/v7e-m/fpv4-sp/hard/libm.a
START GROUP
LOAD /home/bartek/.eclipse/org.eclipse.platform_4.7.3_155965261_linux_gtk_x86_64/plugins/fr.ac6.mcu.externaltools.arm-none.linux64_1.15.0.201708311556/tools/compiler/bin/../lib/gcc/arm-none-eabi/6.3.1/thumb/v7e-m/fpv4-sp/hard/libgcc.a
LOAD /home/bartek/.eclipse/org.eclipse.platform_4.7.3_155965261_linux_gtk_x86_64/plugins/fr.ac6.mcu.externaltools.arm-none.linux64_1.15.0.201708311556/tools/compiler/bin/../lib/gcc/arm-none-eabi/6.3.1/../../../../arm-none-eabi/lib/thumb/v7e-m/fpv4-sp/hard/libc_nano.a
END GROUP
START GROUP
LOAD /home/bartek/.eclipse/org.eclipse.platform_4.7.3_155965261_linux_gtk_x86_64/plugins/fr.ac6.mcu.externaltools.arm-none.linux64_1.15.0.201708311556/tools/compiler/bin/../lib/gcc/arm-none-eabi/6.3.1/thumb/v7e-m/fpv4-sp/hard/libgcc.a
LOAD /home/bartek/.eclipse/org.eclipse.platform_4.7.3_155965261_linux_gtk_x86_64/plugins/fr.ac6.mcu.externaltools.arm-none.linux64_1.15.0.201708311556/tools/compiler/bin/../lib/gcc/arm-none-eabi/6.3.1/../../../../arm-none-eabi/lib/thumb/v7e-m/fpv4-sp/hard/libc_nano.a
LOAD /home/bartek/.eclipse/org.eclipse.platform_4.7.3_155965261_linux_gtk_x86_64/plugins/fr.ac6.mcu.externaltools.arm-none.linux64_1.15.0.201708311556/tools/compiler/bin/../lib/gcc/arm-none-eabi/6.3.1/../../../../arm-none-eabi/lib/thumb/v7e-m/fpv4-sp/hard/libnosys.a
END GROUP
START GROUP
LOAD /home/bartek/.eclipse/org.eclipse.platform_4.7.3_155965261_linux_gtk_x86_64/plugins/fr.ac6.mcu.externaltools.arm-none.linux64_1.15.0.201708311556/tools/compiler/bin/../lib/gcc/arm-none-eabi/6.3.1/thumb/v7e-m/fpv4-sp/hard/libgcc.a
LOAD /home/bartek/.eclipse/org.eclipse.platform_4.7.3_155965261_linux_gtk_x86_64/plugins/fr.ac6.mcu.externaltools.arm-none.linux64_1.15.0.201708311556/tools/compiler/bin/../lib/gcc/arm-none-eabi/6.3.1/../../../../arm-none-eabi/lib/thumb/v7e-m/fpv4-sp/hard/libc_nano.a
LOAD /home/bartek/.eclipse/org.eclipse.platform_4.7.3_155965261_linux_gtk_x86_64/plugins/fr.ac6.mcu.externaltools.arm-none.linux64_1.15.0.201708311556/tools/compiler/bin/../lib/gcc/arm-none-eabi/6.3.1/../../../../arm-none-eabi/lib/thumb/v7e-m/fpv4-sp/hard/libnosys.a
END GROUP
LOAD /home/bartek/.eclipse/org.eclipse.platform_4.7.3_155965261_linux_gtk_x86_64/plugins/fr.ac6.mcu.externaltools.arm-none.linux64_1.15.0.201708311556/tools/compiler/bin/../lib/gcc/arm-none-eabi/6.3.1/thumb/v7e-m/fpv4-sp/hard/crtend.o
LOAD /home/bartek/.eclipse/org.eclipse.platform_4.7.3_155965261_linux_gtk_x86_64/plugins/fr.ac6.mcu.externaltools.arm-none.linux64_1.15.0.201708311556/tools/compiler/bin/../lib/gcc/arm-none-eabi/6.3.1/thumb/v7e-m/fpv4-sp/hard/crtn.o
                0x0000000020020000                _estack = 0x20020000
                0x0000000000000200                _Min_Heap_Size = 0x200
                0x0000000000000400                _Min_Stack_Size = 0x400

.isr_vector     0x0000000008000000      0x188
                0x0000000008000000                . = ALIGN (0x4)
 *(.isr_vector)
 .isr_vector    0x0000000008000000      0x188 startup/startup_stm32f407xx.o
                0x0000000008000000                g_pfnVectors
                0x0000000008000188                . = ALIGN (0x4)

.text           0x0000000008000190     0x8934
                0x0000000008000190                . = ALIGN (0x4)
 *(.text)
 .text          0x0000000008000190       0x6c /home/bartek/.eclipse/org.eclipse.platform_4.7.3_155965261_linux_gtk_x86_64/plugins/fr.ac6.mcu.externaltools.arm-none.linux64_1.15.0.201708311556/tools/compiler/bin/../lib/gcc/arm-none-eabi/6.3.1/thumb/v7e-m/fpv4-sp/hard/crtbegin.o
 .text          0x00000000080001fc      0x370 /home/bartek/.eclipse/org.eclipse.platform_4.7.3_155965261_linux_gtk_x86_64/plugins/fr.ac6.mcu.externaltools.arm-none.linux64_1.15.0.201708311556/tools/compiler/bin/../lib/gcc/arm-none-eabi/6.3.1/thumb/v7e-m/fpv4-sp/hard/libgcc.a(_arm_addsubdf3.o)
                0x00000000080001fc                __aeabi_drsub
                0x0000000008000204                __aeabi_dsub
                0x0000000008000204                __subdf3
                0x0000000008000208                __adddf3
                0x0000000008000208                __aeabi_dadd
                0x0000000008000480                __aeabi_ui2d
                0x0000000008000480                __floatunsidf
                0x00000000080004a0                __floatsidf
                0x00000000080004a0                __aeabi_i2d
                0x00000000080004c4                __extendsfdf2
                0x00000000080004c4                __aeabi_f2d
                0x0000000008000500                __aeabi_ul2d
                0x0000000008000500                __floatundidf
                0x0000000008000510                __floatdidf
                0x0000000008000510                __aeabi_l2d
 .text          0x000000000800056c      0x424 /home/bartek/.eclipse/org.eclipse.platform_4.7.3_155965261_linux_gtk_x86_64/plugins/fr.ac6.mcu.externaltools.arm-none.linux64_1.15.0.201708311556/tools/compiler/bin/../lib/gcc/arm-none-eabi/6.3.1/thumb/v7e-m/fpv4-sp/hard/libgcc.a(_arm_muldivdf3.o)
                0x000000000800056c                __aeabi_dmul
                0x000000000800056c                __muldf3
                0x00000000080007c0                __aeabi_ddiv
                0x00000000080007c0                __divdf3
 .text          0x0000000008000990      0x110 /home/bartek/.eclipse/org.eclipse.platform_4.7.3_155965261_linux_gtk_x86_64/plugins/fr.ac6.mcu.externaltools.arm-none.linux64_1.15.0.201708311556/tools/compiler/bin/../lib/gcc/arm-none-eabi/6.3.1/thumb/v7e-m/fpv4-sp/hard/libgcc.a(_arm_cmpdf2.o)
                0x0000000008000990                __gtdf2
                0x0000000008000990                __gedf2
                0x0000000008000998                __ltdf2
                0x0000000008000998                __ledf2
                0x00000000080009a0                __cmpdf2
                0x00000000080009a0                __eqdf2
                0x00000000080009a0                __nedf2
                0x0000000008000a1c                __aeabi_cdrcmple
                0x0000000008000a2c                __aeabi_cdcmple
                0x0000000008000a2c                __aeabi_cdcmpeq
                0x0000000008000a3c                __aeabi_dcmpeq
                0x0000000008000a50                __aeabi_dcmplt
                0x0000000008000a64                __aeabi_dcmple
                0x0000000008000a78                __aeabi_dcmpge
                0x0000000008000a8c                __aeabi_dcmpgt
 .text          0x0000000008000aa0       0x2c /home/bartek/.eclipse/org.eclipse.platform_4.7.3_155965261_linux_gtk_x86_64/plugins/fr.ac6.mcu.externaltools.arm-none.linux64_1.15.0.201708311556/tools/compiler/bin/../lib/gcc/arm-none-eabi/6.3.1/thumb/v7e-m/fpv4-sp/hard/libgcc.a(_arm_unorddf2.o)
                0x0000000008000aa0                __aeabi_dcmpun
                0x0000000008000aa0                __unorddf2
 .text          0x0000000008000acc       0xa0 /home/bartek/.eclipse/org.eclipse.platform_4.7.3_155965261_linux_gtk_x86_64/plugins/fr.ac6.mcu.externaltools.arm-none.linux64_1.15.0.201708311556/tools/compiler/bin/../lib/gcc/arm-none-eabi/6.3.1/thumb/v7e-m/fpv4-sp/hard/libgcc.a(_arm_truncdfsf2.o)
                0x0000000008000acc                __aeabi_d2f
                0x0000000008000acc                __truncdfsf2
 .text          0x0000000008000b6c       0x30 /home/bartek/.eclipse/org.eclipse.platform_4.7.3_155965261_linux_gtk_x86_64/plugins/fr.ac6.mcu.externaltools.arm-none.linux64_1.15.0.201708311556/tools/compiler/bin/../lib/gcc/arm-none-eabi/6.3.1/thumb/v7e-m/fpv4-sp/hard/libgcc.a(_aeabi_uldivmod.o)
                0x0000000008000b6c                __aeabi_uldivmod
 .text          0x0000000008000b9c      0x2dc /home/bartek/.eclipse/org.eclipse.platform_4.7.3_155965261_linux_gtk_x86_64/plugins/fr.ac6.mcu.externaltools.arm-none.linux64_1.15.0.201708311556/tools/compiler/bin/../lib/gcc/arm-none-eabi/6.3.1/thumb/v7e-m/fpv4-sp/hard/libgcc.a(_udivmoddi4.o)
                0x0000000008000b9c                __udivmoddi4
 .text          0x0000000008000e78        0x4 /home/bartek/.eclipse/org.eclipse.platform_4.7.3_155965261_linux_gtk_x86_64/plugins/fr.ac6.mcu.externaltools.arm-none.linux64_1.15.0.201708311556/tools/compiler/bin/../lib/gcc/arm-none-eabi/6.3.1/thumb/v7e-m/fpv4-sp/hard/libgcc.a(_dvmd_tls.o)
                0x0000000008000e78                __aeabi_ldiv0
                0x0000000008000e78                __aeabi_idiv0
 *(.text*)
 .text.HAL_Init
                0x0000000008000e7c       0x34 Drivers/STM32F4xx_HAL_Driver/Src/stm32f4xx_hal.o
                0x0000000008000e7c                HAL_Init
 .text.HAL_IncTick
                0x0000000008000eb0       0x18 Drivers/STM32F4xx_HAL_Driver/Src/stm32f4xx_hal.o
                0x0000000008000eb0                HAL_IncTick
 .text.HAL_GetTick
                0x0000000008000ec8        0xc Drivers/STM32F4xx_HAL_Driver/Src/stm32f4xx_hal.o
                0x0000000008000ec8                HAL_GetTick
 .text.HAL_NVIC_SetPriorityGrouping
                0x0000000008000ed4       0x24 Drivers/STM32F4xx_HAL_Driver/Src/stm32f4xx_hal_cortex.o
                0x0000000008000ed4                HAL_NVIC_SetPriorityGrouping
 .text.HAL_NVIC_SetPriority
                0x0000000008000ef8       0x64 Drivers/STM32F4xx_HAL_Driver/Src/stm32f4xx_hal_cortex.o
                0x0000000008000ef8                HAL_NVIC_SetPriority
 .text.HAL_NVIC_EnableIRQ
                0x0000000008000f5c       0x18 Drivers/STM32F4xx_HAL_Driver/Src/stm32f4xx_hal_cortex.o
                0x0000000008000f5c                HAL_NVIC_EnableIRQ
 .text.HAL_NVIC_DisableIRQ
                0x0000000008000f74       0x1c Drivers/STM32F4xx_HAL_Driver/Src/stm32f4xx_hal_cortex.o
                0x0000000008000f74                HAL_NVIC_DisableIRQ
 .text.HAL_SYSTICK_Config
                0x0000000008000f90       0x2c Drivers/STM32F4xx_HAL_Driver/Src/stm32f4xx_hal_cortex.o
                0x0000000008000f90                HAL_SYSTICK_Config
 .text.HAL_SYSTICK_CLKSourceConfig
                0x0000000008000fbc       0x20 Drivers/STM32F4xx_HAL_Driver/Src/stm32f4xx_hal_cortex.o
                0x0000000008000fbc                HAL_SYSTICK_CLKSourceConfig
 .text.DMA_SetConfig
                0x0000000008000fdc       0x2c Drivers/STM32F4xx_HAL_Driver/Src/stm32f4xx_hal_dma.o
 .text.DMA_CalcBaseAndBitshift
                0x0000000008001008       0x3c Drivers/STM32F4xx_HAL_Driver/Src/stm32f4xx_hal_dma.o
 .text.DMA_CheckFifoParam
                0x0000000008001044       0x8e Drivers/STM32F4xx_HAL_Driver/Src/stm32f4xx_hal_dma.o
 *fill*         0x00000000080010d2        0x2 
 .text.HAL_DMA_Init
                0x00000000080010d4       0xd0 Drivers/STM32F4xx_HAL_Driver/Src/stm32f4xx_hal_dma.o
                0x00000000080010d4                HAL_DMA_Init
 .text.HAL_DMA_DeInit
                0x00000000080011a4       0x58 Drivers/STM32F4xx_HAL_Driver/Src/stm32f4xx_hal_dma.o
                0x00000000080011a4                HAL_DMA_DeInit
 .text.HAL_DMA_Start_IT
                0x00000000080011fc       0x74 Drivers/STM32F4xx_HAL_Driver/Src/stm32f4xx_hal_dma.o
                0x00000000080011fc                HAL_DMA_Start_IT
 .text.HAL_DMA_Abort_IT
                0x0000000008001270       0x26 Drivers/STM32F4xx_HAL_Driver/Src/stm32f4xx_hal_dma.o
                0x0000000008001270                HAL_DMA_Abort_IT
 *fill*         0x0000000008001296        0x2 
 .text.HAL_DMA_IRQHandler
                0x0000000008001298      0x1dc Drivers/STM32F4xx_HAL_Driver/Src/stm32f4xx_hal_dma.o
                0x0000000008001298                HAL_DMA_IRQHandler
 .text.HAL_DMA_GetError
                0x0000000008001474        0x4 Drivers/STM32F4xx_HAL_Driver/Src/stm32f4xx_hal_dma.o
                0x0000000008001474                HAL_DMA_GetError
 .text.FLASH_Program_DoubleWord
                0x0000000008001478       0x2c Drivers/STM32F4xx_HAL_Driver/Src/stm32f4xx_hal_flash.o
 .text.FLASH_Program_Word
                0x00000000080014a4       0x24 Drivers/STM32F4xx_HAL_Driver/Src/stm32f4xx_hal_flash.o
 .text.FLASH_Program_HalfWord
                0x00000000080014c8       0x24 Drivers/STM32F4xx_HAL_Driver/Src/stm32f4xx_hal_flash.o
 .text.FLASH_Program_Byte
                0x00000000080014ec       0x20 Drivers/STM32F4xx_HAL_Driver/Src/stm32f4xx_hal_flash.o
 .text.FLASH_SetErrorCode
                0x000000000800150c       0x8c Drivers/STM32F4xx_HAL_Driver/Src/stm32f4xx_hal_flash.o
 .text.HAL_FLASH_Unlock
                0x0000000008001598       0x30 Drivers/STM32F4xx_HAL_Driver/Src/stm32f4xx_hal_flash.o
                0x0000000008001598                HAL_FLASH_Unlock
 .text.FLASH_WaitForLastOperation
                0x00000000080015c8       0x64 Drivers/STM32F4xx_HAL_Driver/Src/stm32f4xx_hal_flash.o
                0x00000000080015c8                FLASH_WaitForLastOperation
 .text.HAL_FLASH_Program
                0x000000000800162c       0x84 Drivers/STM32F4xx_HAL_Driver/Src/stm32f4xx_hal_flash.o
                0x000000000800162c                HAL_FLASH_Program
 .text.FLASH_MassErase
                0x00000000080016b0       0x24 Drivers/STM32F4xx_HAL_Driver/Src/stm32f4xx_hal_flash_ex.o
 .text.FLASH_Erase_Sector
                0x00000000080016d4       0x50 Drivers/STM32F4xx_HAL_Driver/Src/stm32f4xx_hal_flash_ex.o
                0x00000000080016d4                FLASH_Erase_Sector
 .text.FLASH_FlushCaches
                0x0000000008001724       0x60 Drivers/STM32F4xx_HAL_Driver/Src/stm32f4xx_hal_flash_ex.o
                0x0000000008001724                FLASH_FlushCaches
 .text.HAL_FLASHEx_Erase
                0x0000000008001784       0x94 Drivers/STM32F4xx_HAL_Driver/Src/stm32f4xx_hal_flash_ex.o
                0x0000000008001784                HAL_FLASHEx_Erase
 .text.HAL_GPIO_Init
                0x0000000008001818      0x1cc Drivers/STM32F4xx_HAL_Driver/Src/stm32f4xx_hal_gpio.o
                0x0000000008001818                HAL_GPIO_Init
 .text.HAL_GPIO_DeInit
                0x00000000080019e4      0x120 Drivers/STM32F4xx_HAL_Driver/Src/stm32f4xx_hal_gpio.o
                0x00000000080019e4                HAL_GPIO_DeInit
 .text.HAL_GPIO_WritePin
                0x0000000008001b04        0xc Drivers/STM32F4xx_HAL_Driver/Src/stm32f4xx_hal_gpio.o
                0x0000000008001b04                HAL_GPIO_WritePin
 .text.HAL_GPIO_TogglePin
                0x0000000008001b10        0x8 Drivers/STM32F4xx_HAL_Driver/Src/stm32f4xx_hal_gpio.o
                0x0000000008001b10                HAL_GPIO_TogglePin
 .text.I2C_Master_SB
                0x0000000008001b18       0x8a Drivers/STM32F4xx_HAL_Driver/Src/stm32f4xx_hal_i2c.o
 .text.I2C_Master_ADD10
                0x0000000008001ba2        0xc Drivers/STM32F4xx_HAL_Driver/Src/stm32f4xx_hal_i2c.o
 .text.I2C_Master_ADDR
                0x0000000008001bae      0x1cc Drivers/STM32F4xx_HAL_Driver/Src/stm32f4xx_hal_i2c.o
 .text.I2C_SlaveTransmit_BTF
                0x0000000008001d7a       0x20 Drivers/STM32F4xx_HAL_Driver/Src/stm32f4xx_hal_i2c.o
 .text.I2C_SlaveReceive_BTF
                0x0000000008001d9a       0x20 Drivers/STM32F4xx_HAL_Driver/Src/stm32f4xx_hal_i2c.o
 .text.I2C_IsAcknowledgeFailed
                0x0000000008001dba       0x2a Drivers/STM32F4xx_HAL_Driver/Src/stm32f4xx_hal_i2c.o
 .text.I2C_WaitOnFlagUntilTimeout
                0x0000000008001de4       0x68 Drivers/STM32F4xx_HAL_Driver/Src/stm32f4xx_hal_i2c.o
 .text.I2C_WaitOnMasterAddressFlagUntilTimeout
                0x0000000008001e4c       0x90 Drivers/STM32F4xx_HAL_Driver/Src/stm32f4xx_hal_i2c.o
 .text.I2C_WaitOnTXEFlagUntilTimeout
                0x0000000008001edc       0x4e Drivers/STM32F4xx_HAL_Driver/Src/stm32f4xx_hal_i2c.o
 *fill*         0x0000000008001f2a        0x2 
 .text.I2C_RequestMemoryWrite
                0x0000000008001f2c       0xd4 Drivers/STM32F4xx_HAL_Driver/Src/stm32f4xx_hal_i2c.o
 .text.I2C_RequestMemoryRead
                0x0000000008002000      0x148 Drivers/STM32F4xx_HAL_Driver/Src/stm32f4xx_hal_i2c.o
 .text.HAL_I2C_Init
                0x0000000008002148      0x11c Drivers/STM32F4xx_HAL_Driver/Src/stm32f4xx_hal_i2c.o
                0x0000000008002148                HAL_I2C_Init
 .text.HAL_I2C_DeInit
                0x0000000008002264       0x32 Drivers/STM32F4xx_HAL_Driver/Src/stm32f4xx_hal_i2c.o
                0x0000000008002264                HAL_I2C_DeInit
 *fill*         0x0000000008002296        0x2 
 .text.HAL_I2C_Mem_Write_DMA
                0x0000000008002298      0x154 Drivers/STM32F4xx_HAL_Driver/Src/stm32f4xx_hal_i2c.o
                0x0000000008002298                HAL_I2C_Mem_Write_DMA
 .text.HAL_I2C_Mem_Read_DMA
                0x00000000080023ec      0x1c8 Drivers/STM32F4xx_HAL_Driver/Src/stm32f4xx_hal_i2c.o
                0x00000000080023ec                HAL_I2C_Mem_Read_DMA
 .text.HAL_I2C_MasterTxCpltCallback
                0x00000000080025b4        0x2 Drivers/STM32F4xx_HAL_Driver/Src/stm32f4xx_hal_i2c.o
                0x00000000080025b4                HAL_I2C_MasterTxCpltCallback
 .text.HAL_I2C_MasterRxCpltCallback
                0x00000000080025b6        0x2 Drivers/STM32F4xx_HAL_Driver/Src/stm32f4xx_hal_i2c.o
                0x00000000080025b6                HAL_I2C_MasterRxCpltCallback
 .text.HAL_I2C_SlaveTxCpltCallback
                0x00000000080025b8        0x2 Drivers/STM32F4xx_HAL_Driver/Src/stm32f4xx_hal_i2c.o
                0x00000000080025b8                HAL_I2C_SlaveTxCpltCallback
 .text.I2C_SlaveTransmit_TXE
                0x00000000080025ba       0x50 Drivers/STM32F4xx_HAL_Driver/Src/stm32f4xx_hal_i2c.o
 .text.HAL_I2C_SlaveRxCpltCallback
                0x000000000800260a        0x2 Drivers/STM32F4xx_HAL_Driver/Src/stm32f4xx_hal_i2c.o
                0x000000000800260a                HAL_I2C_SlaveRxCpltCallback
 .text.I2C_SlaveReceive_RXNE
                0x000000000800260c       0x4c Drivers/STM32F4xx_HAL_Driver/Src/stm32f4xx_hal_i2c.o
 .text.HAL_I2C_AddrCallback
                0x0000000008002658        0x2 Drivers/STM32F4xx_HAL_Driver/Src/stm32f4xx_hal_i2c.o
                0x0000000008002658                HAL_I2C_AddrCallback
 .text.I2C_Slave_ADDR
                0x000000000800265a       0x28 Drivers/STM32F4xx_HAL_Driver/Src/stm32f4xx_hal_i2c.o
 .text.HAL_I2C_ListenCpltCallback
                0x0000000008002682        0x2 Drivers/STM32F4xx_HAL_Driver/Src/stm32f4xx_hal_i2c.o
                0x0000000008002682                HAL_I2C_ListenCpltCallback
 .text.I2C_Slave_AF
                0x0000000008002684       0x94 Drivers/STM32F4xx_HAL_Driver/Src/stm32f4xx_hal_i2c.o
 .text.HAL_I2C_MemTxCpltCallback
                0x0000000008002718        0x2 Drivers/STM32F4xx_HAL_Driver/Src/stm32f4xx_hal_i2c.o
                0x0000000008002718                HAL_I2C_MemTxCpltCallback
 .text.I2C_MasterTransmit_TXE
                0x000000000800271a      0x14a Drivers/STM32F4xx_HAL_Driver/Src/stm32f4xx_hal_i2c.o
 .text.I2C_MasterTransmit_BTF
                0x0000000008002864       0x9e Drivers/STM32F4xx_HAL_Driver/Src/stm32f4xx_hal_i2c.o
 .text.HAL_I2C_MemRxCpltCallback
                0x0000000008002902        0x2 Drivers/STM32F4xx_HAL_Driver/Src/stm32f4xx_hal_i2c.o
                0x0000000008002902                HAL_I2C_MemRxCpltCallback
 .text.I2C_MasterReceive_RXNE
                0x0000000008002904       0x9c Drivers/STM32F4xx_HAL_Driver/Src/stm32f4xx_hal_i2c.o
 .text.I2C_MasterReceive_BTF
                0x00000000080029a0      0x10c Drivers/STM32F4xx_HAL_Driver/Src/stm32f4xx_hal_i2c.o
 .text.HAL_I2C_ErrorCallback
                0x0000000008002aac        0x2 Drivers/STM32F4xx_HAL_Driver/Src/stm32f4xx_hal_i2c.o
                0x0000000008002aac                HAL_I2C_ErrorCallback
 .text.I2C_DMAError
                0x0000000008002aae       0x34 Drivers/STM32F4xx_HAL_Driver/Src/stm32f4xx_hal_i2c.o
 .text.I2C_DMAXferCplt
                0x0000000008002ae2       0x94 Drivers/STM32F4xx_HAL_Driver/Src/stm32f4xx_hal_i2c.o
 .text.HAL_I2C_AbortCpltCallback
                0x0000000008002b76        0x2 Drivers/STM32F4xx_HAL_Driver/Src/stm32f4xx_hal_i2c.o
                0x0000000008002b76                HAL_I2C_AbortCpltCallback
 .text.I2C_ITError
                0x0000000008002b78      0x14c Drivers/STM32F4xx_HAL_Driver/Src/stm32f4xx_hal_i2c.o
 .text.I2C_Slave_STOPF
                0x0000000008002cc4      0x104 Drivers/STM32F4xx_HAL_Driver/Src/stm32f4xx_hal_i2c.o
 .text.HAL_I2C_EV_IRQHandler
                0x0000000008002dc8      0x168 Drivers/STM32F4xx_HAL_Driver/Src/stm32f4xx_hal_i2c.o
                0x0000000008002dc8                HAL_I2C_EV_IRQHandler
 .text.HAL_I2C_ER_IRQHandler
                0x0000000008002f30       0xd4 Drivers/STM32F4xx_HAL_Driver/Src/stm32f4xx_hal_i2c.o
                0x0000000008002f30                HAL_I2C_ER_IRQHandler
 .text.I2C_DMAAbort
                0x0000000008003004       0x5e Drivers/STM32F4xx_HAL_Driver/Src/stm32f4xx_hal_i2c.o
 .text.HAL_I2C_GetState
                0x0000000008003062        0x6 Drivers/STM32F4xx_HAL_Driver/Src/stm32f4xx_hal_i2c.o
                0x0000000008003062                HAL_I2C_GetState
 .text.HAL_IWDG_Init
                0x0000000008003068       0x4a Drivers/STM32F4xx_HAL_Driver/Src/stm32f4xx_hal_iwdg.o
                0x0000000008003068                HAL_IWDG_Init
 .text.HAL_IWDG_Refresh
                0x00000000080030b2        0xc Drivers/STM32F4xx_HAL_Driver/Src/stm32f4xx_hal_iwdg.o
                0x00000000080030b2                HAL_IWDG_Refresh
 *fill*         0x00000000080030be        0x2 
 .text.HAL_RCC_OscConfig
                0x00000000080030c0      0x398 Drivers/STM32F4xx_HAL_Driver/Src/stm32f4xx_hal_rcc.o
                0x00000000080030c0                HAL_RCC_OscConfig
 .text.HAL_RCC_GetSysClockFreq
                0x0000000008003458       0xd4 Drivers/STM32F4xx_HAL_Driver/Src/stm32f4xx_hal_rcc.o
                0x0000000008003458                HAL_RCC_GetSysClockFreq
 .text.HAL_RCC_ClockConfig
                0x000000000800352c      0x158 Drivers/STM32F4xx_HAL_Driver/Src/stm32f4xx_hal_rcc.o
                0x000000000800352c                HAL_RCC_ClockConfig
 .text.HAL_RCC_GetHCLKFreq
                0x0000000008003684        0xc Drivers/STM32F4xx_HAL_Driver/Src/stm32f4xx_hal_rcc.o
                0x0000000008003684                HAL_RCC_GetHCLKFreq
 .text.HAL_RCC_GetPCLK1Freq
                0x0000000008003690       0x20 Drivers/STM32F4xx_HAL_Driver/Src/stm32f4xx_hal_rcc.o
                0x0000000008003690                HAL_RCC_GetPCLK1Freq
 .text.HAL_RCC_GetClockConfig
                0x00000000080036b0       0x3c Drivers/STM32F4xx_HAL_Driver/Src/stm32f4xx_hal_rcc.o
                0x00000000080036b0                HAL_RCC_GetClockConfig
 .text.SPI_WaitFlagStateUntilTimeout
                0x00000000080036ec       0x96 Drivers/STM32F4xx_HAL_Driver/Src/stm32f4xx_hal_spi.o
 .text.SPI_CheckFlag_BSY
                0x0000000008003782       0x26 Drivers/STM32F4xx_HAL_Driver/Src/stm32f4xx_hal_spi.o
 .text.HAL_SPI_Init
                0x00000000080037a8       0x80 Drivers/STM32F4xx_HAL_Driver/Src/stm32f4xx_hal_spi.o
                0x00000000080037a8                HAL_SPI_Init
 .text.HAL_SPI_TransmitReceive_DMA
                0x0000000008003828      0x12c Drivers/STM32F4xx_HAL_Driver/Src/stm32f4xx_hal_spi.o
                0x0000000008003828                HAL_SPI_TransmitReceive_DMA
 .text.HAL_SPI_RxCpltCallback
                0x0000000008003954        0x2 Drivers/STM32F4xx_HAL_Driver/Src/stm32f4xx_hal_spi.o
                0x0000000008003954                HAL_SPI_RxCpltCallback
 .text.HAL_SPI_TxRxCpltCallback
                0x0000000008003956        0x2 Drivers/STM32F4xx_HAL_Driver/Src/stm32f4xx_hal_spi.o
                0x0000000008003956                HAL_SPI_TxRxCpltCallback
 .text.HAL_SPI_RxHalfCpltCallback
                0x0000000008003958        0x2 Drivers/STM32F4xx_HAL_Driver/Src/stm32f4xx_hal_spi.o
                0x0000000008003958                HAL_SPI_RxHalfCpltCallback
 .text.SPI_DMAHalfReceiveCplt
                0x000000000800395a        0xa Drivers/STM32F4xx_HAL_Driver/Src/stm32f4xx_hal_spi.o
 .text.HAL_SPI_TxRxHalfCpltCallback
                0x0000000008003964        0x2 Drivers/STM32F4xx_HAL_Driver/Src/stm32f4xx_hal_spi.o
                0x0000000008003964                HAL_SPI_TxRxHalfCpltCallback
 .text.SPI_DMAHalfTransmitReceiveCplt
                0x0000000008003966        0xa Drivers/STM32F4xx_HAL_Driver/Src/stm32f4xx_hal_spi.o
 .text.HAL_SPI_ErrorCallback
                0x0000000008003970        0x2 Drivers/STM32F4xx_HAL_Driver/Src/stm32f4xx_hal_spi.o
                0x0000000008003970                HAL_SPI_ErrorCallback
 .text.SPI_DMAError
                0x0000000008003972       0x22 Drivers/STM32F4xx_HAL_Driver/Src/stm32f4xx_hal_spi.o
 .text.SPI_DMAReceiveCplt
                0x0000000008003994       0x58 Drivers/STM32F4xx_HAL_Driver/Src/stm32f4xx_hal_spi.o
 .text.SPI_DMATransmitReceiveCplt
                0x00000000080039ec       0x52 Drivers/STM32F4xx_HAL_Driver/Src/stm32f4xx_hal_spi.o
 *fill*         0x0000000008003a3e        0x2 
 .text.HAL_SPI_IRQHandler
                0x0000000008003a40      0x104 Drivers/STM32F4xx_HAL_Driver/Src/stm32f4xx_hal_spi.o
                0x0000000008003a40                HAL_SPI_IRQHandler
 .text.SPI_DMAAbortOnError
                0x0000000008003b44       0x10 Drivers/STM32F4xx_HAL_Driver/Src/stm32f4xx_hal_spi.o
 .text.HAL_TIM_Base_MspInit
                0x0000000008003b54        0x2 Drivers/STM32F4xx_HAL_Driver/Src/stm32f4xx_hal_tim.o
                0x0000000008003b54                HAL_TIM_Base_MspInit
 .text.HAL_TIM_Base_Start_IT
                0x0000000008003b56       0x18 Drivers/STM32F4xx_HAL_Driver/Src/stm32f4xx_hal_tim.o
                0x0000000008003b56                HAL_TIM_Base_Start_IT
 .text.HAL_TIM_OC_DelayElapsedCallback
                0x0000000008003b6e        0x2 Drivers/STM32F4xx_HAL_Driver/Src/stm32f4xx_hal_tim.o
                0x0000000008003b6e                HAL_TIM_OC_DelayElapsedCallback
 .text.HAL_TIM_IC_CaptureCallback
                0x0000000008003b70        0x2 Drivers/STM32F4xx_HAL_Driver/Src/stm32f4xx_hal_tim.o
                0x0000000008003b70                HAL_TIM_IC_CaptureCallback
 .text.HAL_TIM_PWM_PulseFinishedCallback
                0x0000000008003b72        0x2 Drivers/STM32F4xx_HAL_Driver/Src/stm32f4xx_hal_tim.o
                0x0000000008003b72                HAL_TIM_PWM_PulseFinishedCallback
 .text.HAL_TIM_TriggerCallback
                0x0000000008003b74        0x2 Drivers/STM32F4xx_HAL_Driver/Src/stm32f4xx_hal_tim.o
                0x0000000008003b74                HAL_TIM_TriggerCallback
 .text.HAL_TIM_IRQHandler
                0x0000000008003b76      0x17a Drivers/STM32F4xx_HAL_Driver/Src/stm32f4xx_hal_tim.o
                0x0000000008003b76                HAL_TIM_IRQHandler
 .text.TIM_Base_SetConfig
                0x0000000008003cf0      0x11c Drivers/STM32F4xx_HAL_Driver/Src/stm32f4xx_hal_tim.o
                0x0000000008003cf0                TIM_Base_SetConfig
 .text.HAL_TIM_Base_Init
                0x0000000008003e0c       0x32 Drivers/STM32F4xx_HAL_Driver/Src/stm32f4xx_hal_tim.o
                0x0000000008003e0c                HAL_TIM_Base_Init
 .text.HAL_TIMEx_CommutationCallback
                0x0000000008003e3e        0x2 Drivers/STM32F4xx_HAL_Driver/Src/stm32f4xx_hal_tim_ex.o
                0x0000000008003e3e                HAL_TIMEx_CommutationCallback
 .text.HAL_TIMEx_BreakCallback
                0x0000000008003e40        0x2 Drivers/STM32F4xx_HAL_Driver/Src/stm32f4xx_hal_tim_ex.o
                0x0000000008003e40                HAL_TIMEx_BreakCallback
 .text.makeFreeRtosPriority
                0x0000000008003e42        0xc Middlewares/Third_Party/FreeRTOS/Source/CMSIS_RTOS/cmsis_os.o
 .text.osKernelStart
                0x0000000008003e4e        0xa Middlewares/Third_Party/FreeRTOS/Source/CMSIS_RTOS/cmsis_os.o
                0x0000000008003e4e                osKernelStart
 .text.osThreadCreate
                0x0000000008003e58       0x34 Middlewares/Third_Party/FreeRTOS/Source/CMSIS_RTOS/cmsis_os.o
                0x0000000008003e58                osThreadCreate
 .text.osDelay  0x0000000008003e8c       0x12 Middlewares/Third_Party/FreeRTOS/Source/CMSIS_RTOS/cmsis_os.o
                0x0000000008003e8c                osDelay
 .text.osSystickHandler
                0x0000000008003e9e       0x10 Middlewares/Third_Party/FreeRTOS/Source/CMSIS_RTOS/cmsis_os.o
                0x0000000008003e9e                osSystickHandler
 .text.vListInitialise
                0x0000000008003eae       0x16 Middlewares/Third_Party/FreeRTOS/Source/list.o
                0x0000000008003eae                vListInitialise
 .text.vListInitialiseItem
                0x0000000008003ec4        0x6 Middlewares/Third_Party/FreeRTOS/Source/list.o
                0x0000000008003ec4                vListInitialiseItem
 .text.vListInsertEnd
                0x0000000008003eca       0x18 Middlewares/Third_Party/FreeRTOS/Source/list.o
                0x0000000008003eca                vListInsertEnd
 .text.vListInsert
                0x0000000008003ee2       0x34 Middlewares/Third_Party/FreeRTOS/Source/list.o
                0x0000000008003ee2                vListInsert
 .text.uxListRemove
                0x0000000008003f16       0x26 Middlewares/Third_Party/FreeRTOS/Source/list.o
                0x0000000008003f16                uxListRemove
 .text.prvIsQueueFull
                0x0000000008003f3c       0x1e Middlewares/Third_Party/FreeRTOS/Source/queue.o
 .text.prvIsQueueEmpty
                0x0000000008003f5a       0x1a Middlewares/Third_Party/FreeRTOS/Source/queue.o
 .text.prvCopyDataToQueue
                0x0000000008003f74       0x76 Middlewares/Third_Party/FreeRTOS/Source/queue.o
 .text.prvCopyDataFromQueue
                0x0000000008003fea       0x24 Middlewares/Third_Party/FreeRTOS/Source/queue.o
 .text.prvUnlockQueue
                0x000000000800400e       0x6e Middlewares/Third_Party/FreeRTOS/Source/queue.o
 .text.xQueueGenericReset
                0x000000000800407c       0x80 Middlewares/Third_Party/FreeRTOS/Source/queue.o
                0x000000000800407c                xQueueGenericReset
 .text.prvInitialiseNewQueue
                0x00000000080040fc       0x1c Middlewares/Third_Party/FreeRTOS/Source/queue.o
 .text.xQueueGenericCreate
                0x0000000008004118       0x48 Middlewares/Third_Party/FreeRTOS/Source/queue.o
                0x0000000008004118                xQueueGenericCreate
 .text.xQueueGenericSend
                0x0000000008004160      0x188 Middlewares/Third_Party/FreeRTOS/Source/queue.o
                0x0000000008004160                xQueueGenericSend
 .text.prvInitialiseMutex
                0x00000000080042e8       0x18 Middlewares/Third_Party/FreeRTOS/Source/queue.o
 .text.xQueueCreateMutex
                0x0000000008004300       0x16 Middlewares/Third_Party/FreeRTOS/Source/queue.o
                0x0000000008004300                xQueueCreateMutex
 .text.xQueueGenericSendFromISR
                0x0000000008004316       0xde Middlewares/Third_Party/FreeRTOS/Source/queue.o
                0x0000000008004316                xQueueGenericSendFromISR
 .text.xQueueGenericReceive
                0x00000000080043f4      0x1b0 Middlewares/Third_Party/FreeRTOS/Source/queue.o
                0x00000000080043f4                xQueueGenericReceive
 .text.vQueueAddToRegistry
                0x00000000080045a4       0x28 Middlewares/Third_Party/FreeRTOS/Source/queue.o
                0x00000000080045a4                vQueueAddToRegistry
 .text.vQueueWaitForMessageRestricted
                0x00000000080045cc       0x52 Middlewares/Third_Party/FreeRTOS/Source/queue.o
                0x00000000080045cc                vQueueWaitForMessageRestricted
 *fill*         0x000000000800461e        0x2 
 .text.prvResetNextTaskUnblockTime
                0x0000000008004620       0x2c Middlewares/Third_Party/FreeRTOS/Source/tasks.o
 .text.prvDeleteTCB
                0x000000000800464c       0x12 Middlewares/Third_Party/FreeRTOS/Source/tasks.o
 .text.prvInitialiseNewTask
                0x000000000800465e       0x80 Middlewares/Third_Party/FreeRTOS/Source/tasks.o
 *fill*         0x00000000080046de        0x2 
 .text.prvInitialiseTaskLists
                0x00000000080046e0       0x58 Middlewares/Third_Party/FreeRTOS/Source/tasks.o
 .text.prvAddNewTaskToReadyList
                0x0000000008004738       0xac Middlewares/Third_Party/FreeRTOS/Source/tasks.o
 .text.prvAddCurrentTaskToDelayedList
                0x00000000080047e4       0x88 Middlewares/Third_Party/FreeRTOS/Source/tasks.o
 .text.xTaskCreate
                0x000000000800486c       0x62 Middlewares/Third_Party/FreeRTOS/Source/tasks.o
                0x000000000800486c                xTaskCreate
 *fill*         0x00000000080048ce        0x2 
 .text.vTaskStartScheduler
                0x00000000080048d0       0x7c Middlewares/Third_Party/FreeRTOS/Source/tasks.o
                0x00000000080048d0                vTaskStartScheduler
 .text.vTaskSuspendAll
                0x000000000800494c       0x14 Middlewares/Third_Party/FreeRTOS/Source/tasks.o
                0x000000000800494c                vTaskSuspendAll
 .text.xTaskGetTickCount
                0x0000000008004960        0xc Middlewares/Third_Party/FreeRTOS/Source/tasks.o
                0x0000000008004960                xTaskGetTickCount
 .text.xTaskIncrementTick
                0x000000000800496c      0x114 Middlewares/Third_Party/FreeRTOS/Source/tasks.o
                0x000000000800496c                xTaskIncrementTick
 .text.xTaskResumeAll
                0x0000000008004a80       0xf4 Middlewares/Third_Party/FreeRTOS/Source/tasks.o
                0x0000000008004a80                xTaskResumeAll
 .text.vTaskDelay
                0x0000000008004b74       0x50 Middlewares/Third_Party/FreeRTOS/Source/tasks.o
                0x0000000008004b74                vTaskDelay
 .text.prvCheckTasksWaitingTermination
                0x0000000008004bc4       0x54 Middlewares/Third_Party/FreeRTOS/Source/tasks.o
 .text.prvIdleTask
                0x0000000008004c18       0x28 Middlewares/Third_Party/FreeRTOS/Source/tasks.o
 .text.vTaskSwitchContext
                0x0000000008004c40       0x90 Middlewares/Third_Party/FreeRTOS/Source/tasks.o
                0x0000000008004c40                vTaskSwitchContext
 .text.vTaskPlaceOnEventList
                0x0000000008004cd0       0x34 Middlewares/Third_Party/FreeRTOS/Source/tasks.o
                0x0000000008004cd0                vTaskPlaceOnEventList
 .text.vTaskPlaceOnEventListRestricted
                0x0000000008004d04       0x3c Middlewares/Third_Party/FreeRTOS/Source/tasks.o
                0x0000000008004d04                vTaskPlaceOnEventListRestricted
 .text.xTaskRemoveFromEventList
                0x0000000008004d40       0x84 Middlewares/Third_Party/FreeRTOS/Source/tasks.o
                0x0000000008004d40                xTaskRemoveFromEventList
 .text.vTaskSetTimeOutState
                0x0000000008004dc4       0x28 Middlewares/Third_Party/FreeRTOS/Source/tasks.o
                0x0000000008004dc4                vTaskSetTimeOutState
 .text.xTaskCheckForTimeOut
                0x0000000008004dec       0x80 Middlewares/Third_Party/FreeRTOS/Source/tasks.o
                0x0000000008004dec                xTaskCheckForTimeOut
 .text.vTaskMissedYield
                0x0000000008004e6c       0x10 Middlewares/Third_Party/FreeRTOS/Source/tasks.o
                0x0000000008004e6c                vTaskMissedYield
 .text.xTaskGetSchedulerState
                0x0000000008004e7c       0x20 Middlewares/Third_Party/FreeRTOS/Source/tasks.o
                0x0000000008004e7c                xTaskGetSchedulerState
 .text.vTaskPriorityInherit
                0x0000000008004e9c       0xb0 Middlewares/Third_Party/FreeRTOS/Source/tasks.o
                0x0000000008004e9c                vTaskPriorityInherit
 .text.xTaskPriorityDisinherit
                0x0000000008004f4c       0xb8 Middlewares/Third_Party/FreeRTOS/Source/tasks.o
                0x0000000008004f4c                xTaskPriorityDisinherit
 .text.pvTaskIncrementMutexHeldCount
                0x0000000008005004       0x20 Middlewares/Third_Party/FreeRTOS/Source/tasks.o
                0x0000000008005004                pvTaskIncrementMutexHeldCount
 .text.prvGetNextExpireTime
                0x0000000008005024       0x20 Middlewares/Third_Party/FreeRTOS/Source/timers.o
 .text.prvInsertTimerInActiveList
                0x0000000008005044       0x44 Middlewares/Third_Party/FreeRTOS/Source/timers.o
 .text.prvCheckForValidListAndQueue
                0x0000000008005088       0x4c Middlewares/Third_Party/FreeRTOS/Source/timers.o
 .text.prvInitialiseNewTimer
                0x00000000080050d4       0x40 Middlewares/Third_Party/FreeRTOS/Source/timers.o
 .text.xTimerCreateTimerTask
                0x0000000008005114       0x54 Middlewares/Third_Party/FreeRTOS/Source/timers.o
                0x0000000008005114                xTimerCreateTimerTask
 .text.xTimerCreate
                0x0000000008005168       0x32 Middlewares/Third_Party/FreeRTOS/Source/timers.o
                0x0000000008005168                xTimerCreate
 *fill*         0x000000000800519a        0x2 
 .text.xTimerGenericCommand
                0x000000000800519c       0x6c Middlewares/Third_Party/FreeRTOS/Source/timers.o
                0x000000000800519c                xTimerGenericCommand
 .text.prvSwitchTimerLists
                0x0000000008005208       0x88 Middlewares/Third_Party/FreeRTOS/Source/timers.o
 .text.prvSampleTimeNow
                0x0000000008005290       0x2c Middlewares/Third_Party/FreeRTOS/Source/timers.o
 .text.prvProcessExpiredTimer
                0x00000000080052bc       0x60 Middlewares/Third_Party/FreeRTOS/Source/timers.o
 .text.prvProcessTimerOrBlockTask
                0x000000000800531c       0x70 Middlewares/Third_Party/FreeRTOS/Source/timers.o
 .text.prvProcessReceivedCommands
                0x000000000800538c       0xe4 Middlewares/Third_Party/FreeRTOS/Source/timers.o
 .text.prvTimerTask
                0x0000000008005470       0x16 Middlewares/Third_Party/FreeRTOS/Source/timers.o
 *fill*         0x0000000008005486        0x2 
 .text.prvTaskExitError
                0x0000000008005488       0x34 Middlewares/Third_Party/FreeRTOS/Source/portable/GCC/ARM_CM4F/port.o
 .text.prvPortStartFirstTask
                0x00000000080054bc       0x20 Middlewares/Third_Party/FreeRTOS/Source/portable/GCC/ARM_CM4F/port.o
 .text.vPortEnableVFP
                0x00000000080054dc       0x14 Middlewares/Third_Party/FreeRTOS/Source/portable/GCC/ARM_CM4F/port.o
 .text.pxPortInitialiseStack
                0x00000000080054f0       0x2c Middlewares/Third_Party/FreeRTOS/Source/portable/GCC/ARM_CM4F/port.o
                0x00000000080054f0                pxPortInitialiseStack
 *fill*         0x000000000800551c        0x4 
 .text.SVC_Handler
                0x0000000008005520       0x24 Middlewares/Third_Party/FreeRTOS/Source/portable/GCC/ARM_CM4F/port.o
                0x0000000008005520                SVC_Handler
 .text.vPortEnterCritical
                0x0000000008005544       0x44 Middlewares/Third_Party/FreeRTOS/Source/portable/GCC/ARM_CM4F/port.o
                0x0000000008005544                vPortEnterCritical
 .text.vPortExitCritical
                0x0000000008005588       0x2c Middlewares/Third_Party/FreeRTOS/Source/portable/GCC/ARM_CM4F/port.o
                0x0000000008005588                vPortExitCritical
 *fill*         0x00000000080055b4        0xc 
 .text.PendSV_Handler
                0x00000000080055c0       0x64 Middlewares/Third_Party/FreeRTOS/Source/portable/GCC/ARM_CM4F/port.o
                0x00000000080055c0                PendSV_Handler
 .text.xPortSysTickHandler
                0x0000000008005624       0x2c Middlewares/Third_Party/FreeRTOS/Source/portable/GCC/ARM_CM4F/port.o
                0x0000000008005624                xPortSysTickHandler
 .text.vPortSetupTimerInterrupt
                0x0000000008005650       0x2c Middlewares/Third_Party/FreeRTOS/Source/portable/GCC/ARM_CM4F/port.o
                0x0000000008005650                vPortSetupTimerInterrupt
 .text.xPortStartScheduler
                0x000000000800567c       0xe8 Middlewares/Third_Party/FreeRTOS/Source/portable/GCC/ARM_CM4F/port.o
                0x000000000800567c                xPortStartScheduler
 .text.vPortValidateInterruptPriority
                0x0000000008005764       0x58 Middlewares/Third_Party/FreeRTOS/Source/portable/GCC/ARM_CM4F/port.o
                0x0000000008005764                vPortValidateInterruptPriority
 .text.prvHeapInit
                0x00000000080057bc       0x58 Middlewares/Third_Party/FreeRTOS/Source/portable/MemMang/heap_4.o
 .text.prvInsertBlockIntoFreeList
                0x0000000008005814       0x58 Middlewares/Third_Party/FreeRTOS/Source/portable/MemMang/heap_4.o
 .text.pvPortMalloc
                0x000000000800586c      0x10c Middlewares/Third_Party/FreeRTOS/Source/portable/MemMang/heap_4.o
                0x000000000800586c                pvPortMalloc
 .text.vPortFree
                0x0000000008005978       0x70 Middlewares/Third_Party/FreeRTOS/Source/portable/MemMang/heap_4.o
                0x0000000008005978                vPortFree
 .text.AHRSUpdateTaskEntry
                0x00000000080059e8      0x15c Src/AHRSTask.o
                0x00000000080059e8                AHRSUpdateTaskEntry
 .text.I2CTimeoutTimerCallback
                0x0000000008005b44       0x24 Src/I2CTask.o
                0x0000000008005b44                I2CTimeoutTimerCallback
 .text.AccGyroTaskEntry
                0x0000000008005b68       0x4c Src/I2CTask.o
                0x0000000008005b68                AccGyroTaskEntry
 .text.MagTaskEntry
                0x0000000008005bb4       0x3c Src/I2CTask.o
                0x0000000008005bb4                MagTaskEntry
 .text.SPITaskEntry
                0x0000000008005bf0       0xc8 Src/I2CTask.o
                0x0000000008005bf0                SPITaskEntry
 .text.DebugLEDTaskEntry
                0x0000000008005cb8      0x154 Src/I2CTask.o
                0x0000000008005cb8                DebugLEDTaskEntry
 .text.invSqrt  0x0000000008005e0c       0x38 Src/MadgwickAHRS.o
                0x0000000008005e0c                invSqrt
 .text.MadgwickAHRSupdateIMU
                0x0000000008005e44      0x360 Src/MadgwickAHRS.o
                0x0000000008005e44                MadgwickAHRSupdateIMU
 .text.MadgwickAHRSupdate
                0x00000000080061a4      0x97c Src/MadgwickAHRS.o
                0x00000000080061a4                MadgwickAHRSupdate
 .text.MX_DMA_Init
                0x0000000008006b20       0x58 Src/dma.o
                0x0000000008006b20                MX_DMA_Init
 .text.EE_VerifyPageFullyErased
                0x0000000008006b78       0x24 Src/eeprom.o
 .text.EE_FindValidPage
                0x0000000008006b9c       0x50 Src/eeprom.o
 .text.EE_VerifyPageFullWriteVariable
                0x0000000008006bec       0x5c Src/eeprom.o
 .text.EE_Format
                0x0000000008006c48       0x64 Src/eeprom.o
 .text.EE_ReadVariable
                0x0000000008006cac       0x44 Src/eeprom.o
                0x0000000008006cac                EE_ReadVariable
 .text.EE_Init  0x0000000008006cf0      0x274 Src/eeprom.o
                0x0000000008006cf0                EE_Init
 .text.EE_PageTransfer
                0x0000000008006f64       0xc8 Src/eeprom.o
 .text.EE_WriteVariable
                0x000000000800702c       0x1a Src/eeprom.o
                0x000000000800702c                EE_WriteVariable
 .text.StartDefaultTask
                0x0000000008007046        0xa Src/freertos.o
                0x0000000008007046                StartDefaultTask
 .text.MX_FREERTOS_Init
                0x0000000008007050       0xc0 Src/freertos.o
                0x0000000008007050                MX_FREERTOS_Init
 .text.MX_GPIO_Init
                0x0000000008007110      0x248 Src/gpio.o
                0x0000000008007110                MX_GPIO_Init
 .text.MX_I2C1_Init
                0x0000000008007358       0x44 Src/i2c.o
                0x0000000008007358                MX_I2C1_Init
 .text.HAL_I2C_MspInit
                0x000000000800739c       0xdc Src/i2c.o
                0x000000000800739c                HAL_I2C_MspInit
 .text.HAL_I2C_MspDeInit
                0x0000000008007478       0x48 Src/i2c.o
                0x0000000008007478                HAL_I2C_MspDeInit
 .text.MX_IWDG_Init
                0x00000000080074c0       0x30 Src/iwdg.o
                0x00000000080074c0                MX_IWDG_Init
 .text.MX_NVIC_Init
                0x00000000080074f0       0x54 Src/main.o
 .text.HAL_TIM_PeriodElapsedCallback
                0x0000000008007544       0x18 Src/main.o
                0x0000000008007544                HAL_TIM_PeriodElapsedCallback
 .text._Error_Handler
                0x000000000800755c        0x2 Src/main.o
                0x000000000800755c                _Error_Handler
 *fill*         0x000000000800755e        0x2 
 .text.SystemClock_Config
                0x0000000008007560       0xc8 Src/main.o
                0x0000000008007560                SystemClock_Config
 .text.main     0x0000000008007628       0xd8 Src/main.o
                0x0000000008007628                main
 .text.MX_SPI1_Init
                0x0000000008007700       0x40 Src/spi.o
                0x0000000008007700                MX_SPI1_Init
 .text.HAL_SPI_MspInit
                0x0000000008007740      0x110 Src/spi.o
                0x0000000008007740                HAL_SPI_MspInit
 .text.HAL_MspInit
                0x0000000008007850       0x5e Src/stm32f4xx_hal_msp.o
                0x0000000008007850                HAL_MspInit
 *fill*         0x00000000080078ae        0x2 
 .text.HAL_InitTick
                0x00000000080078b0       0x7c Src/stm32f4xx_hal_timebase_TIM.o
                0x00000000080078b0                HAL_InitTick
 .text.SysTick_Handler
                0x000000000800792c        0x8 Src/stm32f4xx_it.o
                0x000000000800792c                SysTick_Handler
 .text.DMA1_Stream0_IRQHandler
                0x0000000008007934       0x10 Src/stm32f4xx_it.o
                0x0000000008007934                DMA1_Stream0_IRQHandler
 .text.DMA1_Stream6_IRQHandler
                0x0000000008007944       0x10 Src/stm32f4xx_it.o
                0x0000000008007944                DMA1_Stream6_IRQHandler
 .text.TIM3_IRQHandler
                0x0000000008007954       0x10 Src/stm32f4xx_it.o
                0x0000000008007954                TIM3_IRQHandler
 .text.I2C1_EV_IRQHandler
                0x0000000008007964       0x10 Src/stm32f4xx_it.o
                0x0000000008007964                I2C1_EV_IRQHandler
 .text.I2C1_ER_IRQHandler
                0x0000000008007974       0x10 Src/stm32f4xx_it.o
                0x0000000008007974                I2C1_ER_IRQHandler
 .text.SPI1_IRQHandler
                0x0000000008007984       0x10 Src/stm32f4xx_it.o
                0x0000000008007984                SPI1_IRQHandler
 .text.DMA2_Stream0_IRQHandler
                0x0000000008007994       0x10 Src/stm32f4xx_it.o
                0x0000000008007994                DMA2_Stream0_IRQHandler
 .text.DMA2_Stream3_IRQHandler
                0x00000000080079a4       0x10 Src/stm32f4xx_it.o
                0x00000000080079a4                DMA2_Stream3_IRQHandler
 .text.SystemInit
                0x00000000080079b4       0x4c Src/system_stm32f4xx.o
                0x00000000080079b4                SystemInit
 .text.LIS3MDL_UpdateCmd
                0x0000000008007a00       0xf0 Src/Sensors/LIS3MDL.o
                0x0000000008007a00                LIS3MDL_UpdateCmd
 .text.LIS3MDL_WriteCmd
                0x0000000008007af0       0x90 Src/Sensors/LIS3MDL.o
                0x0000000008007af0                LIS3MDL_WriteCmd
 .text.LIS3MDL_ReadCmd
                0x0000000008007b80       0x90 Src/Sensors/LIS3MDL.o
                0x0000000008007b80                LIS3MDL_ReadCmd
 .text.LIS3MDL_SetSpeedMG
                0x0000000008007c10       0x10 Src/Sensors/LIS3MDL.o
                0x0000000008007c10                LIS3MDL_SetSpeedMG
 .text.LIS3MDL_Read
                0x0000000008007c20       0x84 Src/Sensors/LIS3MDL.o
                0x0000000008007c20                LIS3MDL_Read
 .text.LIS3MDL_Calibrate
                0x0000000008007ca4       0xe8 Src/Sensors/LIS3MDL.o
                0x0000000008007ca4                LIS3MDL_Calibrate
 .text.LIS3MDL_Init
                0x0000000008007d8c       0xc8 Src/Sensors/LIS3MDL.o
                0x0000000008007d8c                LIS3MDL_Init
 .text.LSM6DS33_WriteCmd
                0x0000000008007e54       0x90 Src/Sensors/LSM6DS33.o
                0x0000000008007e54                LSM6DS33_WriteCmd
 .text.LSM6DS33_UpdateCmd
                0x0000000008007ee4       0xd8 Src/Sensors/LSM6DS33.o
                0x0000000008007ee4                LSM6DS33_UpdateCmd
 .text.LSM6DS33_ReadCmd
                0x0000000008007fbc       0x90 Src/Sensors/LSM6DS33.o
                0x0000000008007fbc                LSM6DS33_ReadCmd
 .text.LSM6DS33_SetSpeedXL
                0x000000000800804c       0x10 Src/Sensors/LSM6DS33.o
                0x000000000800804c                LSM6DS33_SetSpeedXL
 .text.LSM6DS33_SetSpeedG
                0x000000000800805c       0x10 Src/Sensors/LSM6DS33.o
                0x000000000800805c                LSM6DS33_SetSpeedG
 .text.LSM6DS33_Init
                0x000000000800806c       0x78 Src/Sensors/LSM6DS33.o
                0x000000000800806c                LSM6DS33_Init
 .text.LSM6DS33_Read
                0x00000000080080e4       0xa6 Src/Sensors/LSM6DS33.o
                0x00000000080080e4                LSM6DS33_Read
 *fill*         0x000000000800818a        0x2 
 .text.Reset_Handler
                0x000000000800818c       0x50 startup/startup_stm32f407xx.o
                0x000000000800818c                Reset_Handler
 .text.Default_Handler
                0x00000000080081dc        0x2 startup/startup_stm32f407xx.o
                0x00000000080081dc                RTC_Alarm_IRQHandler
                0x00000000080081dc                HASH_RNG_IRQHandler
                0x00000000080081dc                EXTI2_IRQHandler
                0x00000000080081dc                TIM8_CC_IRQHandler
                0x00000000080081dc                DebugMon_Handler
                0x00000000080081dc                TIM1_CC_IRQHandler
                0x00000000080081dc                DMA2_Stream5_IRQHandler
                0x00000000080081dc                HardFault_Handler
                0x00000000080081dc                DMA1_Stream5_IRQHandler
                0x00000000080081dc                PVD_IRQHandler
                0x00000000080081dc                SDIO_IRQHandler
                0x00000000080081dc                TAMP_STAMP_IRQHandler
                0x00000000080081dc                NMI_Handler
                0x00000000080081dc                CAN2_RX1_IRQHandler
                0x00000000080081dc                EXTI3_IRQHandler
                0x00000000080081dc                TIM8_TRG_COM_TIM14_IRQHandler
                0x00000000080081dc                TIM1_UP_TIM10_IRQHandler
                0x00000000080081dc                TIM8_UP_TIM13_IRQHandler
                0x00000000080081dc                I2C3_ER_IRQHandler
                0x00000000080081dc                EXTI0_IRQHandler
                0x00000000080081dc                I2C2_EV_IRQHandler
                0x00000000080081dc                DMA1_Stream2_IRQHandler
                0x00000000080081dc                CAN1_RX0_IRQHandler
                0x00000000080081dc                FPU_IRQHandler
                0x00000000080081dc                OTG_HS_WKUP_IRQHandler
                0x00000000080081dc                UsageFault_Handler
                0x00000000080081dc                CAN2_SCE_IRQHandler
                0x00000000080081dc                DMA2_Stream2_IRQHandler
                0x00000000080081dc                TIM6_DAC_IRQHandler
                0x00000000080081dc                TIM1_BRK_TIM9_IRQHandler
                0x00000000080081dc                DCMI_IRQHandler
                0x00000000080081dc                CAN2_RX0_IRQHandler
                0x00000000080081dc                USART6_IRQHandler
                0x00000000080081dc                USART3_IRQHandler
                0x00000000080081dc                CAN1_RX1_IRQHandler
                0x00000000080081dc                UART5_IRQHandler
                0x00000000080081dc                TIM4_IRQHandler
                0x00000000080081dc                DMA1_Stream1_IRQHandler
                0x00000000080081dc                UART4_IRQHandler
                0x00000000080081dc                RCC_IRQHandler
                0x00000000080081dc                TIM8_BRK_TIM12_IRQHandler
                0x00000000080081dc                Default_Handler
                0x00000000080081dc                EXTI15_10_IRQHandler
                0x00000000080081dc                ADC_IRQHandler
                0x00000000080081dc                DMA1_Stream7_IRQHandler
                0x00000000080081dc                TIM7_IRQHandler
                0x00000000080081dc                CAN2_TX_IRQHandler
                0x00000000080081dc                TIM5_IRQHandler
                0x00000000080081dc                DMA2_Stream7_IRQHandler
                0x00000000080081dc                I2C3_EV_IRQHandler
                0x00000000080081dc                EXTI9_5_IRQHandler
                0x00000000080081dc                RTC_WKUP_IRQHandler
                0x00000000080081dc                ETH_WKUP_IRQHandler
                0x00000000080081dc                SPI2_IRQHandler
                0x00000000080081dc                OTG_HS_EP1_IN_IRQHandler
                0x00000000080081dc                MemManage_Handler
                0x00000000080081dc                CAN1_TX_IRQHandler
                0x00000000080081dc                EXTI4_IRQHandler
                0x00000000080081dc                FSMC_IRQHandler
                0x00000000080081dc                ETH_IRQHandler
                0x00000000080081dc                OTG_HS_EP1_OUT_IRQHandler
                0x00000000080081dc                WWDG_IRQHandler
                0x00000000080081dc                TIM2_IRQHandler
                0x00000000080081dc                OTG_FS_WKUP_IRQHandler
                0x00000000080081dc                TIM1_TRG_COM_TIM11_IRQHandler
                0x00000000080081dc                OTG_HS_IRQHandler
                0x00000000080081dc                EXTI1_IRQHandler
                0x00000000080081dc                USART2_IRQHandler
                0x00000000080081dc                I2C2_ER_IRQHandler
                0x00000000080081dc                DMA2_Stream1_IRQHandler
                0x00000000080081dc                CAN1_SCE_IRQHandler
                0x00000000080081dc                FLASH_IRQHandler
                0x00000000080081dc                DMA2_Stream4_IRQHandler
                0x00000000080081dc                BusFault_Handler
                0x00000000080081dc                USART1_IRQHandler
                0x00000000080081dc                OTG_FS_IRQHandler
                0x00000000080081dc                SPI3_IRQHandler
                0x00000000080081dc                DMA1_Stream4_IRQHandler
                0x00000000080081dc                DMA2_Stream6_IRQHandler
                0x00000000080081dc                DMA1_Stream3_IRQHandler
 *fill*         0x00000000080081de        0x2 
 .text.sqrt     0x00000000080081e0       0xb8 /home/bartek/.eclipse/org.eclipse.platform_4.7.3_155965261_linux_gtk_x86_64/plugins/fr.ac6.mcu.externaltools.arm-none.linux64_1.15.0.201708311556/tools/compiler/bin/../lib/gcc/arm-none-eabi/6.3.1/../../../../arm-none-eabi/lib/thumb/v7e-m/fpv4-sp/hard/libm.a(lib_a-w_sqrt.o)
                0x00000000080081e0                sqrt
 .text.asinf    0x0000000008008298       0xb8 /home/bartek/.eclipse/org.eclipse.platform_4.7.3_155965261_linux_gtk_x86_64/plugins/fr.ac6.mcu.externaltools.arm-none.linux64_1.15.0.201708311556/tools/compiler/bin/../lib/gcc/arm-none-eabi/6.3.1/../../../../arm-none-eabi/lib/thumb/v7e-m/fpv4-sp/hard/libm.a(lib_a-wf_asin.o)
                0x0000000008008298                asinf
 .text.atan2f   0x0000000008008350        0x4 /home/bartek/.eclipse/org.eclipse.platform_4.7.3_155965261_linux_gtk_x86_64/plugins/fr.ac6.mcu.externaltools.arm-none.linux64_1.15.0.201708311556/tools/compiler/bin/../lib/gcc/arm-none-eabi/6.3.1/../../../../arm-none-eabi/lib/thumb/v7e-m/fpv4-sp/hard/libm.a(lib_a-wf_atan2.o)
                0x0000000008008350                atan2f
 .text.__ieee754_sqrt
                0x0000000008008354      0x198 /home/bartek/.eclipse/org.eclipse.platform_4.7.3_155965261_linux_gtk_x86_64/plugins/fr.ac6.mcu.externaltools.arm-none.linux64_1.15.0.201708311556/tools/compiler/bin/../lib/gcc/arm-none-eabi/6.3.1/../../../../arm-none-eabi/lib/thumb/v7e-m/fpv4-sp/hard/libm.a(lib_a-e_sqrt.o)
                0x0000000008008354                __ieee754_sqrt
 .text.__ieee754_asinf
                0x00000000080084ec      0x1f8 /home/bartek/.eclipse/org.eclipse.platform_4.7.3_155965261_linux_gtk_x86_64/plugins/fr.ac6.mcu.externaltools.arm-none.linux64_1.15.0.201708311556/tools/compiler/bin/../lib/gcc/arm-none-eabi/6.3.1/../../../../arm-none-eabi/lib/thumb/v7e-m/fpv4-sp/hard/libm.a(lib_a-ef_asin.o)
                0x00000000080084ec                __ieee754_asinf
 .text.__ieee754_atan2f
                0x00000000080086e4      0x180 /home/bartek/.eclipse/org.eclipse.platform_4.7.3_155965261_linux_gtk_x86_64/plugins/fr.ac6.mcu.externaltools.arm-none.linux64_1.15.0.201708311556/tools/compiler/bin/../lib/gcc/arm-none-eabi/6.3.1/../../../../arm-none-eabi/lib/thumb/v7e-m/fpv4-sp/hard/libm.a(lib_a-ef_atan2.o)
                0x00000000080086e4                __ieee754_atan2f
 .text.__ieee754_sqrtf
                0x0000000008008864        0x8 /home/bartek/.eclipse/org.eclipse.platform_4.7.3_155965261_linux_gtk_x86_64/plugins/fr.ac6.mcu.externaltools.arm-none.linux64_1.15.0.201708311556/tools/compiler/bin/../lib/gcc/arm-none-eabi/6.3.1/../../../../arm-none-eabi/lib/thumb/v7e-m/fpv4-sp/hard/libm.a(lib_a-ef_sqrt.o)
                0x0000000008008864                __ieee754_sqrtf
 .text.matherr  0x000000000800886c        0x4 /home/bartek/.eclipse/org.eclipse.platform_4.7.3_155965261_linux_gtk_x86_64/plugins/fr.ac6.mcu.externaltools.arm-none.linux64_1.15.0.201708311556/tools/compiler/bin/../lib/gcc/arm-none-eabi/6.3.1/../../../../arm-none-eabi/lib/thumb/v7e-m/fpv4-sp/hard/libm.a(lib_a-s_matherr.o)
                0x000000000800886c                matherr
 .text.nan      0x0000000008008870       0x10 /home/bartek/.eclipse/org.eclipse.platform_4.7.3_155965261_linux_gtk_x86_64/plugins/fr.ac6.mcu.externaltools.arm-none.linux64_1.15.0.201708311556/tools/compiler/bin/../lib/gcc/arm-none-eabi/6.3.1/../../../../arm-none-eabi/lib/thumb/v7e-m/fpv4-sp/hard/libm.a(lib_a-s_nan.o)
                0x0000000008008870                nan
 .text.atanf    0x0000000008008880      0x1b0 /home/bartek/.eclipse/org.eclipse.platform_4.7.3_155965261_linux_gtk_x86_64/plugins/fr.ac6.mcu.externaltools.arm-none.linux64_1.15.0.201708311556/tools/compiler/bin/../lib/gcc/arm-none-eabi/6.3.1/../../../../arm-none-eabi/lib/thumb/v7e-m/fpv4-sp/hard/libm.a(lib_a-sf_atan.o)
                0x0000000008008880                atanf
 .text.fabsf    0x0000000008008a30       0x10 /home/bartek/.eclipse/org.eclipse.platform_4.7.3_155965261_linux_gtk_x86_64/plugins/fr.ac6.mcu.externaltools.arm-none.linux64_1.15.0.201708311556/tools/compiler/bin/../lib/gcc/arm-none-eabi/6.3.1/../../../../arm-none-eabi/lib/thumb/v7e-m/fpv4-sp/hard/libm.a(lib_a-sf_fabs.o)
                0x0000000008008a30                fabsf
 .text.__errno  0x0000000008008a40        0xc /home/bartek/.eclipse/org.eclipse.platform_4.7.3_155965261_linux_gtk_x86_64/plugins/fr.ac6.mcu.externaltools.arm-none.linux64_1.15.0.201708311556/tools/compiler/bin/../lib/gcc/arm-none-eabi/6.3.1/../../../../arm-none-eabi/lib/thumb/v7e-m/fpv4-sp/hard/libc_nano.a(lib_a-errno.o)
                0x0000000008008a40                __errno
 .text.__libc_init_array
                0x0000000008008a4c       0x48 /home/bartek/.eclipse/org.eclipse.platform_4.7.3_155965261_linux_gtk_x86_64/plugins/fr.ac6.mcu.externaltools.arm-none.linux64_1.15.0.201708311556/tools/compiler/bin/../lib/gcc/arm-none-eabi/6.3.1/../../../../arm-none-eabi/lib/thumb/v7e-m/fpv4-sp/hard/libc_nano.a(lib_a-init.o)
                0x0000000008008a4c                __libc_init_array
 .text.memcpy   0x0000000008008a94       0x16 /home/bartek/.eclipse/org.eclipse.platform_4.7.3_155965261_linux_gtk_x86_64/plugins/fr.ac6.mcu.externaltools.arm-none.linux64_1.15.0.201708311556/tools/compiler/bin/../lib/gcc/arm-none-eabi/6.3.1/../../../../arm-none-eabi/lib/thumb/v7e-m/fpv4-sp/hard/libc_nano.a(lib_a-memcpy-stub.o)
                0x0000000008008a94                memcpy
 *(.glue_7)
 .glue_7        0x0000000008008aaa        0x0 linker stubs
 *(.glue_7t)
 .glue_7t       0x0000000008008aaa        0x0 linker stubs
 *(.eh_frame)
 *fill*         0x0000000008008aaa        0x2 
 .eh_frame      0x0000000008008aac        0x0 /home/bartek/.eclipse/org.eclipse.platform_4.7.3_155965261_linux_gtk_x86_64/plugins/fr.ac6.mcu.externaltools.arm-none.linux64_1.15.0.201708311556/tools/compiler/bin/../lib/gcc/arm-none-eabi/6.3.1/thumb/v7e-m/fpv4-sp/hard/crtbegin.o
 *(.init)
 .init          0x0000000008008aac        0x4 /home/bartek/.eclipse/org.eclipse.platform_4.7.3_155965261_linux_gtk_x86_64/plugins/fr.ac6.mcu.externaltools.arm-none.linux64_1.15.0.201708311556/tools/compiler/bin/../lib/gcc/arm-none-eabi/6.3.1/thumb/v7e-m/fpv4-sp/hard/crti.o
                0x0000000008008aac                _init
 .init          0x0000000008008ab0        0x8 /home/bartek/.eclipse/org.eclipse.platform_4.7.3_155965261_linux_gtk_x86_64/plugins/fr.ac6.mcu.externaltools.arm-none.linux64_1.15.0.201708311556/tools/compiler/bin/../lib/gcc/arm-none-eabi/6.3.1/thumb/v7e-m/fpv4-sp/hard/crtn.o
 *(.fini)
 .fini          0x0000000008008ab8        0x4 /home/bartek/.eclipse/org.eclipse.platform_4.7.3_155965261_linux_gtk_x86_64/plugins/fr.ac6.mcu.externaltools.arm-none.linux64_1.15.0.201708311556/tools/compiler/bin/../lib/gcc/arm-none-eabi/6.3.1/thumb/v7e-m/fpv4-sp/hard/crti.o
                0x0000000008008ab8                _fini
 .fini          0x0000000008008abc        0x8 /home/bartek/.eclipse/org.eclipse.platform_4.7.3_155965261_linux_gtk_x86_64/plugins/fr.ac6.mcu.externaltools.arm-none.linux64_1.15.0.201708311556/tools/compiler/bin/../lib/gcc/arm-none-eabi/6.3.1/thumb/v7e-m/fpv4-sp/hard/crtn.o
                0x0000000008008ac4                . = ALIGN (0x4)
                0x0000000008008ac4                _etext = .

.vfp11_veneer   0x0000000008008ac4        0x0
 .vfp11_veneer  0x0000000008008ac4        0x0 linker stubs

.v4_bx          0x0000000008008ac4        0x0
 .v4_bx         0x0000000008008ac4        0x0 linker stubs

.iplt           0x0000000008008ac4        0x0
 .iplt          0x0000000008008ac4        0x0 /home/bartek/.eclipse/org.eclipse.platform_4.7.3_155965261_linux_gtk_x86_64/plugins/fr.ac6.mcu.externaltools.arm-none.linux64_1.15.0.201708311556/tools/compiler/bin/../lib/gcc/arm-none-eabi/6.3.1/thumb/v7e-m/fpv4-sp/hard/crtbegin.o

.rodata         0x0000000008008ac4      0x178
                0x0000000008008ac4                . = ALIGN (0x4)
 *(.rodata)
 .rodata        0x0000000008008ac4        0x8 Drivers/STM32F4xx_HAL_Driver/Src/stm32f4xx_hal_dma.o
 .rodata        0x0000000008008acc       0x78 Src/freertos.o
 .rodata        0x0000000008008b44       0x18 Src/system_stm32f4xx.o
                0x0000000008008b44                AHBPrescTable
                0x0000000008008b54                APBPrescTable
 .rodata        0x0000000008008b5c        0xe Src/Sensors/LIS3MDL.o
 *(.rodata*)
 *fill*         0x0000000008008b6a        0x2 
 .rodata.str1.4
                0x0000000008008b6c        0x5 Middlewares/Third_Party/FreeRTOS/Source/tasks.o
 *fill*         0x0000000008008b71        0x3 
 .rodata.str1.4
                0x0000000008008b74       0x10 Middlewares/Third_Party/FreeRTOS/Source/timers.o
 .rodata.str1.4
                0x0000000008008b84       0x44 Src/freertos.o
 .rodata.str1.4
                0x0000000008008bc8        0xd Src/i2c.o
 *fill*         0x0000000008008bd5        0x3 
 .rodata.str1.4
                0x0000000008008bd8        0xe Src/iwdg.o
 *fill*         0x0000000008008be6        0x2 
 .rodata.str1.4
                0x0000000008008be8       0x14 Src/main.o
 .rodata.str1.4
                0x0000000008008bfc        0xd Src/spi.o
 *fill*         0x0000000008008c09        0x3 
 .rodata.sqrt.str1.4
                0x0000000008008c0c        0x5 /home/bartek/.eclipse/org.eclipse.platform_4.7.3_155965261_linux_gtk_x86_64/plugins/fr.ac6.mcu.externaltools.arm-none.linux64_1.15.0.201708311556/tools/compiler/bin/../lib/gcc/arm-none-eabi/6.3.1/../../../../arm-none-eabi/lib/thumb/v7e-m/fpv4-sp/hard/libm.a(lib_a-w_sqrt.o)
 *fill*         0x0000000008008c11        0x3 
 .rodata.asinf.str1.4
                0x0000000008008c14        0x8 /home/bartek/.eclipse/org.eclipse.platform_4.7.3_155965261_linux_gtk_x86_64/plugins/fr.ac6.mcu.externaltools.arm-none.linux64_1.15.0.201708311556/tools/compiler/bin/../lib/gcc/arm-none-eabi/6.3.1/../../../../arm-none-eabi/lib/thumb/v7e-m/fpv4-sp/hard/libm.a(lib_a-wf_asin.o)
                                          0x9 (size before relaxing)
 .rodata.atanhi
                0x0000000008008c1c       0x10 /home/bartek/.eclipse/org.eclipse.platform_4.7.3_155965261_linux_gtk_x86_64/plugins/fr.ac6.mcu.externaltools.arm-none.linux64_1.15.0.201708311556/tools/compiler/bin/../lib/gcc/arm-none-eabi/6.3.1/../../../../arm-none-eabi/lib/thumb/v7e-m/fpv4-sp/hard/libm.a(lib_a-sf_atan.o)
 .rodata.atanlo
                0x0000000008008c2c       0x10 /home/bartek/.eclipse/org.eclipse.platform_4.7.3_155965261_linux_gtk_x86_64/plugins/fr.ac6.mcu.externaltools.arm-none.linux64_1.15.0.201708311556/tools/compiler/bin/../lib/gcc/arm-none-eabi/6.3.1/../../../../arm-none-eabi/lib/thumb/v7e-m/fpv4-sp/hard/libm.a(lib_a-sf_atan.o)
                0x0000000008008c3c                . = ALIGN (0x4)

.ARM.extab
 *(.ARM.extab* .gnu.linkonce.armextab.*)

.ARM            0x0000000008008c3c        0x8
                0x0000000008008c3c                __exidx_start = .
 *(.ARM.exidx*)
 .ARM.exidx     0x0000000008008c3c        0x8 /home/bartek/.eclipse/org.eclipse.platform_4.7.3_155965261_linux_gtk_x86_64/plugins/fr.ac6.mcu.externaltools.arm-none.linux64_1.15.0.201708311556/tools/compiler/bin/../lib/gcc/arm-none-eabi/6.3.1/thumb/v7e-m/fpv4-sp/hard/libgcc.a(_udivmoddi4.o)
                0x0000000008008c44                __exidx_end = .

.rel.dyn        0x0000000008008c44        0x0
 .rel.iplt      0x0000000008008c44        0x0 /home/bartek/.eclipse/org.eclipse.platform_4.7.3_155965261_linux_gtk_x86_64/plugins/fr.ac6.mcu.externaltools.arm-none.linux64_1.15.0.201708311556/tools/compiler/bin/../lib/gcc/arm-none-eabi/6.3.1/thumb/v7e-m/fpv4-sp/hard/crtbegin.o

.preinit_array  0x0000000008008c44        0x0
                0x0000000008008c44                PROVIDE (__preinit_array_start, .)
 *(.preinit_array*)
                0x0000000008008c44                PROVIDE (__preinit_array_end, .)

.init_array     0x0000000008008c44        0x4
                0x0000000008008c44                PROVIDE (__init_array_start, .)
 *(SORT(.init_array.*))
 *(.init_array*)
 .init_array    0x0000000008008c44        0x4 /home/bartek/.eclipse/org.eclipse.platform_4.7.3_155965261_linux_gtk_x86_64/plugins/fr.ac6.mcu.externaltools.arm-none.linux64_1.15.0.201708311556/tools/compiler/bin/../lib/gcc/arm-none-eabi/6.3.1/thumb/v7e-m/fpv4-sp/hard/crtbegin.o
                0x0000000008008c48                PROVIDE (__init_array_end, .)

.fini_array     0x0000000008008c48        0x4
                [!provide]                        PROVIDE (__fini_array_start, .)
 *(SORT(.fini_array.*))
 *(.fini_array*)
 .fini_array    0x0000000008008c48        0x4 /home/bartek/.eclipse/org.eclipse.platform_4.7.3_155965261_linux_gtk_x86_64/plugins/fr.ac6.mcu.externaltools.arm-none.linux64_1.15.0.201708311556/tools/compiler/bin/../lib/gcc/arm-none-eabi/6.3.1/thumb/v7e-m/fpv4-sp/hard/crtbegin.o
                [!provide]                        PROVIDE (__fini_array_end, .)
                0x0000000008008c4c                _sidata = LOADADDR (.data)

.data           0x0000000020000000       0x88 load address 0x0000000008008c4c
                0x0000000020000000                . = ALIGN (0x4)
                0x0000000020000000                _sdata = .
 *(.data)
 .data          0x0000000020000000        0x8 Drivers/STM32F4xx_HAL_Driver/Src/stm32f4xx_hal.o
                0x0000000020000000                uwTickFreq
                0x0000000020000004                uwTickPrio
 .data          0x0000000020000008        0x4 Middlewares/Third_Party/FreeRTOS/Source/portable/GCC/ARM_CM4F/port.o
 .data          0x000000002000000c        0x8 Src/MadgwickAHRS.o
                0x000000002000000c                q0
                0x0000000020000010                beta
 .data          0x0000000020000014        0x8 Src/main.o
                0x0000000020000014                VirtAddVarTab
 .data          0x000000002000001c        0x4 Src/system_stm32f4xx.o
                0x000000002000001c                SystemCoreClock
 *(.data*)
 .data.__fdlib_version
                0x0000000020000020        0x1 /home/bartek/.eclipse/org.eclipse.platform_4.7.3_155965261_linux_gtk_x86_64/plugins/fr.ac6.mcu.externaltools.arm-none.linux64_1.15.0.201708311556/tools/compiler/bin/../lib/gcc/arm-none-eabi/6.3.1/../../../../arm-none-eabi/lib/thumb/v7e-m/fpv4-sp/hard/libm.a(lib_a-s_lib_ver.o)
                0x0000000020000020                __fdlib_version
 *fill*         0x0000000020000021        0x3 
 .data._impure_ptr
                0x0000000020000024        0x4 /home/bartek/.eclipse/org.eclipse.platform_4.7.3_155965261_linux_gtk_x86_64/plugins/fr.ac6.mcu.externaltools.arm-none.linux64_1.15.0.201708311556/tools/compiler/bin/../lib/gcc/arm-none-eabi/6.3.1/../../../../arm-none-eabi/lib/thumb/v7e-m/fpv4-sp/hard/libc_nano.a(lib_a-impure.o)
                0x0000000020000024                _impure_ptr
 .data.impure_data
                0x0000000020000028       0x60 /home/bartek/.eclipse/org.eclipse.platform_4.7.3_155965261_linux_gtk_x86_64/plugins/fr.ac6.mcu.externaltools.arm-none.linux64_1.15.0.201708311556/tools/compiler/bin/../lib/gcc/arm-none-eabi/6.3.1/../../../../arm-none-eabi/lib/thumb/v7e-m/fpv4-sp/hard/libc_nano.a(lib_a-impure.o)
                0x0000000020000088                . = ALIGN (0x4)
                0x0000000020000088                _edata = .
                0x0000000008008cd4                _siccmram = LOADADDR (.ccmram)

.jcr            0x0000000020000088        0x0 load address 0x0000000008008cd4
 .jcr           0x0000000020000088        0x0 /home/bartek/.eclipse/org.eclipse.platform_4.7.3_155965261_linux_gtk_x86_64/plugins/fr.ac6.mcu.externaltools.arm-none.linux64_1.15.0.201708311556/tools/compiler/bin/../lib/gcc/arm-none-eabi/6.3.1/thumb/v7e-m/fpv4-sp/hard/crtbegin.o

.igot.plt       0x0000000020000088        0x0 load address 0x0000000008008cd4
 .igot.plt      0x0000000020000088        0x0 /home/bartek/.eclipse/org.eclipse.platform_4.7.3_155965261_linux_gtk_x86_64/plugins/fr.ac6.mcu.externaltools.arm-none.linux64_1.15.0.201708311556/tools/compiler/bin/../lib/gcc/arm-none-eabi/6.3.1/thumb/v7e-m/fpv4-sp/hard/crtbegin.o

.ccmram         0x0000000010000000        0x0 load address 0x0000000008008cd4
                0x0000000010000000                . = ALIGN (0x4)
                0x0000000010000000                _sccmram = .
 *(.ccmram)
 *(.ccmram*)
                0x0000000010000000                . = ALIGN (0x4)
                0x0000000010000000                _eccmram = .
                0x0000000010000000                . = ALIGN (0x4)

.bss            0x0000000020000088     0x40d4
                0x0000000020000088                _sbss = .
                0x0000000020000088                __bss_start__ = _sbss
 *(.bss)
 .bss           0x0000000020000088       0x1c /home/bartek/.eclipse/org.eclipse.platform_4.7.3_155965261_linux_gtk_x86_64/plugins/fr.ac6.mcu.externaltools.arm-none.linux64_1.15.0.201708311556/tools/compiler/bin/../lib/gcc/arm-none-eabi/6.3.1/thumb/v7e-m/fpv4-sp/hard/crtbegin.o
 .bss           0x00000000200000a4      0x12c Middlewares/Third_Party/FreeRTOS/Source/tasks.o
                0x00000000200001a4                pxCurrentTCB
 .bss           0x00000000200001d0       0x3c Middlewares/Third_Party/FreeRTOS/Source/timers.o
 .bss           0x000000002000020c        0x8 Middlewares/Third_Party/FreeRTOS/Source/portable/GCC/ARM_CM4F/port.o
 .bss           0x0000000020000214     0x3c18 Middlewares/Third_Party/FreeRTOS/Source/portable/MemMang/heap_4.o
 .bss           0x0000000020003e2c        0xc Src/MadgwickAHRS.o
                0x0000000020003e2c                q1
                0x0000000020003e30                q2
                0x0000000020003e34                q3
 .bss           0x0000000020003e38        0x2 Src/eeprom.o
                0x0000000020003e38                DataVar
 *(.bss*)
 *(COMMON)
 *fill*         0x0000000020003e3a        0x2 
 COMMON         0x0000000020003e3c        0x4 Drivers/STM32F4xx_HAL_Driver/Src/stm32f4xx_hal.o
                0x0000000020003e3c                uwTick
 COMMON         0x0000000020003e40       0x20 Drivers/STM32F4xx_HAL_Driver/Src/stm32f4xx_hal_flash.o
                0x0000000020003e40                pFlash
 COMMON         0x0000000020003e60       0x40 Middlewares/Third_Party/FreeRTOS/Source/queue.o
                0x0000000020003e60                xQueueRegistry
 COMMON         0x0000000020003ea0       0x20 Src/AHRSTask.o
                0x0000000020003ea0                AccGyroDataQueueHandle
                0x0000000020003ea4                I2CTimeoutTimerHandle
                0x0000000020003ea8                connectionLost
                0x0000000020003eac                yaw
                0x0000000020003eb0                pitch
                0x0000000020003eb4                roll
                0x0000000020003eb8                MagDataQueueHandle
                0x0000000020003ebc                I2CMutex
 COMMON         0x0000000020003ec0       0x18 Src/freertos.o
                0x0000000020003ec0                defaultTaskHandle
                0x0000000020003ec4                MagTaskHandle
                0x0000000020003ec8                DebugLEDTaskHandle
                0x0000000020003ecc                SPITaskHandle
                0x0000000020003ed0                AHRSUpdateHandle
                0x0000000020003ed4                AccGyroTaskHandle
 COMMON         0x0000000020003ed8      0x114 Src/i2c.o
                0x0000000020003ed8                hdma_i2c1_tx
                0x0000000020003f38                hi2c1
                0x0000000020003f8c                hdma_i2c1_rx
 COMMON         0x0000000020003fec        0xc Src/iwdg.o
                0x0000000020003fec                hiwdg
 COMMON         0x0000000020003ff8      0x118 Src/spi.o
                0x0000000020003ff8                hspi1
                0x0000000020004050                hdma_spi1_rx
                0x00000000200040b0                hdma_spi1_tx
 COMMON         0x0000000020004110       0x3c Src/stm32f4xx_hal_timebase_TIM.o
                0x0000000020004110                htim3
 COMMON         0x000000002000414c        0xe Src/Sensors/LIS3MDL.o
                0x000000002000414c                calData
                0x0000000020004154                magBias
                0x000000002000415c                . = ALIGN (0x4)
 *fill*         0x000000002000415a        0x2 
                0x000000002000415c                _ebss = .
                0x000000002000415c                __bss_end__ = _ebss

._user_heap_stack
                0x000000002000415c      0x604
                0x0000000020004160                . = ALIGN (0x8)
 *fill*         0x000000002000415c        0x4 
                [!provide]                        PROVIDE (end, .)
                [!provide]                        PROVIDE (_end, .)
                0x0000000020004360                . = (. + _Min_Heap_Size)
 *fill*         0x0000000020004160      0x200 
                0x0000000020004760                . = (. + _Min_Stack_Size)
 *fill*         0x0000000020004360      0x400 
                0x0000000020004760                . = ALIGN (0x8)

/DISCARD/
 libc.a(*)
 libm.a(*)
 libgcc.a(*)

.ARM.attributes
                0x0000000000000000       0x30
 *(.ARM.attributes)
 .ARM.attributes
                0x0000000000000000       0x22 /home/bartek/.eclipse/org.eclipse.platform_4.7.3_155965261_linux_gtk_x86_64/plugins/fr.ac6.mcu.externaltools.arm-none.linux64_1.15.0.201708311556/tools/compiler/bin/../lib/gcc/arm-none-eabi/6.3.1/thumb/v7e-m/fpv4-sp/hard/crti.o
 .ARM.attributes
                0x0000000000000022       0x34 /home/bartek/.eclipse/org.eclipse.platform_4.7.3_155965261_linux_gtk_x86_64/plugins/fr.ac6.mcu.externaltools.arm-none.linux64_1.15.0.201708311556/tools/compiler/bin/../lib/gcc/arm-none-eabi/6.3.1/thumb/v7e-m/fpv4-sp/hard/crtbegin.o
 .ARM.attributes
                0x0000000000000056       0x39 Drivers/STM32F4xx_HAL_Driver/Src/stm32f4xx_hal.o
 .ARM.attributes
                0x000000000000008f       0x39 Drivers/STM32F4xx_HAL_Driver/Src/stm32f4xx_hal_cortex.o
 .ARM.attributes
                0x00000000000000c8       0x39 Drivers/STM32F4xx_HAL_Driver/Src/stm32f4xx_hal_dma.o
 .ARM.attributes
                0x0000000000000101       0x39 Drivers/STM32F4xx_HAL_Driver/Src/stm32f4xx_hal_flash.o
 .ARM.attributes
                0x000000000000013a       0x39 Drivers/STM32F4xx_HAL_Driver/Src/stm32f4xx_hal_flash_ex.o
 .ARM.attributes
                0x0000000000000173       0x39 Drivers/STM32F4xx_HAL_Driver/Src/stm32f4xx_hal_gpio.o
 .ARM.attributes
                0x00000000000001ac       0x39 Drivers/STM32F4xx_HAL_Driver/Src/stm32f4xx_hal_i2c.o
 .ARM.attributes
                0x00000000000001e5       0x39 Drivers/STM32F4xx_HAL_Driver/Src/stm32f4xx_hal_iwdg.o
 .ARM.attributes
                0x000000000000021e       0x39 Drivers/STM32F4xx_HAL_Driver/Src/stm32f4xx_hal_rcc.o
 .ARM.attributes
                0x0000000000000257       0x39 Drivers/STM32F4xx_HAL_Driver/Src/stm32f4xx_hal_spi.o
 .ARM.attributes
                0x0000000000000290       0x39 Drivers/STM32F4xx_HAL_Driver/Src/stm32f4xx_hal_tim.o
 .ARM.attributes
                0x00000000000002c9       0x39 Drivers/STM32F4xx_HAL_Driver/Src/stm32f4xx_hal_tim_ex.o
 .ARM.attributes
                0x0000000000000302       0x39 Middlewares/Third_Party/FreeRTOS/Source/CMSIS_RTOS/cmsis_os.o
 .ARM.attributes
                0x000000000000033b       0x39 Middlewares/Third_Party/FreeRTOS/Source/list.o
 .ARM.attributes
                0x0000000000000374       0x39 Middlewares/Third_Party/FreeRTOS/Source/queue.o
 .ARM.attributes
                0x00000000000003ad       0x39 Middlewares/Third_Party/FreeRTOS/Source/tasks.o
 .ARM.attributes
                0x00000000000003e6       0x39 Middlewares/Third_Party/FreeRTOS/Source/timers.o
 .ARM.attributes
                0x000000000000041f       0x39 Middlewares/Third_Party/FreeRTOS/Source/portable/GCC/ARM_CM4F/port.o
 .ARM.attributes
                0x0000000000000458       0x39 Middlewares/Third_Party/FreeRTOS/Source/portable/MemMang/heap_4.o
 .ARM.attributes
                0x0000000000000491       0x39 Src/AHRSTask.o
 .ARM.attributes
                0x00000000000004ca       0x39 Src/I2CTask.o
 .ARM.attributes
                0x0000000000000503       0x39 Src/MadgwickAHRS.o
 .ARM.attributes
                0x000000000000053c       0x39 Src/dma.o
 .ARM.attributes
                0x0000000000000575       0x39 Src/eeprom.o
 .ARM.attributes
                0x00000000000005ae       0x39 Src/freertos.o
 .ARM.attributes
                0x00000000000005e7       0x39 Src/gpio.o
 .ARM.attributes
                0x0000000000000620       0x39 Src/i2c.o
 .ARM.attributes
                0x0000000000000659       0x39 Src/iwdg.o
 .ARM.attributes
                0x0000000000000692       0x39 Src/main.o
 .ARM.attributes
                0x00000000000006cb       0x39 Src/spi.o
 .ARM.attributes
                0x0000000000000704       0x39 Src/stm32f4xx_hal_msp.o
 .ARM.attributes
                0x000000000000073d       0x39 Src/stm32f4xx_hal_timebase_TIM.o
 .ARM.attributes
                0x0000000000000776       0x39 Src/stm32f4xx_it.o
 .ARM.attributes
                0x00000000000007af       0x39 Src/system_stm32f4xx.o
 .ARM.attributes
                0x00000000000007e8       0x39 Src/Sensors/LIS3MDL.o
 .ARM.attributes
                0x0000000000000821       0x39 Src/Sensors/LSM6DS33.o
 .ARM.attributes
                0x000000000000085a       0x21 startup/startup_stm32f407xx.o
 .ARM.attributes
                0x000000000000087b       0x34 /home/bartek/.eclipse/org.eclipse.platform_4.7.3_155965261_linux_gtk_x86_64/plugins/fr.ac6.mcu.externaltools.arm-none.linux64_1.15.0.201708311556/tools/compiler/bin/../lib/gcc/arm-none-eabi/6.3.1/../../../../arm-none-eabi/lib/thumb/v7e-m/fpv4-sp/hard/libm.a(lib_a-w_sqrt.o)
 .ARM.attributes
                0x00000000000008af       0x34 /home/bartek/.eclipse/org.eclipse.platform_4.7.3_155965261_linux_gtk_x86_64/plugins/fr.ac6.mcu.externaltools.arm-none.linux64_1.15.0.201708311556/tools/compiler/bin/../lib/gcc/arm-none-eabi/6.3.1/../../../../arm-none-eabi/lib/thumb/v7e-m/fpv4-sp/hard/libm.a(lib_a-wf_asin.o)
 .ARM.attributes
                0x00000000000008e3       0x34 /home/bartek/.eclipse/org.eclipse.platform_4.7.3_155965261_linux_gtk_x86_64/plugins/fr.ac6.mcu.externaltools.arm-none.linux64_1.15.0.201708311556/tools/compiler/bin/../lib/gcc/arm-none-eabi/6.3.1/../../../../arm-none-eabi/lib/thumb/v7e-m/fpv4-sp/hard/libm.a(lib_a-wf_atan2.o)
 .ARM.attributes
                0x0000000000000917       0x34 /home/bartek/.eclipse/org.eclipse.platform_4.7.3_155965261_linux_gtk_x86_64/plugins/fr.ac6.mcu.externaltools.arm-none.linux64_1.15.0.201708311556/tools/compiler/bin/../lib/gcc/arm-none-eabi/6.3.1/../../../../arm-none-eabi/lib/thumb/v7e-m/fpv4-sp/hard/libm.a(lib_a-e_sqrt.o)
 .ARM.attributes
                0x000000000000094b       0x34 /home/bartek/.eclipse/org.eclipse.platform_4.7.3_155965261_linux_gtk_x86_64/plugins/fr.ac6.mcu.externaltools.arm-none.linux64_1.15.0.201708311556/tools/compiler/bin/../lib/gcc/arm-none-eabi/6.3.1/../../../../arm-none-eabi/lib/thumb/v7e-m/fpv4-sp/hard/libm.a(lib_a-ef_asin.o)
 .ARM.attributes
                0x000000000000097f       0x34 /home/bartek/.eclipse/org.eclipse.platform_4.7.3_155965261_linux_gtk_x86_64/plugins/fr.ac6.mcu.externaltools.arm-none.linux64_1.15.0.201708311556/tools/compiler/bin/../lib/gcc/arm-none-eabi/6.3.1/../../../../arm-none-eabi/lib/thumb/v7e-m/fpv4-sp/hard/libm.a(lib_a-ef_atan2.o)
 .ARM.attributes
                0x00000000000009b3       0x34 /home/bartek/.eclipse/org.eclipse.platform_4.7.3_155965261_linux_gtk_x86_64/plugins/fr.ac6.mcu.externaltools.arm-none.linux64_1.15.0.201708311556/tools/compiler/bin/../lib/gcc/arm-none-eabi/6.3.1/../../../../arm-none-eabi/lib/thumb/v7e-m/fpv4-sp/hard/libm.a(lib_a-ef_sqrt.o)
 .ARM.attributes
                0x00000000000009e7       0x34 /home/bartek/.eclipse/org.eclipse.platform_4.7.3_155965261_linux_gtk_x86_64/plugins/fr.ac6.mcu.externaltools.arm-none.linux64_1.15.0.201708311556/tools/compiler/bin/../lib/gcc/arm-none-eabi/6.3.1/../../../../arm-none-eabi/lib/thumb/v7e-m/fpv4-sp/hard/libm.a(lib_a-s_lib_ver.o)
 .ARM.attributes
                0x0000000000000a1b       0x34 /home/bartek/.eclipse/org.eclipse.platform_4.7.3_155965261_linux_gtk_x86_64/plugins/fr.ac6.mcu.externaltools.arm-none.linux64_1.15.0.201708311556/tools/compiler/bin/../lib/gcc/arm-none-eabi/6.3.1/../../../../arm-none-eabi/lib/thumb/v7e-m/fpv4-sp/hard/libm.a(lib_a-s_matherr.o)
 .ARM.attributes
                0x0000000000000a4f       0x34 /home/bartek/.eclipse/org.eclipse.platform_4.7.3_155965261_linux_gtk_x86_64/plugins/fr.ac6.mcu.externaltools.arm-none.linux64_1.15.0.201708311556/tools/compiler/bin/../lib/gcc/arm-none-eabi/6.3.1/../../../../arm-none-eabi/lib/thumb/v7e-m/fpv4-sp/hard/libm.a(lib_a-s_nan.o)
 .ARM.attributes
                0x0000000000000a83       0x34 /home/bartek/.eclipse/org.eclipse.platform_4.7.3_155965261_linux_gtk_x86_64/plugins/fr.ac6.mcu.externaltools.arm-none.linux64_1.15.0.201708311556/tools/compiler/bin/../lib/gcc/arm-none-eabi/6.3.1/../../../../arm-none-eabi/lib/thumb/v7e-m/fpv4-sp/hard/libm.a(lib_a-sf_atan.o)
 .ARM.attributes
                0x0000000000000ab7       0x34 /home/bartek/.eclipse/org.eclipse.platform_4.7.3_155965261_linux_gtk_x86_64/plugins/fr.ac6.mcu.externaltools.arm-none.linux64_1.15.0.201708311556/tools/compiler/bin/../lib/gcc/arm-none-eabi/6.3.1/../../../../arm-none-eabi/lib/thumb/v7e-m/fpv4-sp/hard/libm.a(lib_a-sf_fabs.o)
 .ARM.attributes
                0x0000000000000aeb       0x22 /home/bartek/.eclipse/org.eclipse.platform_4.7.3_155965261_linux_gtk_x86_64/plugins/fr.ac6.mcu.externaltools.arm-none.linux64_1.15.0.201708311556/tools/compiler/bin/../lib/gcc/arm-none-eabi/6.3.1/thumb/v7e-m/fpv4-sp/hard/libgcc.a(_arm_addsubdf3.o)
 .ARM.attributes
                0x0000000000000b0d       0x22 /home/bartek/.eclipse/org.eclipse.platform_4.7.3_155965261_linux_gtk_x86_64/plugins/fr.ac6.mcu.externaltools.arm-none.linux64_1.15.0.201708311556/tools/compiler/bin/../lib/gcc/arm-none-eabi/6.3.1/thumb/v7e-m/fpv4-sp/hard/libgcc.a(_arm_muldivdf3.o)
 .ARM.attributes
                0x0000000000000b2f       0x22 /home/bartek/.eclipse/org.eclipse.platform_4.7.3_155965261_linux_gtk_x86_64/plugins/fr.ac6.mcu.externaltools.arm-none.linux64_1.15.0.201708311556/tools/compiler/bin/../lib/gcc/arm-none-eabi/6.3.1/thumb/v7e-m/fpv4-sp/hard/libgcc.a(_arm_cmpdf2.o)
 .ARM.attributes
                0x0000000000000b51       0x22 /home/bartek/.eclipse/org.eclipse.platform_4.7.3_155965261_linux_gtk_x86_64/plugins/fr.ac6.mcu.externaltools.arm-none.linux64_1.15.0.201708311556/tools/compiler/bin/../lib/gcc/arm-none-eabi/6.3.1/thumb/v7e-m/fpv4-sp/hard/libgcc.a(_arm_unorddf2.o)
 .ARM.attributes
                0x0000000000000b73       0x22 /home/bartek/.eclipse/org.eclipse.platform_4.7.3_155965261_linux_gtk_x86_64/plugins/fr.ac6.mcu.externaltools.arm-none.linux64_1.15.0.201708311556/tools/compiler/bin/../lib/gcc/arm-none-eabi/6.3.1/thumb/v7e-m/fpv4-sp/hard/libgcc.a(_arm_truncdfsf2.o)
 .ARM.attributes
                0x0000000000000b95       0x22 /home/bartek/.eclipse/org.eclipse.platform_4.7.3_155965261_linux_gtk_x86_64/plugins/fr.ac6.mcu.externaltools.arm-none.linux64_1.15.0.201708311556/tools/compiler/bin/../lib/gcc/arm-none-eabi/6.3.1/thumb/v7e-m/fpv4-sp/hard/libgcc.a(_aeabi_uldivmod.o)
 .ARM.attributes
                0x0000000000000bb7       0x34 /home/bartek/.eclipse/org.eclipse.platform_4.7.3_155965261_linux_gtk_x86_64/plugins/fr.ac6.mcu.externaltools.arm-none.linux64_1.15.0.201708311556/tools/compiler/bin/../lib/gcc/arm-none-eabi/6.3.1/thumb/v7e-m/fpv4-sp/hard/libgcc.a(_udivmoddi4.o)
 .ARM.attributes
                0x0000000000000beb       0x22 /home/bartek/.eclipse/org.eclipse.platform_4.7.3_155965261_linux_gtk_x86_64/plugins/fr.ac6.mcu.externaltools.arm-none.linux64_1.15.0.201708311556/tools/compiler/bin/../lib/gcc/arm-none-eabi/6.3.1/thumb/v7e-m/fpv4-sp/hard/libgcc.a(_dvmd_tls.o)
 .ARM.attributes
                0x0000000000000c0d       0x34 /home/bartek/.eclipse/org.eclipse.platform_4.7.3_155965261_linux_gtk_x86_64/plugins/fr.ac6.mcu.externaltools.arm-none.linux64_1.15.0.201708311556/tools/compiler/bin/../lib/gcc/arm-none-eabi/6.3.1/../../../../arm-none-eabi/lib/thumb/v7e-m/fpv4-sp/hard/libc_nano.a(lib_a-errno.o)
 .ARM.attributes
                0x0000000000000c41       0x34 /home/bartek/.eclipse/org.eclipse.platform_4.7.3_155965261_linux_gtk_x86_64/plugins/fr.ac6.mcu.externaltools.arm-none.linux64_1.15.0.201708311556/tools/compiler/bin/../lib/gcc/arm-none-eabi/6.3.1/../../../../arm-none-eabi/lib/thumb/v7e-m/fpv4-sp/hard/libc_nano.a(lib_a-impure.o)
 .ARM.attributes
                0x0000000000000c75       0x34 /home/bartek/.eclipse/org.eclipse.platform_4.7.3_155965261_linux_gtk_x86_64/plugins/fr.ac6.mcu.externaltools.arm-none.linux64_1.15.0.201708311556/tools/compiler/bin/../lib/gcc/arm-none-eabi/6.3.1/../../../../arm-none-eabi/lib/thumb/v7e-m/fpv4-sp/hard/libc_nano.a(lib_a-init.o)
 .ARM.attributes
                0x0000000000000ca9       0x34 /home/bartek/.eclipse/org.eclipse.platform_4.7.3_155965261_linux_gtk_x86_64/plugins/fr.ac6.mcu.externaltools.arm-none.linux64_1.15.0.201708311556/tools/compiler/bin/../lib/gcc/arm-none-eabi/6.3.1/../../../../arm-none-eabi/lib/thumb/v7e-m/fpv4-sp/hard/libc_nano.a(lib_a-memcpy-stub.o)
 .ARM.attributes
                0x0000000000000cdd       0x22 /home/bartek/.eclipse/org.eclipse.platform_4.7.3_155965261_linux_gtk_x86_64/plugins/fr.ac6.mcu.externaltools.arm-none.linux64_1.15.0.201708311556/tools/compiler/bin/../lib/gcc/arm-none-eabi/6.3.1/thumb/v7e-m/fpv4-sp/hard/crtn.o
OUTPUT(sensors-rtos2.elf elf32-littlearm)

.debug_info     0x0000000000000000    0x31d14
 .debug_info    0x0000000000000000     0x11dc Drivers/STM32F4xx_HAL_Driver/Src/stm32f4xx_hal.o
 .debug_info    0x00000000000011dc     0x175a Drivers/STM32F4xx_HAL_Driver/Src/stm32f4xx_hal_cortex.o
 .debug_info    0x0000000000002936     0x127c Drivers/STM32F4xx_HAL_Driver/Src/stm32f4xx_hal_dma.o
 .debug_info    0x0000000000003bb2      0xf7d Drivers/STM32F4xx_HAL_Driver/Src/stm32f4xx_hal_flash.o
 .debug_info    0x0000000000004b2f     0x1023 Drivers/STM32F4xx_HAL_Driver/Src/stm32f4xx_hal_flash_ex.o
 .debug_info    0x0000000000005b52      0xf97 Drivers/STM32F4xx_HAL_Driver/Src/stm32f4xx_hal_gpio.o
 .debug_info    0x0000000000006ae9     0x36e2 Drivers/STM32F4xx_HAL_Driver/Src/stm32f4xx_hal_i2c.o
 .debug_info    0x000000000000a1cb      0xaba Drivers/STM32F4xx_HAL_Driver/Src/stm32f4xx_hal_iwdg.o
 .debug_info    0x000000000000ac85     0x125f Drivers/STM32F4xx_HAL_Driver/Src/stm32f4xx_hal_rcc.o
 .debug_info    0x000000000000bee4     0x220a Drivers/STM32F4xx_HAL_Driver/Src/stm32f4xx_hal_spi.o
 .debug_info    0x000000000000e0ee     0x3684 Drivers/STM32F4xx_HAL_Driver/Src/stm32f4xx_hal_tim.o
 .debug_info    0x0000000000011772     0x1b26 Drivers/STM32F4xx_HAL_Driver/Src/stm32f4xx_hal_tim_ex.o
 .debug_info    0x0000000000013298     0x24bf Middlewares/Third_Party/FreeRTOS/Source/CMSIS_RTOS/cmsis_os.o
 .debug_info    0x0000000000015757      0xb56 Middlewares/Third_Party/FreeRTOS/Source/list.o
 .debug_info    0x00000000000162ad     0x20a2 Middlewares/Third_Party/FreeRTOS/Source/queue.o
 .debug_info    0x000000000001834f     0x2a39 Middlewares/Third_Party/FreeRTOS/Source/tasks.o
 .debug_info    0x000000000001ad88     0x18e5 Middlewares/Third_Party/FreeRTOS/Source/timers.o
 .debug_info    0x000000000001c66d      0xdb4 Middlewares/Third_Party/FreeRTOS/Source/portable/GCC/ARM_CM4F/port.o