Archive member included to satisfy reference by file (symbol)

/home/bartek/.eclipse/org.eclipse.platform_4.7.3_155965261_linux_gtk_x86_64/plugins/fr.ac6.mcu.externaltools.arm-none.linux64_1.15.0.201708311556/tools/compiler/bin/../lib/gcc/arm-none-eabi/6.3.1/thumb/v7e-m/fpv4-sp/hard/libgcc.a(_aeabi_uldivmod.o)
                              Drivers/STM32F4xx_HAL_Driver/Src/stm32f4xx_hal_rcc.o (__aeabi_uldivmod)
/home/bartek/.eclipse/org.eclipse.platform_4.7.3_155965261_linux_gtk_x86_64/plugins/fr.ac6.mcu.externaltools.arm-none.linux64_1.15.0.201708311556/tools/compiler/bin/../lib/gcc/arm-none-eabi/6.3.1/thumb/v7e-m/fpv4-sp/hard/libgcc.a(_udivmoddi4.o)
                              /home/bartek/.eclipse/org.eclipse.platform_4.7.3_155965261_linux_gtk_x86_64/plugins/fr.ac6.mcu.externaltools.arm-none.linux64_1.15.0.201708311556/tools/compiler/bin/../lib/gcc/arm-none-eabi/6.3.1/thumb/v7e-m/fpv4-sp/hard/libgcc.a(_aeabi_uldivmod.o) (__udivmoddi4)
/home/bartek/.eclipse/org.eclipse.platform_4.7.3_155965261_linux_gtk_x86_64/plugins/fr.ac6.mcu.externaltools.arm-none.linux64_1.15.0.201708311556/tools/compiler/bin/../lib/gcc/arm-none-eabi/6.3.1/thumb/v7e-m/fpv4-sp/hard/libgcc.a(_dvmd_tls.o)
                              /home/bartek/.eclipse/org.eclipse.platform_4.7.3_155965261_linux_gtk_x86_64/plugins/fr.ac6.mcu.externaltools.arm-none.linux64_1.15.0.201708311556/tools/compiler/bin/../lib/gcc/arm-none-eabi/6.3.1/thumb/v7e-m/fpv4-sp/hard/libgcc.a(_aeabi_uldivmod.o) (__aeabi_ldiv0)
/home/bartek/.eclipse/org.eclipse.platform_4.7.3_155965261_linux_gtk_x86_64/plugins/fr.ac6.mcu.externaltools.arm-none.linux64_1.15.0.201708311556/tools/compiler/bin/../lib/gcc/arm-none-eabi/6.3.1/../../../../arm-none-eabi/lib/thumb/v7e-m/fpv4-sp/hard/libc_nano.a(lib_a-exit.o)
                              /home/bartek/.eclipse/org.eclipse.platform_4.7.3_155965261_linux_gtk_x86_64/plugins/fr.ac6.mcu.externaltools.arm-none.linux64_1.15.0.201708311556/tools/compiler/bin/../lib/gcc/arm-none-eabi/6.3.1/../../../../arm-none-eabi/lib/thumb/v7e-m/fpv4-sp/hard/crt0.o (exit)
/home/bartek/.eclipse/org.eclipse.platform_4.7.3_155965261_linux_gtk_x86_64/plugins/fr.ac6.mcu.externaltools.arm-none.linux64_1.15.0.201708311556/tools/compiler/bin/../lib/gcc/arm-none-eabi/6.3.1/../../../../arm-none-eabi/lib/thumb/v7e-m/fpv4-sp/hard/libc_nano.a(lib_a-impure.o)
                              /home/bartek/.eclipse/org.eclipse.platform_4.7.3_155965261_linux_gtk_x86_64/plugins/fr.ac6.mcu.externaltools.arm-none.linux64_1.15.0.201708311556/tools/compiler/bin/../lib/gcc/arm-none-eabi/6.3.1/../../../../arm-none-eabi/lib/thumb/v7e-m/fpv4-sp/hard/libc_nano.a(lib_a-exit.o) (_global_impure_ptr)
/home/bartek/.eclipse/org.eclipse.platform_4.7.3_155965261_linux_gtk_x86_64/plugins/fr.ac6.mcu.externaltools.arm-none.linux64_1.15.0.201708311556/tools/compiler/bin/../lib/gcc/arm-none-eabi/6.3.1/../../../../arm-none-eabi/lib/thumb/v7e-m/fpv4-sp/hard/libc_nano.a(lib_a-init.o)
                              /home/bartek/.eclipse/org.eclipse.platform_4.7.3_155965261_linux_gtk_x86_64/plugins/fr.ac6.mcu.externaltools.arm-none.linux64_1.15.0.201708311556/tools/compiler/bin/../lib/gcc/arm-none-eabi/6.3.1/../../../../arm-none-eabi/lib/thumb/v7e-m/fpv4-sp/hard/crt0.o (__libc_init_array)
/home/bartek/.eclipse/org.eclipse.platform_4.7.3_155965261_linux_gtk_x86_64/plugins/fr.ac6.mcu.externaltools.arm-none.linux64_1.15.0.201708311556/tools/compiler/bin/../lib/gcc/arm-none-eabi/6.3.1/../../../../arm-none-eabi/lib/thumb/v7e-m/fpv4-sp/hard/libc_nano.a(lib_a-memcpy-stub.o)
                              Middlewares/Third_Party/FreeRTOS/Source/queue.o (memcpy)
/home/bartek/.eclipse/org.eclipse.platform_4.7.3_155965261_linux_gtk_x86_64/plugins/fr.ac6.mcu.externaltools.arm-none.linux64_1.15.0.201708311556/tools/compiler/bin/../lib/gcc/arm-none-eabi/6.3.1/../../../../arm-none-eabi/lib/thumb/v7e-m/fpv4-sp/hard/libc_nano.a(lib_a-memset.o)
                              /home/bartek/.eclipse/org.eclipse.platform_4.7.3_155965261_linux_gtk_x86_64/plugins/fr.ac6.mcu.externaltools.arm-none.linux64_1.15.0.201708311556/tools/compiler/bin/../lib/gcc/arm-none-eabi/6.3.1/../../../../arm-none-eabi/lib/thumb/v7e-m/fpv4-sp/hard/crt0.o (memset)
/home/bartek/.eclipse/org.eclipse.platform_4.7.3_155965261_linux_gtk_x86_64/plugins/fr.ac6.mcu.externaltools.arm-none.linux64_1.15.0.201708311556/tools/compiler/bin/../lib/gcc/arm-none-eabi/6.3.1/../../../../arm-none-eabi/lib/thumb/v7e-m/fpv4-sp/hard/libnosys.a(_exit.o)
                              /home/bartek/.eclipse/org.eclipse.platform_4.7.3_155965261_linux_gtk_x86_64/plugins/fr.ac6.mcu.externaltools.arm-none.linux64_1.15.0.201708311556/tools/compiler/bin/../lib/gcc/arm-none-eabi/6.3.1/../../../../arm-none-eabi/lib/thumb/v7e-m/fpv4-sp/hard/libc_nano.a(lib_a-exit.o) (_exit)

Allocating common symbols
Common symbol       size              file

defaultTaskHandle   0x4               Src/freertos.o
hdma_i2c1_tx        0x60              Src/i2c.o
[...]
Memory Configuration

Name             Origin             Length             Attributes
RAM              0x0000000020000000 0x0000000000020000 xrw
CCMRAM           0x0000000010000000 0x0000000000010000 rw
FLASH            0x0000000008000000 0x0000000000100000 xr
*default*        0x0000000000000000 0xffffffffffffffff

Linker script and memory map

LOAD /home/bartek/.eclipse/org.eclipse.platform_4.7.3_155965261_linux_gtk_x86_64/plugins/fr.ac6.mcu.externaltools.arm-none.linux64_1.15.0.201708311556/tools/compiler/bin/../lib/gcc/arm-none-eabi/6.3.1/thumb/v7e-m/fpv4-sp/hard/crti.o
LOAD /home/bartek/.eclipse/org.eclipse.platform_4.7.3_155965261_linux_gtk_x86_64/plugins/fr.ac6.mcu.externaltools.arm-none.linux64_1.15.0.201708311556/tools/compiler/bin/../lib/gcc/arm-none-eabi/6.3.1/thumb/v7e-m/fpv4-sp/hard/crtbegin.o
LOAD /home/bartek/.eclipse/org.eclipse.platform_4.7.3_155965261_linux_gtk_x86_64/plugins/fr.ac6.mcu.externaltools.arm-none.linux64_1.15.0.201708311556/tools/compiler/bin/../lib/gcc/arm-none-eabi/6.3.1/../../../../arm-none-eabi/lib/thumb/v7e-m/fpv4-sp/hard/crt0.o
LOAD Drivers/STM32F4xx_HAL_Driver/Src/stm32f4xx_hal.o
LOAD Drivers/STM32F4xx_HAL_Driver/Src/stm32f4xx_hal_cortex.o
LOAD Drivers/STM32F4xx_HAL_Driver/Src/stm32f4xx_hal_dma.o
LOAD Drivers/STM32F4xx_HAL_Driver/Src/stm32f4xx_hal_dma_ex.o
LOAD Drivers/STM32F4xx_HAL_Driver/Src/stm32f4xx_hal_flash.o
LOAD Drivers/STM32F4xx_HAL_Driver/Src/stm32f4xx_hal_flash_ex.o
LOAD Drivers/STM32F4xx_HAL_Driver/Src/stm32f4xx_hal_flash_ramfunc.o
LOAD Drivers/STM32F4xx_HAL_Driver/Src/stm32f4xx_hal_gpio.o
LOAD Drivers/STM32F4xx_HAL_Driver/Src/stm32f4xx_hal_i2c.o
LOAD Drivers/STM32F4xx_HAL_Driver/Src/stm32f4xx_hal_i2c_ex.o
LOAD Drivers/STM32F4xx_HAL_Driver/Src/stm32f4xx_hal_pwr.o
LOAD Drivers/STM32F4xx_HAL_Driver/Src/stm32f4xx_hal_pwr_ex.o
LOAD Drivers/STM32F4xx_HAL_Driver/Src/stm32f4xx_hal_rcc.o
LOAD Drivers/STM32F4xx_HAL_Driver/Src/stm32f4xx_hal_rcc_ex.o
LOAD Drivers/STM32F4xx_HAL_Driver/Src/stm32f4xx_hal_spi.o
LOAD Drivers/STM32F4xx_HAL_Driver/Src/stm32f4xx_hal_tim.o
LOAD Drivers/STM32F4xx_HAL_Driver/Src/stm32f4xx_hal_tim_ex.o
LOAD Middlewares/Third_Party/FreeRTOS/Source/CMSIS_RTOS/cmsis_os.o
LOAD Middlewares/Third_Party/FreeRTOS/Source/croutine.o
LOAD Middlewares/Third_Party/FreeRTOS/Source/event_groups.o
LOAD Middlewares/Third_Party/FreeRTOS/Source/list.o
LOAD Middlewares/Third_Party/FreeRTOS/Source/queue.o
LOAD Middlewares/Third_Party/FreeRTOS/Source/tasks.o
LOAD Middlewares/Third_Party/FreeRTOS/Source/timers.o
LOAD Middlewares/Third_Party/FreeRTOS/Source/portable/GCC/ARM_CM4F/port.o
LOAD Middlewares/Third_Party/FreeRTOS/Source/portable/MemMang/heap_4.o
LOAD Src/I2CTask.o
LOAD Src/dma.o
LOAD Src/eeprom.o
LOAD Src/freertos.o
LOAD Src/gpio.o
LOAD Src/i2c.o
LOAD Src/main.o
LOAD Src/sensors.o
LOAD Src/spi.o
LOAD Src/stm32f4xx_hal_msp.o
LOAD Src/stm32f4xx_hal_timebase_TIM.o
LOAD Src/stm32f4xx_it.o
LOAD Src/system_stm32f4xx.o
LOAD Src/Sensors/LIS3MDL.o
LOAD Src/Sensors/LSM6DS33.o
LOAD startup/startup_stm32f407xx.o
LOAD /home/bartek/.eclipse/org.eclipse.platform_4.7.3_155965261_linux_gtk_x86_64/plugins/fr.ac6.mcu.externaltools.arm-none.linux64_1.15.0.201708311556/tools/compiler/bin/../lib/gcc/arm-none-eabi/6.3.1/../../../../arm-none-eabi/lib/thumb/v7e-m/fpv4-sp/hard/libm.a
START GROUP
LOAD /home/bartek/.eclipse/org.eclipse.platform_4.7.3_155965261_linux_gtk_x86_64/plugins/fr.ac6.mcu.externaltools.arm-none.linux64_1.15.0.201708311556/tools/compiler/bin/../lib/gcc/arm-none-eabi/6.3.1/thumb/v7e-m/fpv4-sp/hard/libgcc.a
LOAD /home/bartek/.eclipse/org.eclipse.platform_4.7.3_155965261_linux_gtk_x86_64/plugins/fr.ac6.mcu.externaltools.arm-none.linux64_1.15.0.201708311556/tools/compiler/bin/../lib/gcc/arm-none-eabi/6.3.1/../../../../arm-none-eabi/lib/thumb/v7e-m/fpv4-sp/hard/libc_nano.a
END GROUP
START GROUP
LOAD /home/bartek/.eclipse/org.eclipse.platform_4.7.3_155965261_linux_gtk_x86_64/plugins/fr.ac6.mcu.externaltools.arm-none.linux64_1.15.0.201708311556/tools/compiler/bin/../lib/gcc/arm-none-eabi/6.3.1/thumb/v7e-m/fpv4-sp/hard/libgcc.a
LOAD /home/bartek/.eclipse/org.eclipse.platform_4.7.3_155965261_linux_gtk_x86_64/plugins/fr.ac6.mcu.externaltools.arm-none.linux64_1.15.0.201708311556/tools/compiler/bin/../lib/gcc/arm-none-eabi/6.3.1/../../../../arm-none-eabi/lib/thumb/v7e-m/fpv4-sp/hard/libc_nano.a
LOAD /home/bartek/.eclipse/org.eclipse.platform_4.7.3_155965261_linux_gtk_x86_64/plugins/fr.ac6.mcu.externaltools.arm-none.linux64_1.15.0.201708311556/tools/compiler/bin/../lib/gcc/arm-none-eabi/6.3.1/../../../../arm-none-eabi/lib/thumb/v7e-m/fpv4-sp/hard/libnosys.a
END GROUP
START GROUP
LOAD /home/bartek/.eclipse/org.eclipse.platform_4.7.3_155965261_linux_gtk_x86_64/plugins/fr.ac6.mcu.externaltools.arm-none.linux64_1.15.0.201708311556/tools/compiler/bin/../lib/gcc/arm-none-eabi/6.3.1/thumb/v7e-m/fpv4-sp/hard/libgcc.a
LOAD /home/bartek/.eclipse/org.eclipse.platform_4.7.3_155965261_linux_gtk_x86_64/plugins/fr.ac6.mcu.externaltools.arm-none.linux64_1.15.0.201708311556/tools/compiler/bin/../lib/gcc/arm-none-eabi/6.3.1/../../../../arm-none-eabi/lib/thumb/v7e-m/fpv4-sp/hard/libc_nano.a
LOAD /home/bartek/.eclipse/org.eclipse.platform_4.7.3_155965261_linux_gtk_x86_64/plugins/fr.ac6.mcu.externaltools.arm-none.linux64_1.15.0.201708311556/tools/compiler/bin/../lib/gcc/arm-none-eabi/6.3.1/../../../../arm-none-eabi/lib/thumb/v7e-m/fpv4-sp/hard/libnosys.a
END GROUP
LOAD /home/bartek/.eclipse/org.eclipse.platform_4.7.3_155965261_linux_gtk_x86_64/plugins/fr.ac6.mcu.externaltools.arm-none.linux64_1.15.0.201708311556/tools/compiler/bin/../lib/gcc/arm-none-eabi/6.3.1/thumb/v7e-m/fpv4-sp/hard/crtend.o
LOAD /home/bartek/.eclipse/org.eclipse.platform_4.7.3_155965261_linux_gtk_x86_64/plugins/fr.ac6.mcu.externaltools.arm-none.linux64_1.15.0.201708311556/tools/compiler/bin/../lib/gcc/arm-none-eabi/6.3.1/thumb/v7e-m/fpv4-sp/hard/crtn.o
                0x0000000020020000                _estack = 0x20020000
                0x0000000000000200                _Min_Heap_Size = 0x200
                0x0000000000000400                _Min_Stack_Size = 0x400

.isr_vector     0x0000000008000000      0x188
                0x0000000008000000                . = ALIGN (0x4)
 *(.isr_vector)
 .isr_vector    0x0000000008000000      0x188 startup/startup_stm32f407xx.o
                0x0000000008000000                g_pfnVectors
                0x0000000008000188                . = ALIGN (0x4)

.text           0x0000000008000190     0x56d0
                0x0000000008000190                . = ALIGN (0x4)
 *(.text)
 .text          0x0000000008000190       0x6c /home/bartek/.eclipse/org.eclipse.platform_4.7.3_155965261_linux_gtk_x86_64/plugins/fr.ac6.mcu.externaltools.arm-none.linux64_1.15.0.201708311556/tools/compiler/bin/../lib/gcc/arm-none-eabi/6.3.1/thumb/v7e-m/fpv4-sp/hard/crtbegin.o
 .text          0x00000000080001fc       0x30 /home/bartek/.eclipse/org.eclipse.platform_4.7.3_155965261_linux_gtk_x86_64/plugins/fr.ac6.mcu.externaltools.arm-none.linux64_1.15.0.201708311556/tools/compiler/bin/../lib/gcc/arm-none-eabi/6.3.1/thumb/v7e-m/fpv4-sp/hard/libgcc.a(_aeabi_uldivmod.o)
                0x00000000080001fc                __aeabi_uldivmod
 .text          0x000000000800022c      0x2dc /home/bartek/.eclipse/org.eclipse.platform_4.7.3_155965261_linux_gtk_x86_64/plugins/fr.ac6.mcu.externaltools.arm-none.linux64_1.15.0.201708311556/tools/compiler/bin/../lib/gcc/arm-none-eabi/6.3.1/thumb/v7e-m/fpv4-sp/hard/libgcc.a(_udivmoddi4.o)
                0x000000000800022c                __udivmoddi4
 .text          0x0000000008000508        0x4 /home/bartek/.eclipse/org.eclipse.platform_4.7.3_155965261_linux_gtk_x86_64/plugins/fr.ac6.mcu.externaltools.arm-none.linux64_1.15.0.201708311556/tools/compiler/bin/../lib/gcc/arm-none-eabi/6.3.1/thumb/v7e-m/fpv4-sp/hard/libgcc.a(_dvmd_tls.o)
                0x0000000008000508                __aeabi_ldiv0
                0x0000000008000508                __aeabi_idiv0
 *(.text*)
 .text.HAL_Init
                0x000000000800050c       0x34 Drivers/STM32F4xx_HAL_Driver/Src/stm32f4xx_hal.o
                0x000000000800050c                HAL_Init
 .text.HAL_IncTick
                0x0000000008000540       0x18 Drivers/STM32F4xx_HAL_Driver/Src/stm32f4xx_hal.o
                0x0000000008000540                HAL_IncTick
 .text.HAL_GetTick
                0x0000000008000558        0xc Drivers/STM32F4xx_HAL_Driver/Src/stm32f4xx_hal.o
                0x0000000008000558                HAL_GetTick
 .text.HAL_NVIC_SetPriorityGrouping
                0x0000000008000564       0x24 Drivers/STM32F4xx_HAL_Driver/Src/stm32f4xx_hal_cortex.o
                0x0000000008000564                HAL_NVIC_SetPriorityGrouping
 .text.HAL_NVIC_SetPriority
                0x0000000008000588       0x64 Drivers/STM32F4xx_HAL_Driver/Src/stm32f4xx_hal_cortex.o
                0x0000000008000588                HAL_NVIC_SetPriority
 .text.HAL_NVIC_EnableIRQ
                0x00000000080005ec       0x18 Drivers/STM32F4xx_HAL_Driver/Src/stm32f4xx_hal_cortex.o
                0x00000000080005ec                HAL_NVIC_EnableIRQ
 .text.HAL_SYSTICK_Config
                0x0000000008000604       0x2c Drivers/STM32F4xx_HAL_Driver/Src/stm32f4xx_hal_cortex.o
                0x0000000008000604                HAL_SYSTICK_Config
 .text.HAL_SYSTICK_CLKSourceConfig
                0x0000000008000630       0x20 Drivers/STM32F4xx_HAL_Driver/Src/stm32f4xx_hal_cortex.o
                0x0000000008000630                HAL_SYSTICK_CLKSourceConfig
 .text.DMA_SetConfig
                0x0000000008000650       0x2c Drivers/STM32F4xx_HAL_Driver/Src/stm32f4xx_hal_dma.o
 .text.DMA_CalcBaseAndBitshift
                0x000000000800067c       0x3c Drivers/STM32F4xx_HAL_Driver/Src/stm32f4xx_hal_dma.o
 .text.DMA_CheckFifoParam
                0x00000000080006b8       0x8e Drivers/STM32F4xx_HAL_Driver/Src/stm32f4xx_hal_dma.o
 *fill*         0x0000000008000746        0x2 
 .text.HAL_DMA_Init
                0x0000000008000748       0xd0 Drivers/STM32F4xx_HAL_Driver/Src/stm32f4xx_hal_dma.o
                0x0000000008000748                HAL_DMA_Init
 .text.HAL_DMA_Start_IT
                0x0000000008000818       0x74 Drivers/STM32F4xx_HAL_Driver/Src/stm32f4xx_hal_dma.o
                0x0000000008000818                HAL_DMA_Start_IT
 .text.HAL_DMA_Abort_IT
                0x000000000800088c       0x26 Drivers/STM32F4xx_HAL_Driver/Src/stm32f4xx_hal_dma.o
                0x000000000800088c                HAL_DMA_Abort_IT
 *fill*         0x00000000080008b2        0x2 
 .text.HAL_DMA_IRQHandler
                0x00000000080008b4      0x1dc Drivers/STM32F4xx_HAL_Driver/Src/stm32f4xx_hal_dma.o
                0x00000000080008b4                HAL_DMA_IRQHandler
 .text.HAL_DMA_GetError
                0x0000000008000a90        0x4 Drivers/STM32F4xx_HAL_Driver/Src/stm32f4xx_hal_dma.o
                0x0000000008000a90                HAL_DMA_GetError
 .text.FLASH_Program_DoubleWord
                0x0000000008000a94       0x2c Drivers/STM32F4xx_HAL_Driver/Src/stm32f4xx_hal_flash.o
 .text.FLASH_Program_Word
                0x0000000008000ac0       0x24 Drivers/STM32F4xx_HAL_Driver/Src/stm32f4xx_hal_flash.o
 .text.FLASH_Program_HalfWord
                0x0000000008000ae4       0x24 Drivers/STM32F4xx_HAL_Driver/Src/stm32f4xx_hal_flash.o
 .text.FLASH_Program_Byte
                0x0000000008000b08       0x20 Drivers/STM32F4xx_HAL_Driver/Src/stm32f4xx_hal_flash.o
 .text.FLASH_SetErrorCode
                0x0000000008000b28       0x8c Drivers/STM32F4xx_HAL_Driver/Src/stm32f4xx_hal_flash.o
 .text.HAL_FLASH_Unlock
                0x0000000008000bb4       0x30 Drivers/STM32F4xx_HAL_Driver/Src/stm32f4xx_hal_flash.o
                0x0000000008000bb4                HAL_FLASH_Unlock
 .text.FLASH_WaitForLastOperation
                0x0000000008000be4       0x64 Drivers/STM32F4xx_HAL_Driver/Src/stm32f4xx_hal_flash.o
                0x0000000008000be4                FLASH_WaitForLastOperation
 .text.HAL_FLASH_Program
                0x0000000008000c48       0x84 Drivers/STM32F4xx_HAL_Driver/Src/stm32f4xx_hal_flash.o
                0x0000000008000c48                HAL_FLASH_Program
 .text.FLASH_MassErase
                0x0000000008000ccc       0x24 Drivers/STM32F4xx_HAL_Driver/Src/stm32f4xx_hal_flash_ex.o
 .text.FLASH_Erase_Sector
                0x0000000008000cf0       0x50 Drivers/STM32F4xx_HAL_Driver/Src/stm32f4xx_hal_flash_ex.o
                0x0000000008000cf0                FLASH_Erase_Sector
 .text.FLASH_FlushCaches
                0x0000000008000d40       0x60 Drivers/STM32F4xx_HAL_Driver/Src/stm32f4xx_hal_flash_ex.o
                0x0000000008000d40                FLASH_FlushCaches
 .text.HAL_FLASHEx_Erase
                0x0000000008000da0       0x94 Drivers/STM32F4xx_HAL_Driver/Src/stm32f4xx_hal_flash_ex.o
                0x0000000008000da0                HAL_FLASHEx_Erase
 .text.HAL_GPIO_Init
                0x0000000008000e34      0x1cc Drivers/STM32F4xx_HAL_Driver/Src/stm32f4xx_hal_gpio.o
                0x0000000008000e34                HAL_GPIO_Init
 .text.HAL_GPIO_WritePin
                0x0000000008001000        0xc Drivers/STM32F4xx_HAL_Driver/Src/stm32f4xx_hal_gpio.o
                0x0000000008001000                HAL_GPIO_WritePin
 .text.HAL_GPIO_TogglePin
                0x000000000800100c        0x8 Drivers/STM32F4xx_HAL_Driver/Src/stm32f4xx_hal_gpio.o
                0x000000000800100c                HAL_GPIO_TogglePin
 .text.I2C_Master_SB
                0x0000000008001014       0x8a Drivers/STM32F4xx_HAL_Driver/Src/stm32f4xx_hal_i2c.o
 .text.I2C_Master_ADD10
                0x000000000800109e        0xc Drivers/STM32F4xx_HAL_Driver/Src/stm32f4xx_hal_i2c.o
 .text.I2C_Master_ADDR
                0x00000000080010aa      0x1cc Drivers/STM32F4xx_HAL_Driver/Src/stm32f4xx_hal_i2c.o
 .text.I2C_SlaveTransmit_BTF
                0x0000000008001276       0x20 Drivers/STM32F4xx_HAL_Driver/Src/stm32f4xx_hal_i2c.o
 .text.I2C_SlaveReceive_BTF
                0x0000000008001296       0x20 Drivers/STM32F4xx_HAL_Driver/Src/stm32f4xx_hal_i2c.o
 .text.I2C_IsAcknowledgeFailed
                0x00000000080012b6       0x2a Drivers/STM32F4xx_HAL_Driver/Src/stm32f4xx_hal_i2c.o
 .text.I2C_WaitOnFlagUntilTimeout
                0x00000000080012e0       0x68 Drivers/STM32F4xx_HAL_Driver/Src/stm32f4xx_hal_i2c.o
 .text.I2C_WaitOnMasterAddressFlagUntilTimeout
                0x0000000008001348       0x90 Drivers/STM32F4xx_HAL_Driver/Src/stm32f4xx_hal_i2c.o
 .text.I2C_WaitOnTXEFlagUntilTimeout
                0x00000000080013d8       0x4e Drivers/STM32F4xx_HAL_Driver/Src/stm32f4xx_hal_i2c.o
 *fill*         0x0000000008001426        0x2 
 .text.I2C_RequestMemoryWrite
                0x0000000008001428       0xd4 Drivers/STM32F4xx_HAL_Driver/Src/stm32f4xx_hal_i2c.o
 .text.I2C_RequestMemoryRead
                0x00000000080014fc      0x148 Drivers/STM32F4xx_HAL_Driver/Src/stm32f4xx_hal_i2c.o
 .text.HAL_I2C_Init
                0x0000000008001644      0x11c Drivers/STM32F4xx_HAL_Driver/Src/stm32f4xx_hal_i2c.o
                0x0000000008001644                HAL_I2C_Init
 .text.HAL_I2C_Mem_Write_DMA
                0x0000000008001760      0x154 Drivers/STM32F4xx_HAL_Driver/Src/stm32f4xx_hal_i2c.o
                0x0000000008001760                HAL_I2C_Mem_Write_DMA
 .text.HAL_I2C_Mem_Read_DMA
                0x00000000080018b4      0x1c8 Drivers/STM32F4xx_HAL_Driver/Src/stm32f4xx_hal_i2c.o
                0x00000000080018b4                HAL_I2C_Mem_Read_DMA
 .text.HAL_I2C_MasterTxCpltCallback
                0x0000000008001a7c        0x2 Drivers/STM32F4xx_HAL_Driver/Src/stm32f4xx_hal_i2c.o
                0x0000000008001a7c                HAL_I2C_MasterTxCpltCallback
 .text.HAL_I2C_MasterRxCpltCallback
                0x0000000008001a7e        0x2 Drivers/STM32F4xx_HAL_Driver/Src/stm32f4xx_hal_i2c.o
                0x0000000008001a7e                HAL_I2C_MasterRxCpltCallback
 .text.HAL_I2C_SlaveTxCpltCallback
                0x0000000008001a80        0x2 Drivers/STM32F4xx_HAL_Driver/Src/stm32f4xx_hal_i2c.o
                0x0000000008001a80                HAL_I2C_SlaveTxCpltCallback
 .text.I2C_SlaveTransmit_TXE
                0x0000000008001a82       0x50 Drivers/STM32F4xx_HAL_Driver/Src/stm32f4xx_hal_i2c.o
 .text.HAL_I2C_SlaveRxCpltCallback
                0x0000000008001ad2        0x2 Drivers/STM32F4xx_HAL_Driver/Src/stm32f4xx_hal_i2c.o
                0x0000000008001ad2                HAL_I2C_SlaveRxCpltCallback
 .text.I2C_SlaveReceive_RXNE
                0x0000000008001ad4       0x4c Drivers/STM32F4xx_HAL_Driver/Src/stm32f4xx_hal_i2c.o
 .text.HAL_I2C_AddrCallback
                0x0000000008001b20        0x2 Drivers/STM32F4xx_HAL_Driver/Src/stm32f4xx_hal_i2c.o
                0x0000000008001b20                HAL_I2C_AddrCallback
 .text.I2C_Slave_ADDR
                0x0000000008001b22       0x28 Drivers/STM32F4xx_HAL_Driver/Src/stm32f4xx_hal_i2c.o
 .text.HAL_I2C_ListenCpltCallback
                0x0000000008001b4a        0x2 Drivers/STM32F4xx_HAL_Driver/Src/stm32f4xx_hal_i2c.o
                0x0000000008001b4a                HAL_I2C_ListenCpltCallback
 .text.I2C_Slave_AF
                0x0000000008001b4c       0x94 Drivers/STM32F4xx_HAL_Driver/Src/stm32f4xx_hal_i2c.o
 .text.HAL_I2C_MemTxCpltCallback
                0x0000000008001be0        0x2 Drivers/STM32F4xx_HAL_Driver/Src/stm32f4xx_hal_i2c.o
                0x0000000008001be0                HAL_I2C_MemTxCpltCallback
 .text.I2C_MasterTransmit_TXE
                0x0000000008001be2      0x14a Drivers/STM32F4xx_HAL_Driver/Src/stm32f4xx_hal_i2c.o
 .text.I2C_MasterTransmit_BTF
                0x0000000008001d2c       0x9e Drivers/STM32F4xx_HAL_Driver/Src/stm32f4xx_hal_i2c.o
 .text.HAL_I2C_MemRxCpltCallback
                0x0000000008001dca        0x2 Drivers/STM32F4xx_HAL_Driver/Src/stm32f4xx_hal_i2c.o
                0x0000000008001dca                HAL_I2C_MemRxCpltCallback
 .text.I2C_MasterReceive_RXNE
                0x0000000008001dcc       0x9c Drivers/STM32F4xx_HAL_Driver/Src/stm32f4xx_hal_i2c.o
 .text.I2C_MasterReceive_BTF
                0x0000000008001e68      0x10c Drivers/STM32F4xx_HAL_Driver/Src/stm32f4xx_hal_i2c.o
 .text.HAL_I2C_ErrorCallback
                0x0000000008001f74        0x2 Drivers/STM32F4xx_HAL_Driver/Src/stm32f4xx_hal_i2c.o
                0x0000000008001f74                HAL_I2C_ErrorCallback
 .text.I2C_DMAError
                0x0000000008001f76       0x34 Drivers/STM32F4xx_HAL_Driver/Src/stm32f4xx_hal_i2c.o
 .text.I2C_DMAXferCplt
                0x0000000008001faa       0x94 Drivers/STM32F4xx_HAL_Driver/Src/stm32f4xx_hal_i2c.o
 .text.HAL_I2C_AbortCpltCallback
                0x000000000800203e        0x2 Drivers/STM32F4xx_HAL_Driver/Src/stm32f4xx_hal_i2c.o
                0x000000000800203e                HAL_I2C_AbortCpltCallback
 .text.I2C_ITError
                0x0000000008002040      0x14c Drivers/STM32F4xx_HAL_Driver/Src/stm32f4xx_hal_i2c.o
 .text.I2C_Slave_STOPF
                0x000000000800218c      0x104 Drivers/STM32F4xx_HAL_Driver/Src/stm32f4xx_hal_i2c.o
 .text.HAL_I2C_EV_IRQHandler
                0x0000000008002290      0x168 Drivers/STM32F4xx_HAL_Driver/Src/stm32f4xx_hal_i2c.o
                0x0000000008002290                HAL_I2C_EV_IRQHandler
 .text.HAL_I2C_ER_IRQHandler
                0x00000000080023f8       0xd4 Drivers/STM32F4xx_HAL_Driver/Src/stm32f4xx_hal_i2c.o
                0x00000000080023f8                HAL_I2C_ER_IRQHandler
 .text.I2C_DMAAbort
                0x00000000080024cc       0x5e Drivers/STM32F4xx_HAL_Driver/Src/stm32f4xx_hal_i2c.o
 .text.HAL_I2C_GetState
                0x000000000800252a        0x6 Drivers/STM32F4xx_HAL_Driver/Src/stm32f4xx_hal_i2c.o
                0x000000000800252a                HAL_I2C_GetState
 .text.HAL_RCC_OscConfig
                0x0000000008002530      0x398 Drivers/STM32F4xx_HAL_Driver/Src/stm32f4xx_hal_rcc.o
                0x0000000008002530                HAL_RCC_OscConfig
 .text.HAL_RCC_GetSysClockFreq
                0x00000000080028c8       0xd4 Drivers/STM32F4xx_HAL_Driver/Src/stm32f4xx_hal_rcc.o
                0x00000000080028c8                HAL_RCC_GetSysClockFreq
 .text.HAL_RCC_ClockConfig
                0x000000000800299c      0x158 Drivers/STM32F4xx_HAL_Driver/Src/stm32f4xx_hal_rcc.o
                0x000000000800299c                HAL_RCC_ClockConfig
 .text.HAL_RCC_GetHCLKFreq
                0x0000000008002af4        0xc Drivers/STM32F4xx_HAL_Driver/Src/stm32f4xx_hal_rcc.o
                0x0000000008002af4                HAL_RCC_GetHCLKFreq
 .text.HAL_RCC_GetPCLK1Freq
                0x0000000008002b00       0x20 Drivers/STM32F4xx_HAL_Driver/Src/stm32f4xx_hal_rcc.o
                0x0000000008002b00                HAL_RCC_GetPCLK1Freq
 .text.HAL_RCC_GetClockConfig
                0x0000000008002b20       0x3c Drivers/STM32F4xx_HAL_Driver/Src/stm32f4xx_hal_rcc.o
                0x0000000008002b20                HAL_RCC_GetClockConfig
 .text.HAL_SPI_Init
                0x0000000008002b5c       0x80 Drivers/STM32F4xx_HAL_Driver/Src/stm32f4xx_hal_spi.o
                0x0000000008002b5c                HAL_SPI_Init
 .text.HAL_TIM_Base_MspInit
                0x0000000008002bdc        0x2 Drivers/STM32F4xx_HAL_Driver/Src/stm32f4xx_hal_tim.o
                0x0000000008002bdc                HAL_TIM_Base_MspInit
 .text.HAL_TIM_Base_Start_IT
                0x0000000008002bde       0x18 Drivers/STM32F4xx_HAL_Driver/Src/stm32f4xx_hal_tim.o
                0x0000000008002bde                HAL_TIM_Base_Start_IT
 .text.HAL_TIM_OC_DelayElapsedCallback
                0x0000000008002bf6        0x2 Drivers/STM32F4xx_HAL_Driver/Src/stm32f4xx_hal_tim.o
                0x0000000008002bf6                HAL_TIM_OC_DelayElapsedCallback
 .text.HAL_TIM_IC_CaptureCallback
                0x0000000008002bf8        0x2 Drivers/STM32F4xx_HAL_Driver/Src/stm32f4xx_hal_tim.o
                0x0000000008002bf8                HAL_TIM_IC_CaptureCallback
 .text.HAL_TIM_PWM_PulseFinishedCallback
                0x0000000008002bfa        0x2 Drivers/STM32F4xx_HAL_Driver/Src/stm32f4xx_hal_tim.o
                0x0000000008002bfa                HAL_TIM_PWM_PulseFinishedCallback
 .text.HAL_TIM_TriggerCallback
                0x0000000008002bfc        0x2 Drivers/STM32F4xx_HAL_Driver/Src/stm32f4xx_hal_tim.o
                0x0000000008002bfc                HAL_TIM_TriggerCallback
 .text.HAL_TIM_IRQHandler
                0x0000000008002bfe      0x17a Drivers/STM32F4xx_HAL_Driver/Src/stm32f4xx_hal_tim.o
                0x0000000008002bfe                HAL_TIM_IRQHandler
 .text.TIM_Base_SetConfig
                0x0000000008002d78      0x11c Drivers/STM32F4xx_HAL_Driver/Src/stm32f4xx_hal_tim.o
                0x0000000008002d78                TIM_Base_SetConfig
 .text.HAL_TIM_Base_Init
                0x0000000008002e94       0x32 Drivers/STM32F4xx_HAL_Driver/Src/stm32f4xx_hal_tim.o
                0x0000000008002e94                HAL_TIM_Base_Init
 .text.HAL_TIMEx_CommutationCallback
                0x0000000008002ec6        0x2 Drivers/STM32F4xx_HAL_Driver/Src/stm32f4xx_hal_tim_ex.o
                0x0000000008002ec6                HAL_TIMEx_CommutationCallback
 .text.HAL_TIMEx_BreakCallback
                0x0000000008002ec8        0x2 Drivers/STM32F4xx_HAL_Driver/Src/stm32f4xx_hal_tim_ex.o
                0x0000000008002ec8                HAL_TIMEx_BreakCallback
 .text.makeFreeRtosPriority
                0x0000000008002eca        0xc Middlewares/Third_Party/FreeRTOS/Source/CMSIS_RTOS/cmsis_os.o
 .text.osKernelStart
                0x0000000008002ed6        0xa Middlewares/Third_Party/FreeRTOS/Source/CMSIS_RTOS/cmsis_os.o
                0x0000000008002ed6                osKernelStart
 .text.osThreadCreate
                0x0000000008002ee0       0x34 Middlewares/Third_Party/FreeRTOS/Source/CMSIS_RTOS/cmsis_os.o
                0x0000000008002ee0                osThreadCreate
 .text.osDelay  0x0000000008002f14       0x12 Middlewares/Third_Party/FreeRTOS/Source/CMSIS_RTOS/cmsis_os.o
                0x0000000008002f14                osDelay
 .text.osSystickHandler
                0x0000000008002f26       0x10 Middlewares/Third_Party/FreeRTOS/Source/CMSIS_RTOS/cmsis_os.o
                0x0000000008002f26                osSystickHandler
 .text.vListInitialise
                0x0000000008002f36       0x16 Middlewares/Third_Party/FreeRTOS/Source/list.o
                0x0000000008002f36                vListInitialise
 .text.vListInitialiseItem
                0x0000000008002f4c        0x6 Middlewares/Third_Party/FreeRTOS/Source/list.o
                0x0000000008002f4c                vListInitialiseItem
 .text.vListInsertEnd
                0x0000000008002f52       0x18 Middlewares/Third_Party/FreeRTOS/Source/list.o
                0x0000000008002f52                vListInsertEnd
 .text.vListInsert
                0x0000000008002f6a       0x34 Middlewares/Third_Party/FreeRTOS/Source/list.o
                0x0000000008002f6a                vListInsert
 .text.uxListRemove
                0x0000000008002f9e       0x26 Middlewares/Third_Party/FreeRTOS/Source/list.o
                0x0000000008002f9e                uxListRemove
 .text.prvIsQueueFull
                0x0000000008002fc4       0x1e Middlewares/Third_Party/FreeRTOS/Source/queue.o
 .text.prvIsQueueEmpty
                0x0000000008002fe2       0x1a Middlewares/Third_Party/FreeRTOS/Source/queue.o
 .text.prvCopyDataToQueue
                0x0000000008002ffc       0x76 Middlewares/Third_Party/FreeRTOS/Source/queue.o
 .text.prvCopyDataFromQueue
                0x0000000008003072       0x24 Middlewares/Third_Party/FreeRTOS/Source/queue.o
 .text.prvUnlockQueue
                0x0000000008003096       0x6e Middlewares/Third_Party/FreeRTOS/Source/queue.o
 .text.xQueueGenericReset
                0x0000000008003104       0x80 Middlewares/Third_Party/FreeRTOS/Source/queue.o
                0x0000000008003104                xQueueGenericReset
 .text.prvInitialiseNewQueue
                0x0000000008003184       0x1c Middlewares/Third_Party/FreeRTOS/Source/queue.o
 .text.xQueueGenericCreate
                0x00000000080031a0       0x48 Middlewares/Third_Party/FreeRTOS/Source/queue.o
                0x00000000080031a0                xQueueGenericCreate
 .text.xQueueGenericSend
                0x00000000080031e8      0x188 Middlewares/Third_Party/FreeRTOS/Source/queue.o
                0x00000000080031e8                xQueueGenericSend
 .text.prvInitialiseMutex
                0x0000000008003370       0x18 Middlewares/Third_Party/FreeRTOS/Source/queue.o
 .text.xQueueCreateMutex
                0x0000000008003388       0x16 Middlewares/Third_Party/FreeRTOS/Source/queue.o
                0x0000000008003388                xQueueCreateMutex
 *fill*         0x000000000800339e        0x2 
 .text.xQueueGenericReceive
                0x00000000080033a0      0x1b0 Middlewares/Third_Party/FreeRTOS/Source/queue.o
                0x00000000080033a0                xQueueGenericReceive
 .text.prvResetNextTaskUnblockTime
                0x0000000008003550       0x2c Middlewares/Third_Party/FreeRTOS/Source/tasks.o
 .text.prvDeleteTCB
                0x000000000800357c       0x12 Middlewares/Third_Party/FreeRTOS/Source/tasks.o
 .text.prvInitialiseNewTask
                0x000000000800358e       0x80 Middlewares/Third_Party/FreeRTOS/Source/tasks.o
 *fill*         0x000000000800360e        0x2 
 .text.prvInitialiseTaskLists
                0x0000000008003610       0x58 Middlewares/Third_Party/FreeRTOS/Source/tasks.o
 .text.prvAddNewTaskToReadyList
                0x0000000008003668       0xac Middlewares/Third_Party/FreeRTOS/Source/tasks.o
 .text.prvAddCurrentTaskToDelayedList
                0x0000000008003714       0x88 Middlewares/Third_Party/FreeRTOS/Source/tasks.o
 .text.xTaskCreate
                0x000000000800379c       0x62 Middlewares/Third_Party/FreeRTOS/Source/tasks.o
                0x000000000800379c                xTaskCreate
 *fill*         0x00000000080037fe        0x2 
 .text.vTaskStartScheduler
                0x0000000008003800       0x74 Middlewares/Third_Party/FreeRTOS/Source/tasks.o
                0x0000000008003800                vTaskStartScheduler
 .text.vTaskSuspendAll
                0x0000000008003874       0x14 Middlewares/Third_Party/FreeRTOS/Source/tasks.o
                0x0000000008003874                vTaskSuspendAll
 .text.xTaskIncrementTick
                0x0000000008003888      0x114 Middlewares/Third_Party/FreeRTOS/Source/tasks.o
                0x0000000008003888                xTaskIncrementTick
 .text.xTaskResumeAll
                0x000000000800399c       0xf4 Middlewares/Third_Party/FreeRTOS/Source/tasks.o
                0x000000000800399c                xTaskResumeAll
 .text.vTaskDelay
                0x0000000008003a90       0x50 Middlewares/Third_Party/FreeRTOS/Source/tasks.o
                0x0000000008003a90                vTaskDelay
 .text.prvCheckTasksWaitingTermination
                0x0000000008003ae0       0x54 Middlewares/Third_Party/FreeRTOS/Source/tasks.o
 .text.prvIdleTask
                0x0000000008003b34       0x28 Middlewares/Third_Party/FreeRTOS/Source/tasks.o
 .text.vTaskSwitchContext
                0x0000000008003b5c       0x90 Middlewares/Third_Party/FreeRTOS/Source/tasks.o
                0x0000000008003b5c                vTaskSwitchContext
 .text.vTaskPlaceOnEventList
                0x0000000008003bec       0x34 Middlewares/Third_Party/FreeRTOS/Source/tasks.o
                0x0000000008003bec                vTaskPlaceOnEventList
 .text.xTaskRemoveFromEventList
                0x0000000008003c20       0x84 Middlewares/Third_Party/FreeRTOS/Source/tasks.o
                0x0000000008003c20                xTaskRemoveFromEventList
 .text.vTaskSetTimeOutState
                0x0000000008003ca4       0x28 Middlewares/Third_Party/FreeRTOS/Source/tasks.o
                0x0000000008003ca4                vTaskSetTimeOutState
 .text.xTaskCheckForTimeOut
                0x0000000008003ccc       0x80 Middlewares/Third_Party/FreeRTOS/Source/tasks.o
                0x0000000008003ccc                xTaskCheckForTimeOut
 .text.vTaskMissedYield
                0x0000000008003d4c       0x10 Middlewares/Third_Party/FreeRTOS/Source/tasks.o
                0x0000000008003d4c                vTaskMissedYield
 .text.xTaskGetSchedulerState
                0x0000000008003d5c       0x20 Middlewares/Third_Party/FreeRTOS/Source/tasks.o
                0x0000000008003d5c                xTaskGetSchedulerState
 .text.vTaskPriorityInherit
                0x0000000008003d7c       0xb0 Middlewares/Third_Party/FreeRTOS/Source/tasks.o
                0x0000000008003d7c                vTaskPriorityInherit
 .text.xTaskPriorityDisinherit
                0x0000000008003e2c       0xb8 Middlewares/Third_Party/FreeRTOS/Source/tasks.o
                0x0000000008003e2c                xTaskPriorityDisinherit
 .text.pvTaskIncrementMutexHeldCount
                0x0000000008003ee4       0x20 Middlewares/Third_Party/FreeRTOS/Source/tasks.o
                0x0000000008003ee4                pvTaskIncrementMutexHeldCount
 .text.prvTaskExitError
                0x0000000008003f04       0x34 Middlewares/Third_Party/FreeRTOS/Source/portable/GCC/ARM_CM4F/port.o
 .text.prvPortStartFirstTask
                0x0000000008003f38       0x20 Middlewares/Third_Party/FreeRTOS/Source/portable/GCC/ARM_CM4F/port.o
 .text.vPortEnableVFP
                0x0000000008003f58       0x14 Middlewares/Third_Party/FreeRTOS/Source/portable/GCC/ARM_CM4F/port.o
 .text.pxPortInitialiseStack
                0x0000000008003f6c       0x2c Middlewares/Third_Party/FreeRTOS/Source/portable/GCC/ARM_CM4F/port.o
                0x0000000008003f6c                pxPortInitialiseStack
 *fill*         0x0000000008003f98        0x8 
 .text.SVC_Handler
                0x0000000008003fa0       0x24 Middlewares/Third_Party/FreeRTOS/Source/portable/GCC/ARM_CM4F/port.o
                0x0000000008003fa0                SVC_Handler
 .text.vPortEnterCritical
                0x0000000008003fc4       0x44 Middlewares/Third_Party/FreeRTOS/Source/portable/GCC/ARM_CM4F/port.o
                0x0000000008003fc4                vPortEnterCritical
 .text.vPortExitCritical
                0x0000000008004008       0x2c Middlewares/Third_Party/FreeRTOS/Source/portable/GCC/ARM_CM4F/port.o
                0x0000000008004008                vPortExitCritical
 *fill*         0x0000000008004034        0xc 
 .text.PendSV_Handler
                0x0000000008004040       0x64 Middlewares/Third_Party/FreeRTOS/Source/portable/GCC/ARM_CM4F/port.o
                0x0000000008004040                PendSV_Handler
 .text.xPortSysTickHandler
                0x00000000080040a4       0x2c Middlewares/Third_Party/FreeRTOS/Source/portable/GCC/ARM_CM4F/port.o
                0x00000000080040a4                xPortSysTickHandler
 .text.vPortSetupTimerInterrupt
                0x00000000080040d0       0x2c Middlewares/Third_Party/FreeRTOS/Source/portable/GCC/ARM_CM4F/port.o
                0x00000000080040d0                vPortSetupTimerInterrupt
 .text.xPortStartScheduler
                0x00000000080040fc       0xe8 Middlewares/Third_Party/FreeRTOS/Source/portable/GCC/ARM_CM4F/port.o
                0x00000000080040fc                xPortStartScheduler
 .text.prvHeapInit
                0x00000000080041e4       0x58 Middlewares/Third_Party/FreeRTOS/Source/portable/MemMang/heap_4.o
 .text.prvInsertBlockIntoFreeList
                0x000000000800423c       0x58 Middlewares/Third_Party/FreeRTOS/Source/portable/MemMang/heap_4.o
 .text.pvPortMalloc
                0x0000000008004294      0x10c Middlewares/Third_Party/FreeRTOS/Source/portable/MemMang/heap_4.o
                0x0000000008004294                pvPortMalloc
 .text.vPortFree
                0x00000000080043a0       0x70 Middlewares/Third_Party/FreeRTOS/Source/portable/MemMang/heap_4.o
                0x00000000080043a0                vPortFree
 .text.AccGyroTaskEntry
                0x0000000008004410       0x44 Src/I2CTask.o
                0x0000000008004410                AccGyroTaskEntry
 .text.MagTaskEntry
                0x0000000008004454        0xa Src/I2CTask.o
                0x0000000008004454                MagTaskEntry
 *fill*         0x000000000800445e        0x2 
 .text.DebugLEDTaskEntry
                0x0000000008004460       0x18 Src/I2CTask.o
                0x0000000008004460                DebugLEDTaskEntry
 .text.MX_DMA_Init
                0x0000000008004478       0x44 Src/dma.o
                0x0000000008004478                MX_DMA_Init
 .text.EE_VerifyPageFullyErased
                0x00000000080044bc       0x24 Src/eeprom.o
 .text.EE_FindValidPage
                0x00000000080044e0       0x50 Src/eeprom.o
 .text.EE_VerifyPageFullWriteVariable
                0x0000000008004530       0x5c Src/eeprom.o
 .text.EE_Format
                0x000000000800458c       0x64 Src/eeprom.o
 .text.EE_ReadVariable
                0x00000000080045f0       0x44 Src/eeprom.o
                0x00000000080045f0                EE_ReadVariable
 .text.EE_Init  0x0000000008004634      0x274 Src/eeprom.o
                0x0000000008004634                EE_Init
 .text.EE_PageTransfer
                0x00000000080048a8       0xc8 Src/eeprom.o
 .text.EE_WriteVariable
                0x0000000008004970       0x1a Src/eeprom.o
                0x0000000008004970                EE_WriteVariable
 .text.StartDefaultTask
                0x000000000800498a        0xa Src/freertos.o
                0x000000000800498a                StartDefaultTask
 .text.MX_FREERTOS_Init
                0x0000000008004994       0x84 Src/freertos.o
                0x0000000008004994                MX_FREERTOS_Init
 .text.MX_GPIO_Init
                0x0000000008004a18      0x248 Src/gpio.o
                0x0000000008004a18                MX_GPIO_Init
 .text.MX_I2C1_Init
                0x0000000008004c60       0x44 Src/i2c.o
                0x0000000008004c60                MX_I2C1_Init
 .text.HAL_I2C_MspInit
                0x0000000008004ca4       0xdc Src/i2c.o
                0x0000000008004ca4                HAL_I2C_MspInit
 .text.MX_NVIC_Init
                0x0000000008004d80       0x24 Src/main.o
 .text.HAL_TIM_PeriodElapsedCallback
                0x0000000008004da4       0x18 Src/main.o
                0x0000000008004da4                HAL_TIM_PeriodElapsedCallback
 .text._Error_Handler
                0x0000000008004dbc        0x2 Src/main.o
                0x0000000008004dbc                _Error_Handler
 *fill*         0x0000000008004dbe        0x2 
 .text.SystemClock_Config
                0x0000000008004dc0       0xc4 Src/main.o
                0x0000000008004dc0                SystemClock_Config
 .text.main     0x0000000008004e84       0x70 Src/main.o
                0x0000000008004e84                main
 .text.MX_SPI1_Init
                0x0000000008004ef4       0x40 Src/spi.o
                0x0000000008004ef4                MX_SPI1_Init
 .text.HAL_SPI_MspInit
                0x0000000008004f34       0x68 Src/spi.o
                0x0000000008004f34                HAL_SPI_MspInit
 .text.HAL_MspInit
                0x0000000008004f9c       0x5e Src/stm32f4xx_hal_msp.o
                0x0000000008004f9c                HAL_MspInit
 *fill*         0x0000000008004ffa        0x2 
 .text.HAL_InitTick
                0x0000000008004ffc       0x7c Src/stm32f4xx_hal_timebase_TIM.o
                0x0000000008004ffc                HAL_InitTick
 .text.SysTick_Handler
                0x0000000008005078        0x8 Src/stm32f4xx_it.o
                0x0000000008005078                SysTick_Handler
 .text.DMA1_Stream0_IRQHandler
                0x0000000008005080       0x10 Src/stm32f4xx_it.o
                0x0000000008005080                DMA1_Stream0_IRQHandler
 .text.DMA1_Stream6_IRQHandler
                0x0000000008005090       0x10 Src/stm32f4xx_it.o
                0x0000000008005090                DMA1_Stream6_IRQHandler
 .text.TIM3_IRQHandler
                0x00000000080050a0       0x10 Src/stm32f4xx_it.o
                0x00000000080050a0                TIM3_IRQHandler
 .text.I2C1_EV_IRQHandler
                0x00000000080050b0       0x10 Src/stm32f4xx_it.o
                0x00000000080050b0                I2C1_EV_IRQHandler
 .text.I2C1_ER_IRQHandler
                0x00000000080050c0       0x10 Src/stm32f4xx_it.o
                0x00000000080050c0                I2C1_ER_IRQHandler
 .text.SystemInit
                0x00000000080050d0       0x4c Src/system_stm32f4xx.o
                0x00000000080050d0                SystemInit
 .text.LIS3MDL_UpdateCmd
                0x000000000800511c       0xa0 Src/Sensors/LIS3MDL.o
                0x000000000800511c                LIS3MDL_UpdateCmd
 .text.LIS3MDL_WriteCmd
                0x00000000080051bc       0x6c Src/Sensors/LIS3MDL.o
                0x00000000080051bc                LIS3MDL_WriteCmd
 .text.LIS3MDL_ReadCmd
                0x0000000008005228       0x6c Src/Sensors/LIS3MDL.o
                0x0000000008005228                LIS3MDL_ReadCmd
 .text.LIS3MDL_SetSpeedMG
                0x0000000008005294       0x10 Src/Sensors/LIS3MDL.o
                0x0000000008005294                LIS3MDL_SetSpeedMG
 .text.LIS3MDL_Read
                0x00000000080052a4       0x7c Src/Sensors/LIS3MDL.o
                0x00000000080052a4                LIS3MDL_Read
 .text.LIS3MDL_Calibrate
                0x0000000008005320       0xe8 Src/Sensors/LIS3MDL.o
                0x0000000008005320                LIS3MDL_Calibrate
 .text.LIS3MDL_Init
                0x0000000008005408       0xc8 Src/Sensors/LIS3MDL.o
                0x0000000008005408                LIS3MDL_Init
 .text.LSM6DS33_WriteCmd
                0x00000000080054d0       0x6c Src/Sensors/LSM6DS33.o
                0x00000000080054d0                LSM6DS33_WriteCmd
 .text.LSM6DS33_UpdateCmd
                0x000000000800553c       0xa0 Src/Sensors/LSM6DS33.o
                0x000000000800553c                LSM6DS33_UpdateCmd
 .text.LSM6DS33_ReadCmd
                0x00000000080055dc       0x78 Src/Sensors/LSM6DS33.o
                0x00000000080055dc                LSM6DS33_ReadCmd
 .text.LSM6DS33_SetSpeedXL
                0x0000000008005654       0x10 Src/Sensors/LSM6DS33.o
                0x0000000008005654                LSM6DS33_SetSpeedXL
 .text.LSM6DS33_SetSpeedG
                0x0000000008005664       0x10 Src/Sensors/LSM6DS33.o
                0x0000000008005664                LSM6DS33_SetSpeedG
 .text.LSM6DS33_Init
                0x0000000008005674       0x78 Src/Sensors/LSM6DS33.o
                0x0000000008005674                LSM6DS33_Init
 .text.LSM6DS33_Read
                0x00000000080056ec       0xa6 Src/Sensors/LSM6DS33.o
                0x00000000080056ec                LSM6DS33_Read
 *fill*         0x0000000008005792        0x2 
 .text.Reset_Handler
                0x0000000008005794       0x50 startup/startup_stm32f407xx.o
                0x0000000008005794                Reset_Handler
 .text.Default_Handler
                0x00000000080057e4        0x2 startup/startup_stm32f407xx.o
                0x00000000080057e4                RTC_Alarm_IRQHandler
                0x00000000080057e4                HASH_RNG_IRQHandler
                0x00000000080057e4                EXTI2_IRQHandler
                0x00000000080057e4                TIM8_CC_IRQHandler
                0x00000000080057e4                DebugMon_Handler
                0x00000000080057e4                TIM1_CC_IRQHandler
                0x00000000080057e4                DMA2_Stream5_IRQHandler
                0x00000000080057e4                HardFault_Handler
                0x00000000080057e4                DMA1_Stream5_IRQHandler
                0x00000000080057e4                PVD_IRQHandler
                0x00000000080057e4                SDIO_IRQHandler
                0x00000000080057e4                TAMP_STAMP_IRQHandler
                0x00000000080057e4                NMI_Handler
                0x00000000080057e4                CAN2_RX1_IRQHandler
                0x00000000080057e4                EXTI3_IRQHandler
                0x00000000080057e4                TIM8_TRG_COM_TIM14_IRQHandler
                0x00000000080057e4                TIM1_UP_TIM10_IRQHandler
                0x00000000080057e4                TIM8_UP_TIM13_IRQHandler
                0x00000000080057e4                I2C3_ER_IRQHandler
                0x00000000080057e4                EXTI0_IRQHandler
                0x00000000080057e4                I2C2_EV_IRQHandler
                0x00000000080057e4                DMA1_Stream2_IRQHandler
                0x00000000080057e4                CAN1_RX0_IRQHandler
                0x00000000080057e4                FPU_IRQHandler
                0x00000000080057e4                OTG_HS_WKUP_IRQHandler
                0x00000000080057e4                UsageFault_Handler
                0x00000000080057e4                CAN2_SCE_IRQHandler
                0x00000000080057e4                DMA2_Stream2_IRQHandler
                0x00000000080057e4                SPI1_IRQHandler
                0x00000000080057e4                TIM6_DAC_IRQHandler
                0x00000000080057e4                TIM1_BRK_TIM9_IRQHandler
                0x00000000080057e4                DCMI_IRQHandler
                0x00000000080057e4                CAN2_RX0_IRQHandler
                0x00000000080057e4                DMA2_Stream3_IRQHandler
                0x00000000080057e4                USART6_IRQHandler
                0x00000000080057e4                USART3_IRQHandler
                0x00000000080057e4                CAN1_RX1_IRQHandler
                0x00000000080057e4                UART5_IRQHandler
                0x00000000080057e4                DMA2_Stream0_IRQHandler
                0x00000000080057e4                TIM4_IRQHandler
                0x00000000080057e4                DMA1_Stream1_IRQHandler
                0x00000000080057e4                UART4_IRQHandler
                0x00000000080057e4                RCC_IRQHandler
                0x00000000080057e4                TIM8_BRK_TIM12_IRQHandler
                0x00000000080057e4                Default_Handler
                0x00000000080057e4                EXTI15_10_IRQHandler
                0x00000000080057e4                ADC_IRQHandler
                0x00000000080057e4                DMA1_Stream7_IRQHandler
                0x00000000080057e4                TIM7_IRQHandler
                0x00000000080057e4                CAN2_TX_IRQHandler
                0x00000000080057e4                TIM5_IRQHandler
                0x00000000080057e4                DMA2_Stream7_IRQHandler
                0x00000000080057e4                I2C3_EV_IRQHandler
                0x00000000080057e4                EXTI9_5_IRQHandler
                0x00000000080057e4                RTC_WKUP_IRQHandler
                0x00000000080057e4                ETH_WKUP_IRQHandler
                0x00000000080057e4                SPI2_IRQHandler
                0x00000000080057e4                OTG_HS_EP1_IN_IRQHandler
                0x00000000080057e4                MemManage_Handler
                0x00000000080057e4                CAN1_TX_IRQHandler
                0x00000000080057e4                EXTI4_IRQHandler
                0x00000000080057e4                FSMC_IRQHandler
                0x00000000080057e4                ETH_IRQHandler
                0x00000000080057e4                OTG_HS_EP1_OUT_IRQHandler
                0x00000000080057e4                WWDG_IRQHandler
                0x00000000080057e4                TIM2_IRQHandler
                0x00000000080057e4                OTG_FS_WKUP_IRQHandler
                0x00000000080057e4                TIM1_TRG_COM_TIM11_IRQHandler
                0x00000000080057e4                OTG_HS_IRQHandler
                0x00000000080057e4                EXTI1_IRQHandler
                0x00000000080057e4                USART2_IRQHandler
                0x00000000080057e4                I2C2_ER_IRQHandler
                0x00000000080057e4                DMA2_Stream1_IRQHandler
                0x00000000080057e4                CAN1_SCE_IRQHandler
                0x00000000080057e4                FLASH_IRQHandler
                0x00000000080057e4                DMA2_Stream4_IRQHandler
                0x00000000080057e4                BusFault_Handler
                0x00000000080057e4                USART1_IRQHandler
                0x00000000080057e4                OTG_FS_IRQHandler
                0x00000000080057e4                SPI3_IRQHandler
                0x00000000080057e4                DMA1_Stream4_IRQHandler
                0x00000000080057e4                DMA2_Stream6_IRQHandler
                0x00000000080057e4                DMA1_Stream3_IRQHandler
 *fill*         0x00000000080057e6        0x2 
 .text.__libc_init_array
                0x00000000080057e8       0x48 /home/bartek/.eclipse/org.eclipse.platform_4.7.3_155965261_linux_gtk_x86_64/plugins/fr.ac6.mcu.externaltools.arm-none.linux64_1.15.0.201708311556/tools/compiler/bin/../lib/gcc/arm-none-eabi/6.3.1/../../../../arm-none-eabi/lib/thumb/v7e-m/fpv4-sp/hard/libc_nano.a(lib_a-init.o)
                0x00000000080057e8                __libc_init_array
 .text.memcpy   0x0000000008005830       0x16 /home/bartek/.eclipse/org.eclipse.platform_4.7.3_155965261_linux_gtk_x86_64/plugins/fr.ac6.mcu.externaltools.arm-none.linux64_1.15.0.201708311556/tools/compiler/bin/../lib/gcc/arm-none-eabi/6.3.1/../../../../arm-none-eabi/lib/thumb/v7e-m/fpv4-sp/hard/libc_nano.a(lib_a-memcpy-stub.o)
                0x0000000008005830                memcpy
 *(.glue_7)
 .glue_7        0x0000000008005846        0x0 linker stubs
 *(.glue_7t)
 .glue_7t       0x0000000008005846        0x0 linker stubs
 *(.eh_frame)
 *fill*         0x0000000008005846        0x2 
 .eh_frame      0x0000000008005848        0x0 /home/bartek/.eclipse/org.eclipse.platform_4.7.3_155965261_linux_gtk_x86_64/plugins/fr.ac6.mcu.externaltools.arm-none.linux64_1.15.0.201708311556/tools/compiler/bin/../lib/gcc/arm-none-eabi/6.3.1/thumb/v7e-m/fpv4-sp/hard/crtbegin.o
 *(.init)
 .init          0x0000000008005848        0x4 /home/bartek/.eclipse/org.eclipse.platform_4.7.3_155965261_linux_gtk_x86_64/plugins/fr.ac6.mcu.externaltools.arm-none.linux64_1.15.0.201708311556/tools/compiler/bin/../lib/gcc/arm-none-eabi/6.3.1/thumb/v7e-m/fpv4-sp/hard/crti.o
                0x0000000008005848                _init
 .init          0x000000000800584c        0x8 /home/bartek/.eclipse/org.eclipse.platform_4.7.3_155965261_linux_gtk_x86_64/plugins/fr.ac6.mcu.externaltools.arm-none.linux64_1.15.0.201708311556/tools/compiler/bin/../lib/gcc/arm-none-eabi/6.3.1/thumb/v7e-m/fpv4-sp/hard/crtn.o
 *(.fini)
 .fini          0x0000000008005854        0x4 /home/bartek/.eclipse/org.eclipse.platform_4.7.3_155965261_linux_gtk_x86_64/plugins/fr.ac6.mcu.externaltools.arm-none.linux64_1.15.0.201708311556/tools/compiler/bin/../lib/gcc/arm-none-eabi/6.3.1/thumb/v7e-m/fpv4-sp/hard/crti.o
                0x0000000008005854                _fini
 .fini          0x0000000008005858        0x8 /home/bartek/.eclipse/org.eclipse.platform_4.7.3_155965261_linux_gtk_x86_64/plugins/fr.ac6.mcu.externaltools.arm-none.linux64_1.15.0.201708311556/tools/compiler/bin/../lib/gcc/arm-none-eabi/6.3.1/thumb/v7e-m/fpv4-sp/hard/crtn.o
                0x0000000008005860                . = ALIGN (0x4)
                0x0000000008005860                _etext = .

.vfp11_veneer   0x0000000008005860        0x0
 .vfp11_veneer  0x0000000008005860        0x0 linker stubs

.v4_bx          0x0000000008005860        0x0
 .v4_bx         0x0000000008005860        0x0 linker stubs

.iplt           0x0000000008005860        0x0
 .iplt          0x0000000008005860        0x0 /home/bartek/.eclipse/org.eclipse.platform_4.7.3_155965261_linux_gtk_x86_64/plugins/fr.ac6.mcu.externaltools.arm-none.linux64_1.15.0.201708311556/tools/compiler/bin/../lib/gcc/arm-none-eabi/6.3.1/thumb/v7e-m/fpv4-sp/hard/crtbegin.o

.rodata         0x0000000008005860       0xe8
                0x0000000008005860                . = ALIGN (0x4)
 *(.rodata)
 .rodata        0x0000000008005860        0x8 Drivers/STM32F4xx_HAL_Driver/Src/stm32f4xx_hal_dma.o
 .rodata        0x0000000008005868       0x50 Src/freertos.o
 .rodata        0x00000000080058b8       0x18 Src/system_stm32f4xx.o
                0x00000000080058b8                AHBPrescTable
                0x00000000080058c8                APBPrescTable
 .rodata        0x00000000080058d0        0xe Src/Sensors/LIS3MDL.o
 *(.rodata*)
 *fill*         0x00000000080058de        0x2 
 .rodata.str1.4
                0x00000000080058e0        0x5 Middlewares/Third_Party/FreeRTOS/Source/tasks.o
 *fill*         0x00000000080058e5        0x3 
 .rodata.str1.4
                0x00000000080058e8       0x30 Src/freertos.o
 .rodata.str1.4
                0x0000000008005918        0xd Src/i2c.o
 *fill*         0x0000000008005925        0x3 
 .rodata.str1.4
                0x0000000008005928        0xe Src/main.o
 *fill*         0x0000000008005936        0x2 
 .rodata.str1.4
                0x0000000008005938       0x10 Src/spi.o
                                          0xd (size before relaxing)
                0x0000000008005948                . = ALIGN (0x4)

.ARM.extab
 *(.ARM.extab* .gnu.linkonce.armextab.*)

.ARM            0x0000000008005948        0x8
                0x0000000008005948                __exidx_start = .
 *(.ARM.exidx*)
 .ARM.exidx     0x0000000008005948        0x8 /home/bartek/.eclipse/org.eclipse.platform_4.7.3_155965261_linux_gtk_x86_64/plugins/fr.ac6.mcu.externaltools.arm-none.linux64_1.15.0.201708311556/tools/compiler/bin/../lib/gcc/arm-none-eabi/6.3.1/thumb/v7e-m/fpv4-sp/hard/libgcc.a(_udivmoddi4.o)
                0x0000000008005950                __exidx_end = .

.rel.dyn        0x0000000008005950        0x0
 .rel.iplt      0x0000000008005950        0x0 /home/bartek/.eclipse/org.eclipse.platform_4.7.3_155965261_linux_gtk_x86_64/plugins/fr.ac6.mcu.externaltools.arm-none.linux64_1.15.0.201708311556/tools/compiler/bin/../lib/gcc/arm-none-eabi/6.3.1/thumb/v7e-m/fpv4-sp/hard/crtbegin.o

.preinit_array  0x0000000008005950        0x0
                0x0000000008005950                PROVIDE (__preinit_array_start, .)
 *(.preinit_array*)
                0x0000000008005950                PROVIDE (__preinit_array_end, .)

.init_array     0x0000000008005950        0x4
                0x0000000008005950                PROVIDE (__init_array_start, .)
 *(SORT(.init_array.*))
 *(.init_array*)
 .init_array    0x0000000008005950        0x4 /home/bartek/.eclipse/org.eclipse.platform_4.7.3_155965261_linux_gtk_x86_64/plugins/fr.ac6.mcu.externaltools.arm-none.linux64_1.15.0.201708311556/tools/compiler/bin/../lib/gcc/arm-none-eabi/6.3.1/thumb/v7e-m/fpv4-sp/hard/crtbegin.o
                0x0000000008005954                PROVIDE (__init_array_end, .)

.fini_array     0x0000000008005954        0x4
                [!provide]                        PROVIDE (__fini_array_start, .)
 *(SORT(.fini_array.*))
 *(.fini_array*)
 .fini_array    0x0000000008005954        0x4 /home/bartek/.eclipse/org.eclipse.platform_4.7.3_155965261_linux_gtk_x86_64/plugins/fr.ac6.mcu.externaltools.arm-none.linux64_1.15.0.201708311556/tools/compiler/bin/../lib/gcc/arm-none-eabi/6.3.1/thumb/v7e-m/fpv4-sp/hard/crtbegin.o
                [!provide]                        PROVIDE (__fini_array_end, .)
                0x0000000008005958                _sidata = LOADADDR (.data)

.data           0x0000000020000000       0x18 load address 0x0000000008005958
                0x0000000020000000                . = ALIGN (0x4)
                0x0000000020000000                _sdata = .
 *(.data)
 .data          0x0000000020000000        0x8 Drivers/STM32F4xx_HAL_Driver/Src/stm32f4xx_hal.o
                0x0000000020000000                uwTickFreq
                0x0000000020000004                uwTickPrio
 .data          0x0000000020000008        0x4 Middlewares/Third_Party/FreeRTOS/Source/portable/GCC/ARM_CM4F/port.o
 .data          0x000000002000000c        0x8 Src/main.o
                0x000000002000000c                VirtAddVarTab
 .data          0x0000000020000014        0x4 Src/system_stm32f4xx.o
                0x0000000020000014                SystemCoreClock
 *(.data*)
                0x0000000020000018                . = ALIGN (0x4)
                0x0000000020000018                _edata = .
                0x0000000008005970                _siccmram = LOADADDR (.ccmram)

.jcr            0x0000000020000018        0x0 load address 0x0000000008005970
 .jcr           0x0000000020000018        0x0 /home/bartek/.eclipse/org.eclipse.platform_4.7.3_155965261_linux_gtk_x86_64/plugins/fr.ac6.mcu.externaltools.arm-none.linux64_1.15.0.201708311556/tools/compiler/bin/../lib/gcc/arm-none-eabi/6.3.1/thumb/v7e-m/fpv4-sp/hard/crtbegin.o

.igot.plt       0x0000000020000018        0x0 load address 0x0000000008005970
 .igot.plt      0x0000000020000018        0x0 /home/bartek/.eclipse/org.eclipse.platform_4.7.3_155965261_linux_gtk_x86_64/plugins/fr.ac6.mcu.externaltools.arm-none.linux64_1.15.0.201708311556/tools/compiler/bin/../lib/gcc/arm-none-eabi/6.3.1/thumb/v7e-m/fpv4-sp/hard/crtbegin.o

.ccmram         0x0000000010000000        0x0 load address 0x0000000008005970
                0x0000000010000000                . = ALIGN (0x4)
                0x0000000010000000                _sccmram = .
 *(.ccmram)
 *(.ccmram*)
                0x0000000010000000                . = ALIGN (0x4)
                0x0000000010000000                _eccmram = .
                0x0000000010000000                . = ALIGN (0x4)

.bss            0x0000000020000018     0x3f70
                0x0000000020000018                _sbss = .
                0x0000000020000018                __bss_start__ = _sbss
 *(.bss)
 .bss           0x0000000020000018       0x1c /home/bartek/.eclipse/org.eclipse.platform_4.7.3_155965261_linux_gtk_x86_64/plugins/fr.ac6.mcu.externaltools.arm-none.linux64_1.15.0.201708311556/tools/compiler/bin/../lib/gcc/arm-none-eabi/6.3.1/thumb/v7e-m/fpv4-sp/hard/crtbegin.o
 .bss           0x0000000020000034      0x12c Middlewares/Third_Party/FreeRTOS/Source/tasks.o
                0x0000000020000134                pxCurrentTCB
 .bss           0x0000000020000160        0x8 Middlewares/Third_Party/FreeRTOS/Source/portable/GCC/ARM_CM4F/port.o
 .bss           0x0000000020000168     0x3c18 Middlewares/Third_Party/FreeRTOS/Source/portable/MemMang/heap_4.o
 .bss           0x0000000020003d80        0x2 Src/eeprom.o
                0x0000000020003d80                DataVar
 *(.bss*)
 *(COMMON)
 *fill*         0x0000000020003d82        0x2 
 COMMON         0x0000000020003d84        0x4 Drivers/STM32F4xx_HAL_Driver/Src/stm32f4xx_hal.o
                0x0000000020003d84                uwTick
 COMMON         0x0000000020003d88       0x20 Drivers/STM32F4xx_HAL_Driver/Src/stm32f4xx_hal_flash.o
                0x0000000020003d88                pFlash
 COMMON         0x0000000020003da8       0x18 Src/I2CTask.o
                0x0000000020003da8                AccGyroDataQueueHandle
                0x0000000020003dac                yaw
                0x0000000020003db0                pitch
                0x0000000020003db4                roll
                0x0000000020003db8                MagDataQueueHandle
                0x0000000020003dbc                I2CMutex
 COMMON         0x0000000020003dc0       0x10 Src/freertos.o
                0x0000000020003dc0                defaultTaskHandle
                0x0000000020003dc4                MagTaskHandle
                0x0000000020003dc8                DebugLEDTaskHandle
                0x0000000020003dcc                AccGyroTaskHandle
 COMMON         0x0000000020003dd0      0x114 Src/i2c.o
                0x0000000020003dd0                hdma_i2c1_tx
                0x0000000020003e30                hi2c1
                0x0000000020003e84                hdma_i2c1_rx
 COMMON         0x0000000020003ee4       0x58 Src/spi.o
                0x0000000020003ee4                hspi1
 COMMON         0x0000000020003f3c       0x3c Src/stm32f4xx_hal_timebase_TIM.o
                0x0000000020003f3c                htim3
 COMMON         0x0000000020003f78        0xe Src/Sensors/LIS3MDL.o
                0x0000000020003f78                calData
                0x0000000020003f80                magBias
                0x0000000020003f88                . = ALIGN (0x4)
 *fill*         0x0000000020003f86        0x2 
                0x0000000020003f88                _ebss = .
                0x0000000020003f88                __bss_end__ = _ebss

._user_heap_stack
                0x0000000020003f88      0x600
                0x0000000020003f88                . = ALIGN (0x8)
                [!provide]                        PROVIDE (end, .)
                [!provide]                        PROVIDE (_end, .)
                0x0000000020004188                . = (. + _Min_Heap_Size)
 *fill*         0x0000000020003f88      0x200 
                0x0000000020004588                . = (. + _Min_Stack_Size)
 *fill*         0x0000000020004188      0x400 
                0x0000000020004588                . = ALIGN (0x8)

/DISCARD/
 libc.a(*)
 libm.a(*)
 libgcc.a(*)

.ARM.attributes
                0x0000000000000000       0x30
 *(.ARM.attributes)
 .ARM.attributes
                0x0000000000000000       0x22 /home/bartek/.eclipse/org.eclipse.platform_4.7.3_155965261_linux_gtk_x86_64/plugins/fr.ac6.mcu.externaltools.arm-none.linux64_1.15.0.201708311556/tools/compiler/bin/../lib/gcc/arm-none-eabi/6.3.1/thumb/v7e-m/fpv4-sp/hard/crti.o
 .ARM.attributes
                0x0000000000000022       0x34 /home/bartek/.eclipse/org.eclipse.platform_4.7.3_155965261_linux_gtk_x86_64/plugins/fr.ac6.mcu.externaltools.arm-none.linux64_1.15.0.201708311556/tools/compiler/bin/../lib/gcc/arm-none-eabi/6.3.1/thumb/v7e-m/fpv4-sp/hard/crtbegin.o
 .ARM.attributes
                0x0000000000000056       0x39 Drivers/STM32F4xx_HAL_Driver/Src/stm32f4xx_hal.o
 .ARM.attributes
                0x000000000000008f       0x39 Drivers/STM32F4xx_HAL_Driver/Src/stm32f4xx_hal_cortex.o
 .ARM.attributes
                0x00000000000000c8       0x39 Drivers/STM32F4xx_HAL_Driver/Src/stm32f4xx_hal_dma.o
 .ARM.attributes
                0x0000000000000101       0x39 Drivers/STM32F4xx_HAL_Driver/Src/stm32f4xx_hal_flash.o
 .ARM.attributes
                0x000000000000013a       0x39 Drivers/STM32F4xx_HAL_Driver/Src/stm32f4xx_hal_flash_ex.o
 .ARM.attributes
                0x0000000000000173       0x39 Drivers/STM32F4xx_HAL_Driver/Src/stm32f4xx_hal_gpio.o
 .ARM.attributes
                0x00000000000001ac       0x39 Drivers/STM32F4xx_HAL_Driver/Src/stm32f4xx_hal_i2c.o
 .ARM.attributes
                0x00000000000001e5       0x39 Drivers/STM32F4xx_HAL_Driver/Src/stm32f4xx_hal_rcc.o
 .ARM.attributes
                0x000000000000021e       0x39 Drivers/STM32F4xx_HAL_Driver/Src/stm32f4xx_hal_spi.o
 .ARM.attributes
                0x0000000000000257       0x39 Drivers/STM32F4xx_HAL_Driver/Src/stm32f4xx_hal_tim.o
 .ARM.attributes
                0x0000000000000290       0x39 Drivers/STM32F4xx_HAL_Driver/Src/stm32f4xx_hal_tim_ex.o
 .ARM.attributes
                0x00000000000002c9       0x39 Middlewares/Third_Party/FreeRTOS/Source/CMSIS_RTOS/cmsis_os.o
 .ARM.attributes
                0x0000000000000302       0x39 Middlewares/Third_Party/FreeRTOS/Source/list.o
 .ARM.attributes
                0x000000000000033b       0x39 Middlewares/Third_Party/FreeRTOS/Source/queue.o
 .ARM.attributes
                0x0000000000000374       0x39 Middlewares/Third_Party/FreeRTOS/Source/tasks.o
 .ARM.attributes
                0x00000000000003ad       0x39 Middlewares/Third_Party/FreeRTOS/Source/portable/GCC/ARM_CM4F/port.o
 .ARM.attributes
                0x00000000000003e6       0x39 Middlewares/Third_Party/FreeRTOS/Source/portable/MemMang/heap_4.o
 .ARM.attributes
                0x000000000000041f       0x39 Src/I2CTask.o
 .ARM.attributes
                0x0000000000000458       0x39 Src/dma.o
 .ARM.attributes
                0x0000000000000491       0x39 Src/eeprom.o
 .ARM.attributes
                0x00000000000004ca       0x39 Src/freertos.o
 .ARM.attributes
                0x0000000000000503       0x39 Src/gpio.o
 .ARM.attributes
                0x000000000000053c       0x39 Src/i2c.o
 .ARM.attributes
                0x0000000000000575       0x39 Src/main.o
 .ARM.attributes
                0x00000000000005ae       0x39 Src/spi.o
 .ARM.attributes
                0x00000000000005e7       0x39 Src/stm32f4xx_hal_msp.o
 .ARM.attributes
                0x0000000000000620       0x39 Src/stm32f4xx_hal_timebase_TIM.o
 .ARM.attributes
                0x0000000000000659       0x39 Src/stm32f4xx_it.o
 .ARM.attributes
                0x0000000000000692       0x39 Src/system_stm32f4xx.o
 .ARM.attributes
                0x00000000000006cb       0x39 Src/Sensors/LIS3MDL.o
 .ARM.attributes
                0x0000000000000704       0x39 Src/Sensors/LSM6DS33.o
 .ARM.attributes
                0x000000000000073d       0x21 startup/startup_stm32f407xx.o
 .ARM.attributes
                0x000000000000075e       0x22 /home/bartek/.eclipse/org.eclipse.platform_4.7.3_155965261_linux_gtk_x86_64/plugins/fr.ac6.mcu.externaltools.arm-none.linux64_1.15.0.201708311556/tools/compiler/bin/../lib/gcc/arm-none-eabi/6.3.1/thumb/v7e-m/fpv4-sp/hard/libgcc.a(_aeabi_uldivmod.o)
 .ARM.attributes
                0x0000000000000780       0x34 /home/bartek/.eclipse/org.eclipse.platform_4.7.3_155965261_linux_gtk_x86_64/plugins/fr.ac6.mcu.externaltools.arm-none.linux64_1.15.0.201708311556/tools/compiler/bin/../lib/gcc/arm-none-eabi/6.3.1/thumb/v7e-m/fpv4-sp/hard/libgcc.a(_udivmoddi4.o)
 .ARM.attributes
                0x00000000000007b4       0x22 /home/bartek/.eclipse/org.eclipse.platform_4.7.3_155965261_linux_gtk_x86_64/plugins/fr.ac6.mcu.externaltools.arm-none.linux64_1.15.0.201708311556/tools/compiler/bin/../lib/gcc/arm-none-eabi/6.3.1/thumb/v7e-m/fpv4-sp/hard/libgcc.a(_dvmd_tls.o)
 .ARM.attributes
                0x00000000000007d6       0x34 /home/bartek/.eclipse/org.eclipse.platform_4.7.3_155965261_linux_gtk_x86_64/plugins/fr.ac6.mcu.externaltools.arm-none.linux64_1.15.0.201708311556/tools/compiler/bin/../lib/gcc/arm-none-eabi/6.3.1/../../../../arm-none-eabi/lib/thumb/v7e-m/fpv4-sp/hard/libc_nano.a(lib_a-init.o)
 .ARM.attributes
                0x000000000000080a       0x34 /home/bartek/.eclipse/org.eclipse.platform_4.7.3_155965261_linux_gtk_x86_64/plugins/fr.ac6.mcu.externaltools.arm-none.linux64_1.15.0.201708311556/tools/compiler/bin/../lib/gcc/arm-none-eabi/6.3.1/../../../../arm-none-eabi/lib/thumb/v7e-m/fpv4-sp/hard/libc_nano.a(lib_a-memcpy-stub.o)
 .ARM.attributes
                0x000000000000083e       0x22 /home/bartek/.eclipse/org.eclipse.platform_4.7.3_155965261_linux_gtk_x86_64/plugins/fr.ac6.mcu.externaltools.arm-none.linux64_1.15.0.201708311556/tools/compiler/bin/../lib/gcc/arm-none-eabi/6.3.1/thumb/v7e-m/fpv4-sp/hard/crtn.o
OUTPUT(sensors-rtos2.elf elf32-littlearm)

.debug_info     0x0000000000000000    0x2b70f
 .debug_info    0x0000000000000000     0x11dc Drivers/STM32F4xx_HAL_Driver/Src/stm32f4xx_hal.o
 .debug_info    0x00000000000011dc     0x175a Drivers/STM32F4xx_HAL_Driver/Src/stm32f4xx_hal_cortex.o
 .debug_info    0x0000000000002936     0x127c Drivers/STM32F4xx_HAL_Driver/Src/stm32f4xx_hal_dma.o
 .debug_info    0x0000000000003bb2      0xf7d Drivers/STM32F4xx_HAL_Driver/Src/stm32f4xx_hal_flash.o
 .debug_info    0x0000000000004b2f     0x1023 Drivers/STM32F4xx_HAL_Driver/Src/stm32f4xx_hal_flash_ex.o
 .debug_info    0x0000000000005b52      0xf97 Drivers/STM32F4xx_HAL_Driver/Src/stm32f4xx_hal_gpio.o
 .debug_info    0x0000000000006ae9     0x36e2 Drivers/STM32F4xx_HAL_Driver/Src/stm32f4xx_hal_i2c.o
 .debug_info    0x000000000000a1cb     0x125f Drivers/STM32F4xx_HAL_Driver/Src/stm32f4xx_hal_rcc.o
 .debug_info    0x000000000000b42a     0x220a Drivers/STM32F4xx_HAL_Driver/Src/stm32f4xx_hal_spi.o
 .debug_info    0x000000000000d634     0x3684 Drivers/STM32F4xx_HAL_Driver/Src/stm32f4xx_hal_tim.o
 .debug_info    0x0000000000010cb8     0x1b26 Drivers/STM32F4xx_HAL_Driver/Src/stm32f4xx_hal_tim_ex.o
 .debug_info    0x00000000000127de     0x2377 Middlewares/Third_Party/FreeRTOS/Source/CMSIS_RTOS/cmsis_os.o
 .debug_info    0x0000000000014b55      0xb56 Middlewares/Third_Party/FreeRTOS/Source/list.o
 .debug_info    0x00000000000156ab     0x1ffd Middlewares/Third_Party/FreeRTOS/Source/queue.o
 .debug_info    0x00000000000176a8     0x298e Middlewares/Third_Party/FreeRTOS/Source/tasks.o
 .debug_info    0x000000000001a036      0xdb4 Middlewares/Third_Party/FreeRTOS/Source/portable/GCC/ARM_CM4F/port.o
 .debug_info    0x000000000001adea      0xce4 Middlewares/Third_Party/FreeRTOS/Source/portable/MemMang/heap_4.o
 .debug_info    0x000000000001bace     0x119e Src/I2CTask.o
 .debug_info    0x000000000001cc6c      0xdc0 Src/dma.o
 .debug_info    0x000000000001da2c     0x1154 Src/eeprom.o
 .debug_info    0x000000000001eb80      0xb66 Src/freertos.o
 .debug_info    0x000000000001f6e6      0xf48 Src/gpio.o
 .debug_info    0x000000000002062e     0x1532 Src/i2c.o
 .debug_info    0x0000000000021b60     0x1d08 Src/main.o
 .debug_info    0x0000000000023868     0x1218 Src/spi.o
 .debug_info    0x0000000000024a80      0xc75 Src/stm32f4xx_hal_msp.o
 .debug_info    0x00000000000256f5     0x13d3 Src/stm32f4xx_hal_timebase_TIM.o
 .debug_info    0x0000000000026ac8     0x11b6 Src/stm32f4xx_it.o
 .debug_info    0x0000000000027c7e      0xd30 Src/system_stm32f4xx.o
 .debug_info    0x00000000000289ae     0x16bb Src/Sensors/LIS3MDL.o
 .debug_info    0x000000000002a069     0x1637 Src/Sensors/LSM6DS33.o
 .debug_info    0x000000000002b6a0       0x6f startup/startup_stm32f407xx.o

.debug_abbrev   0x0000000000000000     0x5769
 .debug_abbrev  0x0000000000000000      0x2e3 Drivers/STM32F4xx_HAL_Driver/Src/stm32f4xx_hal.o
 .debug_abbrev  0x00000000000002e3      0x3d4 Drivers/STM32F4xx_HAL_Driver/Src/stm32f4xx_hal_cortex.o
 .debug_abbrev  0x00000000000006b7      0x328 Drivers/STM32F4xx_HAL_Driver/Src/stm32f4xx_hal_dma.o
 .debug_abbrev  0x00000000000009df      0x31f Drivers/STM32F4xx_HAL_Driver/Src/stm32f4xx_hal_flash.o
 .debug_abbrev  0x0000000000000cfe      0x317 Drivers/STM32F4xx_HAL_Driver/Src/stm32f4xx_hal_flash_ex.o
 .debug_abbrev  0x0000000000001015      0x2a5 Drivers/STM32F4xx_HAL_Driver/Src/stm32f4xx_hal_gpio.o
 .debug_abbrev  0x00000000000012ba      0x2f9 Drivers/STM32F4xx_HAL_Driver/Src/stm32f4xx_hal_i2c.o
 .debug_abbrev  0x00000000000015b3      0x331 Drivers/STM32F4xx_HAL_Driver/Src/stm32f4xx_hal_rcc.o
 .debug_abbrev  0x00000000000018e4      0x2f0 Drivers/STM32F4xx_HAL_Driver/Src/stm32f4xx_hal_spi.o
 .debug_abbrev  0x0000000000001bd4      0x2dc Drivers/STM32F4xx_HAL_Driver/Src/stm32f4xx_hal_tim.o
 .debug_abbrev  0x0000000000001eb0      0x2dc Drivers/STM32F4xx_HAL_Driver/Src/stm32f4xx_hal_tim_ex.o
 .debug_abbrev  0x000000000000218c      0x3d7 Middlewares/Third_Party/FreeRTOS/Source/CMSIS_RTOS/cmsis_os.o
 .debug_abbrev  0x0000000000002563      0x223 Middlewares/Third_Party/FreeRTOS/Source/list.o
 .debug_abbrev  0x0000000000002786      0x37f Middlewares/Third_Party/FreeRTOS/Source/queue.o
 .debug_abbrev  0x0000000000002b05      0x3cd Middlewares/Third_Party/FreeRTOS/Source/tasks.o
 .debug_abbrev  0x0000000000002ed2      0x325 Middlewares/Third_Party/FreeRTOS/Source/portable/GCC/ARM_CM4F/port.o
 .debug_abbrev  0x00000000000031f7      0x31f Middlewares/Third_Party/FreeRTOS/Source/portable/MemMang/heap_4.o
 .debug_abbrev  0x0000000000003516      0x290 Src/I2CTask.o
 .debug_abbrev  0x00000000000037a6      0x232 Src/dma.o
 .debug_abbrev  0x00000000000039d8      0x2ae Src/eeprom.o
 .debug_abbrev  0x0000000000003c86      0x23d Src/freertos.o
 .debug_abbrev  0x0000000000003ec3      0x229 Src/gpio.o
 .debug_abbrev  0x00000000000040ec      0x27b Src/i2c.o
 .debug_abbrev  0x0000000000004367      0x322 Src/main.o
 .debug_abbrev  0x0000000000004689      0x256 Src/spi.o
 .debug_abbrev  0x00000000000048df      0x209 Src/stm32f4xx_hal_msp.o
 .debug_abbrev  0x0000000000004ae8      0x295 Src/stm32f4xx_hal_timebase_TIM.o
 .debug_abbrev  0x0000000000004d7d      0x205 Src/stm32f4xx_it.o
 .debug_abbrev  0x0000000000004f82      0x205 Src/system_stm32f4xx.o
 .debug_abbrev  0x0000000000005187      0x2f7 Src/Sensors/LIS3MDL.o
 .debug_abbrev  0x000000000000547e      0x2d9 Src/Sensors/LSM6DS33.o
 .debug_abbrev  0x0000000000005757       0x12 startup/startup_stm32f407xx.o

.debug_loc      0x0000000000000000     0xf6f8
 .debug_loc     0x0000000000000000      0x108 Drivers/STM32F4xx_HAL_Driver/Src/stm32f4xx_hal.o
 .debug_loc     0x0000000000000108      0x5ce Drivers/STM32F4xx_HAL_Driver/Src/stm32f4xx_hal_cortex.o
 .debug_loc     0x00000000000006d6      0xae1 Drivers/STM32F4xx_HAL_Driver/Src/stm32f4xx_hal_dma.o
 .debug_loc     0x00000000000011b7      0x2df Drivers/STM32F4xx_HAL_Driver/Src/stm32f4xx_hal_flash.o
 .debug_loc     0x0000000000001496      0x54c Drivers/STM32F4xx_HAL_Driver/Src/stm32f4xx_hal_flash_ex.o
 .debug_loc     0x00000000000019e2      0x3fd Drivers/STM32F4xx_HAL_Driver/Src/stm32f4xx_hal_gpio.o
 .debug_loc     0x0000000000001ddf     0x3198 Drivers/STM32F4xx_HAL_Driver/Src/stm32f4xx_hal_i2c.o
 .debug_loc     0x0000000000004f77      0x3e6 Drivers/STM32F4xx_HAL_Driver/Src/stm32f4xx_hal_rcc.o
 .debug_loc     0x000000000000535d     0x1984 Drivers/STM32F4xx_HAL_Driver/Src/stm32f4xx_hal_spi.o
 .debug_loc     0x0000000000006ce1     0x34bc Drivers/STM32F4xx_HAL_Driver/Src/stm32f4xx_hal_tim.o
 .debug_loc     0x000000000000a19d      0xe78 Drivers/STM32F4xx_HAL_Driver/Src/stm32f4xx_hal_tim_ex.o
 .debug_loc     0x000000000000b015      0xfe2 Middlewares/Third_Party/FreeRTOS/Source/CMSIS_RTOS/cmsis_os.o
 .debug_loc     0x000000000000bff7       0x70 Middlewares/Third_Party/FreeRTOS/Source/list.o
 .debug_loc     0x000000000000c067      0xe4e Middlewares/Third_Party/FreeRTOS/Source/queue.o
 .debug_loc     0x000000000000ceb5     0x14e6 Middlewares/Third_Party/FreeRTOS/Source/tasks.o
 .debug_loc     0x000000000000e39b      0x104 Middlewares/Third_Party/FreeRTOS/Source/portable/GCC/ARM_CM4F/port.o
 .debug_loc     0x000000000000e49f      0x291 Middlewares/Third_Party/FreeRTOS/Source/portable/MemMang/heap_4.o
 .debug_loc     0x000000000000e730       0x63 Src/I2CTask.o
 .debug_loc     0x000000000000e793      0x98f Src/eeprom.o
 .debug_loc     0x000000000000f122       0x21 Src/freertos.o
 .debug_loc     0x000000000000f143       0x4a Src/i2c.o
 .debug_loc     0x000000000000f18d       0x3a Src/main.o
 .debug_loc     0x000000000000f1c7       0x5b Src/spi.o
 .debug_loc     0x000000000000f222       0x6a Src/stm32f4xx_hal_timebase_TIM.o
 .debug_loc     0x000000000000f28c      0x13e Src/system_stm32f4xx.o
 .debug_loc     0x000000000000f3ca      0x1a0 Src/Sensors/LIS3MDL.o
 .debug_loc     0x000000000000f56a      0x18e Src/Sensors/LSM6DS33.o

.debug_aranges  0x0000000000000000     0x1588
 .debug_aranges
                0x0000000000000000       0xe0 Drivers/STM32F4xx_HAL_Driver/Src/stm32f4xx_hal.o
 .debug_aranges
                0x00000000000000e0       0xa8 Drivers/STM32F4xx_HAL_Driver/Src/stm32f4xx_hal_cortex.o
 .debug_aranges
                0x0000000000000188       0x90 Drivers/STM32F4xx_HAL_Driver/Src/stm32f4xx_hal_dma.o
 .debug_aranges
                0x0000000000000218       0xa0 Drivers/STM32F4xx_HAL_Driver/Src/stm32f4xx_hal_flash.o
 .debug_aranges
                0x00000000000002b8       0x98 Drivers/STM32F4xx_HAL_Driver/Src/stm32f4xx_hal_flash_ex.o
 .debug_aranges
                0x0000000000000350       0x58 Drivers/STM32F4xx_HAL_Driver/Src/stm32f4xx_hal_gpio.o
 .debug_aranges
                0x00000000000003a8      0x268 Drivers/STM32F4xx_HAL_Driver/Src/stm32f4xx_hal_i2c.o
 .debug_aranges
                0x0000000000000610       0x88 Drivers/STM32F4xx_HAL_Driver/Src/stm32f4xx_hal_rcc.o
 .debug_aranges
                0x0000000000000698      0x1c8 Drivers/STM32F4xx_HAL_Driver/Src/stm32f4xx_hal_spi.o
 .debug_aranges
                0x0000000000000860      0x368 Drivers/STM32F4xx_HAL_Driver/Src/stm32f4xx_hal_tim.o
 .debug_aranges
                0x0000000000000bc8      0x140 Drivers/STM32F4xx_HAL_Driver/Src/stm32f4xx_hal_tim_ex.o
 .debug_aranges
                0x0000000000000d08      0x1d8 Middlewares/Third_Party/FreeRTOS/Source/CMSIS_RTOS/cmsis_os.o
 .debug_aranges
                0x0000000000000ee0       0x40 Middlewares/Third_Party/FreeRTOS/Source/list.o
 .debug_aranges
                0x0000000000000f20       0xe0 Middlewares/Third_Party/FreeRTOS/Source/queue.o
 .debug_aranges
                0x0000000000001000      0x190 Middlewares/Third_Party/FreeRTOS/Source/tasks.o
 .debug_aranges
                0x0000000000001190       0x80 Middlewares/Third_Party/FreeRTOS/Source/portable/GCC/ARM_CM4F/port.o
 .debug_aranges
                0x0000000000001210       0x50 Middlewares/Third_Party/FreeRTOS/Source/portable/MemMang/heap_4.o
 .debug_aranges
                0x0000000000001260       0x30 Src/I2CTask.o
 .debug_aranges
                0x0000000000001290       0x20 Src/dma.o
 .debug_aranges
                0x00000000000012b0       0x58 Src/eeprom.o
 .debug_aranges
                0x0000000000001308       0x28 Src/freertos.o
 .debug_aranges
                0x0000000000001330       0x20 Src/gpio.o
 .debug_aranges
                0x0000000000001350       0x30 Src/i2c.o
 .debug_aranges
                0x0000000000001380       0x40 Src/main.o
 .debug_aranges
                0x00000000000013c0       0x30 Src/spi.o
 .debug_aranges
                0x00000000000013f0       0x20 Src/stm32f4xx_hal_msp.o
 .debug_aranges
                0x0000000000001410       0x30 Src/stm32f4xx_hal_timebase_TIM.o
 .debug_aranges
                0x0000000000001440       0x48 Src/stm32f4xx_it.o
 .debug_aranges
                0x0000000000001488       0x28 Src/system_stm32f4xx.o
 .debug_aranges
                0x00000000000014b0       0x58 Src/Sensors/LIS3MDL.o
 .debug_aranges
                0x0000000000001508       0x58 Src/Sensors/LSM6DS33.o
 .debug_aranges
                0x0000000000001560       0x28 startup/startup_stm32f407xx.o

.debug_ranges   0x0000000000000000     0x1558
 .debug_ranges  0x0000000000000000       0xd0 Drivers/STM32F4xx_HAL_Driver/Src/stm32f4xx_hal.o
 .debug_ranges  0x00000000000000d0       0xf8 Drivers/STM32F4xx_HAL_Driver/Src/stm32f4xx_hal_cortex.o
 .debug_ranges  0x00000000000001c8       0x80 Drivers/STM32F4xx_HAL_Driver/Src/stm32f4xx_hal_dma.o
 .debug_ranges  0x0000000000000248       0x90 Drivers/STM32F4xx_HAL_Driver/Src/stm32f4xx_hal_flash.o
 .debug_ranges  0x00000000000002d8       0x88 Drivers/STM32F4xx_HAL_Driver/Src/stm32f4xx_hal_flash_ex.o
 .debug_ranges  0x0000000000000360       0x48 Drivers/STM32F4xx_HAL_Driver/Src/stm32f4xx_hal_gpio.o
 .debug_ranges  0x00000000000003a8      0x258 Drivers/STM32F4xx_HAL_Driver/Src/stm32f4xx_hal_i2c.o
 .debug_ranges  0x0000000000000600       0x90 Drivers/STM32F4xx_HAL_Driver/Src/stm32f4xx_hal_rcc.o
 .debug_ranges  0x0000000000000690      0x1b8 Drivers/STM32F4xx_HAL_Driver/Src/stm32f4xx_hal_spi.o
 .debug_ranges  0x0000000000000848      0x358 Drivers/STM32F4xx_HAL_Driver/Src/stm32f4xx_hal_tim.o
 .debug_ranges  0x0000000000000ba0      0x130 Drivers/STM32F4xx_HAL_Driver/Src/stm32f4xx_hal_tim_ex.o
 .debug_ranges  0x0000000000000cd0      0x1c8 Middlewares/Third_Party/FreeRTOS/Source/CMSIS_RTOS/cmsis_os.o
 .debug_ranges  0x0000000000000e98       0x30 Middlewares/Third_Party/FreeRTOS/Source/list.o
 .debug_ranges  0x0000000000000ec8      0x180 Middlewares/Third_Party/FreeRTOS/Source/queue.o
 .debug_ranges  0x0000000000001048      0x208 Middlewares/Third_Party/FreeRTOS/Source/tasks.o
 .debug_ranges  0x0000000000001250       0x88 Middlewares/Third_Party/FreeRTOS/Source/portable/GCC/ARM_CM4F/port.o
 .debug_ranges  0x00000000000012d8       0x40 Middlewares/Third_Party/FreeRTOS/Source/portable/MemMang/heap_4.o
 .debug_ranges  0x0000000000001318       0x20 Src/I2CTask.o
 .debug_ranges  0x0000000000001338       0x10 Src/dma.o
 .debug_ranges  0x0000000000001348       0x48 Src/eeprom.o
 .debug_ranges  0x0000000000001390       0x18 Src/freertos.o
 .debug_ranges  0x00000000000013a8       0x10 Src/gpio.o
 .debug_ranges  0x00000000000013b8       0x20 Src/i2c.o
 .debug_ranges  0x00000000000013d8       0x30 Src/main.o
 .debug_ranges  0x0000000000001408       0x20 Src/spi.o
 .debug_ranges  0x0000000000001428       0x10 Src/stm32f4xx_hal_msp.o
 .debug_ranges  0x0000000000001438       0x20 Src/stm32f4xx_hal_timebase_TIM.o
 .debug_ranges  0x0000000000001458       0x38 Src/stm32f4xx_it.o
 .debug_ranges  0x0000000000001490       0x18 Src/system_stm32f4xx.o
 .debug_ranges  0x00000000000014a8       0x48 Src/Sensors/LIS3MDL.o
 .debug_ranges  0x00000000000014f0       0x48 Src/Sensors/LSM6DS33.o
 .debug_ranges  0x0000000000001538       0x20 startup/startup_stm32f407xx.o

.debug_macro    0x0000000000000000    0x27c21
 .debug_macro   0x0000000000000000      0x398 Drivers/STM32F4xx_HAL_Driver/Src/stm32f4xx_hal.o
 .debug_macro   0x0000000000000398      0x8bc Drivers/STM32F4xx_HAL_Driver/Src/stm32f4xx_hal.o
 .debug_macro   0x0000000000000c54      0x198 Drivers/STM32F4xx_HAL_Driver/Src/stm32f4xx_hal.o
 .debug_macro   0x0000000000000dec      0x186 Drivers/STM32F4xx_HAL_Driver/Src/stm32f4xx_hal.o
 .debug_macro   0x0000000000000f72       0x32 Drivers/STM32F4xx_HAL_Driver/Src/stm32f4xx_hal.o
 .debug_macro   0x0000000000000fa4       0x2f Drivers/STM32F4xx_HAL_Driver/Src/stm32f4xx_hal.o
 .debug_macro   0x0000000000000fd3       0x22 Drivers/STM32F4xx_HAL_Driver/Src/stm32f4xx_hal.o
 .debug_macro   0x0000000000000ff5       0x87 Drivers/STM32F4xx_HAL_Driver/Src/stm32f4xx_hal.o
 .debug_macro   0x000000000000107c       0x51 Drivers/STM32F4xx_HAL_Driver/Src/stm32f4xx_hal.o
 .debug_macro   0x00000000000010cd       0xef Drivers/STM32F4xx_HAL_Driver/Src/stm32f4xx_hal.o
 .debug_macro   0x00000000000011bc       0x6a Drivers/STM32F4xx_HAL_Driver/Src/stm32f4xx_hal.o
 .debug_macro   0x0000000000001226      0x1df Drivers/STM32F4xx_HAL_Driver/Src/stm32f4xx_hal.o
 .debug_macro   0x0000000000001405       0x35 Drivers/STM32F4xx_HAL_Driver/Src/stm32f4xx_hal.o
 .debug_macro   0x000000000000143a       0x50 Drivers/STM32F4xx_HAL_Driver/Src/stm32f4xx_hal.o
 .debug_macro   0x000000000000148a      0xe66 Drivers/STM32F4xx_HAL_Driver/Src/stm32f4xx_hal.o
 .debug_macro   0x00000000000022f0    0x15d08 Drivers/STM32F4xx_HAL_Driver/Src/stm32f4xx_hal.o
 .debug_macro   0x0000000000017ff8       0x43 Drivers/STM32F4xx_HAL_Driver/Src/stm32f4xx_hal.o
 .debug_macro   0x000000000001803b     0x3535 Drivers/STM32F4xx_HAL_Driver/Src/stm32f4xx_hal.o
 .debug_macro   0x000000000001b570       0x58 Drivers/STM32F4xx_HAL_Driver/Src/stm32f4xx_hal.o
 .debug_macro   0x000000000001b5c8       0x35 Drivers/STM32F4xx_HAL_Driver/Src/stm32f4xx_hal.o
 .debug_macro   0x000000000001b5fd       0x9c Drivers/STM32F4xx_HAL_Driver/Src/stm32f4xx_hal.o
 .debug_macro   0x000000000001b699       0x16 Drivers/STM32F4xx_HAL_Driver/Src/stm32f4xx_hal.o
 .debug_macro   0x000000000001b6af       0x97 Drivers/STM32F4xx_HAL_Driver/Src/stm32f4xx_hal.o
 .debug_macro   0x000000000001b746      0x330 Drivers/STM32F4xx_HAL_Driver/Src/stm32f4xx_hal.o
 .debug_macro   0x000000000001ba76       0xfd Drivers/STM32F4xx_HAL_Driver/Src/stm32f4xx_hal.o
 .debug_macro   0x000000000001bb73       0x10 Drivers/STM32F4xx_HAL_Driver/Src/stm32f4xx_hal.o
 .debug_macro   0x000000000001bb83       0x58 Drivers/STM32F4xx_HAL_Driver/Src/stm32f4xx_hal.o
 .debug_macro   0x000000000001bbdb       0x1f Drivers/STM32F4xx_HAL_Driver/Src/stm32f4xx_hal.o
 .debug_macro   0x000000000001bbfa       0x43 Drivers/STM32F4xx_HAL_Driver/Src/stm32f4xx_hal.o
 .debug_macro   0x000000000001bc3d       0x20 Drivers/STM32F4xx_HAL_Driver/Src/stm32f4xx_hal.o
 .debug_macro   0x000000000001bc5d      0x187 Drivers/STM32F4xx_HAL_Driver/Src/stm32f4xx_hal.o
 .debug_macro   0x000000000001bde4       0x10 Drivers/STM32F4xx_HAL_Driver/Src/stm32f4xx_hal.o
 .debug_macro   0x000000000001bdf4       0x1c Drivers/STM32F4xx_HAL_Driver/Src/stm32f4xx_hal.o
 .debug_macro   0x000000000001be10       0x52 Drivers/STM32F4xx_HAL_Driver/Src/stm32f4xx_hal.o
 .debug_macro   0x000000000001be62       0x40 Drivers/STM32F4xx_HAL_Driver/Src/stm32f4xx_hal.o
 .debug_macro   0x000000000001bea2       0x10 Drivers/STM32F4xx_HAL_Driver/Src/stm32f4xx_hal.o
 .debug_macro   0x000000000001beb2       0x40 Drivers/STM32F4xx_HAL_Driver/Src/stm32f4xx_hal.o
 .debug_macro   0x000000000001bef2       0xd7 Drivers/STM32F4xx_HAL_Driver/Src/stm32f4xx_hal.o
 .debug_macro   0x000000000001bfc9       0x16 Drivers/STM32F4xx_HAL_Driver/Src/stm32f4xx_hal.o
 .debug_macro   0x000000000001bfdf      0x18b Drivers/STM32F4xx_HAL_Driver/Src/stm32f4xx_hal.o
 .debug_macro   0x000000000001c16a       0x50 Drivers/STM32F4xx_HAL_Driver/Src/stm32f4xx_hal.o
 .debug_macro   0x000000000001c1ba      0x96b Drivers/STM32F4xx_HAL_Driver/Src/stm32f4xx_hal.o
 .debug_macro   0x000000000001cb25      0xa02 Drivers/STM32F4xx_HAL_Driver/Src/stm32f4xx_hal.o
 .debug_macro   0x000000000001d527      0x11e Drivers/STM32F4xx_HAL_Driver/Src/stm32f4xx_hal.o
 .debug_macro   0x000000000001d645      0x13e Drivers/STM32F4xx_HAL_Driver/Src/stm32f4xx_hal.o
 .debug_macro   0x000000000001d783       0x27 Drivers/STM32F4xx_HAL_Driver/Src/stm32f4xx_hal.o
 .debug_macro   0x000000000001d7aa      0x287 Drivers/STM32F4xx_HAL_Driver/Src/stm32f4xx_hal.o
 .debug_macro   0x000000000001da31       0x5f Drivers/STM32F4xx_HAL_Driver/Src/stm32f4xx_hal.o
 .debug_macro   0x000000000001da90      0x23a Drivers/STM32F4xx_HAL_Driver/Src/stm32f4xx_hal.o
 .debug_macro   0x000000000001dcca      0x133 Drivers/STM32F4xx_HAL_Driver/Src/stm32f4xx_hal.o
 .debug_macro   0x000000000001ddfd      0x21e Drivers/STM32F4xx_HAL_Driver/Src/stm32f4xx_hal.o
 .debug_macro   0x000000000001e01b       0x2e Drivers/STM32F4xx_HAL_Driver/Src/stm32f4xx_hal.o
 .debug_macro   0x000000000001e049      0x1a7 Drivers/STM32F4xx_HAL_Driver/Src/stm32f4xx_hal.o
 .debug_macro   0x000000000001e1f0       0xa5 Drivers/STM32F4xx_HAL_Driver/Src/stm32f4xx_hal.o
 .debug_macro   0x000000000001e295      0x11e Drivers/STM32F4xx_HAL_Driver/Src/stm32f4xx_hal.o
 .debug_macro   0x000000000001e3b3       0x7f Drivers/STM32F4xx_HAL_Driver/Src/stm32f4xx_hal.o
 .debug_macro   0x000000000001e432       0x89 Drivers/STM32F4xx_HAL_Driver/Src/stm32f4xx_hal.o
 .debug_macro   0x000000000001e4bb      0x202 Drivers/STM32F4xx_HAL_Driver/Src/stm32f4xx_hal.o
 .debug_macro   0x000000000001e6bd      0x6e0 Drivers/STM32F4xx_HAL_Driver/Src/stm32f4xx_hal.o
 .debug_macro   0x000000000001ed9d       0x59 Drivers/STM32F4xx_HAL_Driver/Src/stm32f4xx_hal.o
 .debug_macro   0x000000000001edf6      0x14d Drivers/STM32F4xx_HAL_Driver/Src/stm32f4xx_hal.o
 .debug_macro   0x000000000001ef43      0x134 Drivers/STM32F4xx_HAL_Driver/Src/stm32f4xx_hal.o
 .debug_macro   0x000000000001f077      0x338 Drivers/STM32F4xx_HAL_Driver/Src/stm32f4xx_hal_cortex.o
 .debug_macro   0x000000000001f3af      0x33f Drivers/STM32F4xx_HAL_Driver/Src/stm32f4xx_hal_dma.o
 .debug_macro   0x000000000001f6ee      0x33e Drivers/STM32F4xx_HAL_Driver/Src/stm32f4xx_hal_flash.o
 .debug_macro   0x000000000001fa2c      0x33e Drivers/STM32F4xx_HAL_Driver/Src/stm32f4xx_hal_flash_ex.o
 .debug_macro   0x000000000001fd6a      0x370 Drivers/STM32F4xx_HAL_Driver/Src/stm32f4xx_hal_gpio.o
 .debug_macro   0x00000000000200da      0x378 Drivers/STM32F4xx_HAL_Driver/Src/stm32f4xx_hal_i2c.o
 .debug_macro   0x0000000000020452      0x35c Drivers/STM32F4xx_HAL_Driver/Src/stm32f4xx_hal_rcc.o
 .debug_macro   0x00000000000207ae      0x340 Drivers/STM32F4xx_HAL_Driver/Src/stm32f4xx_hal_spi.o
 .debug_macro   0x0000000000020aee      0x338 Drivers/STM32F4xx_HAL_Driver/Src/stm32f4xx_hal_tim.o
 .debug_macro   0x0000000000020e26      0x338 Drivers/STM32F4xx_HAL_Driver/Src/stm32f4xx_hal_tim_ex.o
 .debug_macro   0x000000000002115e      0x422 Middlewares/Third_Party/FreeRTOS/Source/CMSIS_RTOS/cmsis_os.o
 .debug_macro   0x0000000000021580       0x52 Middlewares/Third_Party/FreeRTOS/Source/CMSIS_RTOS/cmsis_os.o
 .debug_macro   0x00000000000215d2       0x8d Middlewares/Third_Party/FreeRTOS/Source/CMSIS_RTOS/cmsis_os.o
 .debug_macro   0x000000000002165f      0x174 Middlewares/Third_Party/FreeRTOS/Source/CMSIS_RTOS/cmsis_os.o
 .debug_macro   0x00000000000217d3       0x57 Middlewares/Third_Party/FreeRTOS/Source/CMSIS_RTOS/cmsis_os.o
 .debug_macro   0x000000000002182a       0x10 Middlewares/Third_Party/FreeRTOS/Source/CMSIS_RTOS/cmsis_os.o
 .debug_macro   0x000000000002183a       0x35 Middlewares/Third_Party/FreeRTOS/Source/CMSIS_RTOS/cmsis_os.o
 .debug_macro   0x000000000002186f       0x3b Middlewares/Third_Party/FreeRTOS/Source/CMSIS_RTOS/cmsis_os.o
 .debug_macro   0x00000000000218aa       0x1c Middlewares/Third_Party/FreeRTOS/Source/CMSIS_RTOS/cmsis_os.o
 .debug_macro   0x00000000000218c6       0xd2 Middlewares/Third_Party/FreeRTOS/Source/CMSIS_RTOS/cmsis_os.o
 .debug_macro   0x0000000000021998      0x168 Middlewares/Third_Party/FreeRTOS/Source/CMSIS_RTOS/cmsis_os.o
 .debug_macro   0x0000000000021b00       0xe4 Middlewares/Third_Party/FreeRTOS/Source/CMSIS_RTOS/cmsis_os.o
 .debug_macro   0x0000000000021be4       0x10 Middlewares/Third_Party/FreeRTOS/Source/CMSIS_RTOS/cmsis_os.o
 .debug_macro   0x0000000000021bf4       0x26 Middlewares/Third_Party/FreeRTOS/Source/CMSIS_RTOS/cmsis_os.o
 .debug_macro   0x0000000000021c1a      0x40f Middlewares/Third_Party/FreeRTOS/Source/CMSIS_RTOS/cmsis_os.o
 .debug_macro   0x0000000000022029       0xc0 Middlewares/Third_Party/FreeRTOS/Source/CMSIS_RTOS/cmsis_os.o
 .debug_macro   0x00000000000220e9       0x8c Middlewares/Third_Party/FreeRTOS/Source/CMSIS_RTOS/cmsis_os.o
 .debug_macro   0x0000000000022175       0x91 Middlewares/Third_Party/FreeRTOS/Source/CMSIS_RTOS/cmsis_os.o
 .debug_macro   0x0000000000022206       0x94 Middlewares/Third_Party/FreeRTOS/Source/CMSIS_RTOS/cmsis_os.o
 .debug_macro   0x000000000002229a       0x63 Middlewares/Third_Party/FreeRTOS/Source/CMSIS_RTOS/cmsis_os.o
 .debug_macro   0x00000000000222fd       0x19 Middlewares/Third_Party/FreeRTOS/Source/CMSIS_RTOS/cmsis_os.o
 .debug_macro   0x0000000000022316       0xcf Middlewares/Third_Party/FreeRTOS/Source/CMSIS_RTOS/cmsis_os.o
 .debug_macro   0x00000000000223e5      0x3bf Middlewares/Third_Party/FreeRTOS/Source/list.o
 .debug_macro   0x00000000000227a4      0x43b Middlewares/Third_Party/FreeRTOS/Source/queue.o
 .debug_macro   0x0000000000022bdf       0x16 Middlewares/Third_Party/FreeRTOS/Source/queue.o
 .debug_macro   0x0000000000022bf5      0x49e Middlewares/Third_Party/FreeRTOS/Source/tasks.o
 .debug_macro   0x0000000000023093       0x11 Middlewares/Third_Party/FreeRTOS/Source/tasks.o
 .debug_macro   0x00000000000230a4      0x473 Middlewares/Third_Party/FreeRTOS/Source/portable/GCC/ARM_CM4F/port.o
 .debug_macro   0x0000000000023517      0x3e6 Middlewares/Third_Party/FreeRTOS/Source/portable/MemMang/heap_4.o
 .debug_macro   0x00000000000238fd      0x45b Src/I2CTask.o
 .debug_macro   0x0000000000023d58       0xd8 Src/I2CTask.o
 .debug_macro   0x0000000000023e30       0xdc Src/I2CTask.o
 .debug_macro   0x0000000000023f0c       0x22 Src/I2CTask.o
 .debug_macro   0x0000000000023f2e      0x220 Src/I2CTask.o
 .debug_macro   0x000000000002414e      0x1e1 Src/I2CTask.o
 .debug_macro   0x000000000002432f      0x6cd Src/I2CTask.o
 .debug_macro   0x00000000000249fc      0x342 Src/dma.o
 .debug_macro   0x0000000000024d3e      0x347 Src/eeprom.o
 .debug_macro   0x0000000000025085       0xd6 Src/eeprom.o
 .debug_macro   0x000000000002515b      0x3f1 Src/freertos.o
 .debug_macro   0x000000000002554c      0x342 Src/gpio.o
 .debug_macro   0x000000000002588e      0x356 Src/i2c.o
 .debug_macro   0x0000000000025be4      0x47e Src/main.o
 .debug_macro   0x0000000000026062      0x34c Src/spi.o
 .debug_macro   0x00000000000263ae      0x338 Src/stm32f4xx_hal_msp.o
 .debug_macro   0x00000000000266e6      0x338 Src/stm32f4xx_hal_timebase_TIM.o
 .debug_macro   0x0000000000026a1e      0x3f6 Src/stm32f4xx_it.o
 .debug_macro   0x0000000000026e14      0x343 Src/system_stm32f4xx.o
 .debug_macro   0x0000000000027157      0x455 Src/Sensors/LIS3MDL.o
 .debug_macro   0x00000000000275ac      0x44f Src/Sensors/LSM6DS33.o
 .debug_macro   0x00000000000279fb      0x226 Src/Sensors/LSM6DS33.o

.debug_line     0x0000000000000000    0x181bd
 .debug_line    0x0000000000000000      0xa80 Drivers/STM32F4xx_HAL_Driver/Src/stm32f4xx_hal.o
 .debug_line    0x0000000000000a80      0xabc Drivers/STM32F4xx_HAL_Driver/Src/stm32f4xx_hal_cortex.o
 .debug_line    0x000000000000153c      0xbc5 Drivers/STM32F4xx_HAL_Driver/Src/stm32f4xx_hal_dma.o
 .debug_line    0x0000000000002101      0xaa1 Drivers/STM32F4xx_HAL_Driver/Src/stm32f4xx_hal_flash.o
 .debug_line    0x0000000000002ba2      0xa82 Drivers/STM32F4xx_HAL_Driver/Src/stm32f4xx_hal_flash_ex.o
 .debug_line    0x0000000000003624      0xa30 Drivers/STM32F4xx_HAL_Driver/Src/stm32f4xx_hal_gpio.o
 .debug_line    0x0000000000004054     0x1a5d Drivers/STM32F4xx_HAL_Driver/Src/stm32f4xx_hal_i2c.o
 .debug_line    0x0000000000005ab1      0xb0c Drivers/STM32F4xx_HAL_Driver/Src/stm32f4xx_hal_rcc.o
 .debug_line    0x00000000000065bd     0x128c Drivers/STM32F4xx_HAL_Driver/Src/stm32f4xx_hal_spi.o
 .debug_line    0x0000000000007849     0x19d1 Drivers/STM32F4xx_HAL_Driver/Src/stm32f4xx_hal_tim.o
 .debug_line    0x000000000000921a      0xe5c Drivers/STM32F4xx_HAL_Driver/Src/stm32f4xx_hal_tim_ex.o
 .debug_line    0x000000000000a076     0x1084 Middlewares/Third_Party/FreeRTOS/Source/CMSIS_RTOS/cmsis_os.o
 .debug_line    0x000000000000b0fa      0xa8a Middlewares/Third_Party/FreeRTOS/Source/list.o
 .debug_line    0x000000000000bb84      0xfa3 Middlewares/Third_Party/FreeRTOS/Source/queue.o
 .debug_line    0x000000000000cb27     0x12f7 Middlewares/Third_Party/FreeRTOS/Source/tasks.o
 .debug_line    0x000000000000de1e      0xb72 Middlewares/Third_Party/FreeRTOS/Source/portable/GCC/ARM_CM4F/port.o
 .debug_line    0x000000000000e990      0xb3c Middlewares/Third_Party/FreeRTOS/Source/portable/MemMang/heap_4.o
 .debug_line    0x000000000000f4cc      0xb4a Src/I2CTask.o
 .debug_line    0x0000000000010016      0x89f Src/dma.o
 .debug_line    0x00000000000108b5      0xa4b Src/eeprom.o
 .debug_line    0x0000000000011300      0xa96 Src/freertos.o
 .debug_line    0x0000000000011d96      0x8fa Src/gpio.o
 .debug_line    0x0000000000012690      0x90a Src/i2c.o
 .debug_line    0x0000000000012f9a      0xba6 Src/main.o
 .debug_line    0x0000000000013b40      0x8e6 Src/spi.o
 .debug_line    0x0000000000014426      0x8a5 Src/stm32f4xx_hal_msp.o
 .debug_line    0x0000000000014ccb      0x8d8 Src/stm32f4xx_hal_timebase_TIM.o
 .debug_line    0x00000000000155a3      0xadf Src/stm32f4xx_it.o
 .debug_line    0x0000000000016082      0x8d0 Src/system_stm32f4xx.o
 .debug_line    0x0000000000016952      0xc27 Src/Sensors/LIS3MDL.o
 .debug_line    0x0000000000017579      0xbc5 Src/Sensors/LSM6DS33.o
 .debug_line    0x000000000001813e       0x7f startup/startup_stm32f407xx.o

.debug_str      0x0000000000000000    0xcf335
 .debug_str     0x0000000000000000    0xc1383 Drivers/STM32F4xx_HAL_Driver/Src/stm32f4xx_hal.o
                                      0xc178e (size before relaxing)
 .debug_str     0x00000000000c1383      0x39e Drivers/STM32F4xx_HAL_Driver/Src/stm32f4xx_hal_cortex.o
                                      0xc14d0 (size before relaxing)
 .debug_str     0x00000000000c1721      0x522 Drivers/STM32F4xx_HAL_Driver/Src/stm32f4xx_hal_dma.o
                                      0xc1045 (size before relaxing)
 .debug_str     0x00000000000c1c43      0x2d9 Drivers/STM32F4xx_HAL_Driver/Src/stm32f4xx_hal_flash.o
                                      0xc0e25 (size before relaxing)
 .debug_str     0x00000000000c1f1c      0x233 Drivers/STM32F4xx_HAL_Driver/Src/stm32f4xx_hal_flash_ex.o
                                      0xc0e7b (size before relaxing)
 .debug_str     0x00000000000c214f      0x281 Drivers/STM32F4xx_HAL_Driver/Src/stm32f4xx_hal_gpio.o
                                      0xc0e63 (size before relaxing)
 .debug_str     0x00000000000c23d0      0xccc Drivers/STM32F4xx_HAL_Driver/Src/stm32f4xx_hal_i2c.o
                                      0xc1a69 (size before relaxing)
 .debug_str     0x00000000000c309c      0x359 Drivers/STM32F4xx_HAL_Driver/Src/stm32f4xx_hal_rcc.o
                                      0xc102d (size before relaxing)
 .debug_str     0x00000000000c33f5      0x6a0 Drivers/STM32F4xx_HAL_Driver/Src/stm32f4xx_hal_spi.o
                                      0xc1449 (size before relaxing)
 .debug_str     0x00000000000c3a95      0xe82 Drivers/STM32F4xx_HAL_Driver/Src/stm32f4xx_hal_tim.o